Archive member included to satisfy reference by file (symbol)

/usr/lib/i386-linux-gnu/libc_nonshared.a(elf-init.oS)
                              /usr/lib/gcc/i686-linux-gnu/6/../../../i386-linux-gnu/Scrt1.o (__libc_csu_init)

Allocating common symbols
Common symbol       size              file

mp_state_ctx        0x1a0             build/py/mpstate.o

Discarded input sections

 .rodata        0x0000000000000000        0x4 /usr/lib/gcc/i686-linux-gnu/6/../../../i386-linux-gnu/Scrt1.o
 .data          0x0000000000000000        0x4 /usr/lib/gcc/i686-linux-gnu/6/../../../i386-linux-gnu/Scrt1.o
 .bss           0x0000000000000000        0x0 /usr/lib/gcc/i686-linux-gnu/6/../../../i386-linux-gnu/Scrt1.o
 .note.GNU-stack
                0x0000000000000000        0x0 /usr/lib/gcc/i686-linux-gnu/6/../../../i386-linux-gnu/Scrt1.o
 .text          0x0000000000000000        0x0 /usr/lib/gcc/i686-linux-gnu/6/../../../i386-linux-gnu/crti.o
 .data          0x0000000000000000        0x0 /usr/lib/gcc/i686-linux-gnu/6/../../../i386-linux-gnu/crti.o
 .bss           0x0000000000000000        0x0 /usr/lib/gcc/i686-linux-gnu/6/../../../i386-linux-gnu/crti.o
 .note.GNU-stack
                0x0000000000000000        0x0 /usr/lib/gcc/i686-linux-gnu/6/../../../i386-linux-gnu/crti.o
 .group         0x0000000000000000        0x8 /usr/lib/gcc/i686-linux-gnu/6/crtbeginS.o
 .group         0x0000000000000000        0x8 /usr/lib/gcc/i686-linux-gnu/6/crtbeginS.o
 .data          0x0000000000000000        0x0 /usr/lib/gcc/i686-linux-gnu/6/crtbeginS.o
 .text.__x86.get_pc_thunk.bx
                0x0000000000000000        0x4 /usr/lib/gcc/i686-linux-gnu/6/crtbeginS.o
 .note.GNU-stack
                0x0000000000000000        0x0 /usr/lib/gcc/i686-linux-gnu/6/crtbeginS.o
 .text          0x0000000000000000        0x0 build/py/mpstate.o
 .data          0x0000000000000000        0x0 build/py/mpstate.o
 .bss           0x0000000000000000        0x0 build/py/mpstate.o
 .note.GNU-stack
                0x0000000000000000        0x0 build/py/mpstate.o
 .group         0x0000000000000000        0x8 build/py/nlr.o
 .text          0x0000000000000000        0x0 build/py/nlr.o
 .data          0x0000000000000000        0x0 build/py/nlr.o
 .bss           0x0000000000000000        0x0 build/py/nlr.o
 .note.GNU-stack
                0x0000000000000000        0x0 build/py/nlr.o
 .group         0x0000000000000000        0x8 build/py/nlrx86.o
 .text          0x0000000000000000        0x0 build/py/nlrx86.o
 .data          0x0000000000000000        0x0 build/py/nlrx86.o
 .bss           0x0000000000000000        0x0 build/py/nlrx86.o
 .text.__x86.get_pc_thunk.bx
                0x0000000000000000        0x4 build/py/nlrx86.o
 .note.GNU-stack
                0x0000000000000000        0x0 build/py/nlrx86.o
 .text          0x0000000000000000        0x0 build/py/nlrx64.o
 .data          0x0000000000000000        0x0 build/py/nlrx64.o
 .bss           0x0000000000000000        0x0 build/py/nlrx64.o
 .comment       0x0000000000000000       0x2e build/py/nlrx64.o
 .note.GNU-stack
                0x0000000000000000        0x0 build/py/nlrx64.o
 .text          0x0000000000000000        0x0 build/py/nlrthumb.o
 .data          0x0000000000000000        0x0 build/py/nlrthumb.o
 .bss           0x0000000000000000        0x0 build/py/nlrthumb.o
 .comment       0x0000000000000000       0x2e build/py/nlrthumb.o
 .note.GNU-stack
                0x0000000000000000        0x0 build/py/nlrthumb.o
 .text          0x0000000000000000        0x0 build/py/nlrxtensa.o
 .data          0x0000000000000000        0x0 build/py/nlrxtensa.o
 .bss           0x0000000000000000        0x0 build/py/nlrxtensa.o
 .comment       0x0000000000000000       0x2e build/py/nlrxtensa.o
 .note.GNU-stack
                0x0000000000000000        0x0 build/py/nlrxtensa.o
 .text          0x0000000000000000        0x0 build/py/nlrsetjmp.o
 .data          0x0000000000000000        0x0 build/py/nlrsetjmp.o
 .bss           0x0000000000000000        0x0 build/py/nlrsetjmp.o
 .comment       0x0000000000000000       0x2e build/py/nlrsetjmp.o
 .note.GNU-stack
                0x0000000000000000        0x0 build/py/nlrsetjmp.o
 .group         0x0000000000000000        0x8 build/py/malloc.o
 .text          0x0000000000000000        0x0 build/py/malloc.o
 .data          0x0000000000000000        0x0 build/py/malloc.o
 .bss           0x0000000000000000        0x0 build/py/malloc.o
 .text.__x86.get_pc_thunk.bx
                0x0000000000000000        0x4 build/py/malloc.o
 .note.GNU-stack
                0x0000000000000000        0x0 build/py/malloc.o
 .group         0x0000000000000000        0x8 build/py/gc.o
 .group         0x0000000000000000        0x8 build/py/gc.o
 .group         0x0000000000000000        0x8 build/py/gc.o
 .group         0x0000000000000000        0x8 build/py/gc.o
 .text          0x0000000000000000        0x0 build/py/gc.o
 .data          0x0000000000000000        0x0 build/py/gc.o
[...]
Memory Configuration

Name             Origin             Length             Attributes
*default*        0x0000000000000000 0xffffffffffffffff

Linker script and memory map

LOAD /usr/lib/gcc/i686-linux-gnu/6/../../../i386-linux-gnu/Scrt1.o
LOAD /usr/lib/gcc/i686-linux-gnu/6/../../../i386-linux-gnu/crti.o
LOAD /usr/lib/gcc/i686-linux-gnu/6/crtbeginS.o
LOAD build/py/mpstate.o
LOAD build/py/nlr.o
LOAD build/py/nlrx86.o
LOAD build/py/nlrx64.o
LOAD build/py/nlrthumb.o
LOAD build/py/nlrxtensa.o
LOAD build/py/nlrsetjmp.o
LOAD build/py/malloc.o
LOAD build/py/gc.o
LOAD build/py/pystack.o
LOAD build/py/qstr.o
LOAD build/py/vstr.o
LOAD build/py/mpprint.o
LOAD build/py/unicode.o
LOAD build/py/mpz.o
LOAD build/py/reader.o
LOAD build/py/lexer.o
LOAD build/py/parse.o
LOAD build/py/scope.o
LOAD build/py/compile.o
LOAD build/py/emitcommon.o
LOAD build/py/emitbc.o
LOAD build/py/asmbase.o
LOAD build/py/asmx64.o
LOAD build/py/emitnx64.o
LOAD build/py/asmx86.o
LOAD build/py/emitnx86.o
LOAD build/py/asmthumb.o
LOAD build/py/emitnthumb.o
LOAD build/py/emitinlinethumb.o
LOAD build/py/asmarm.o
LOAD build/py/emitnarm.o
LOAD build/py/asmxtensa.o
LOAD build/py/emitnxtensa.o
LOAD build/py/emitinlinextensa.o
LOAD build/py/formatfloat.o
LOAD build/py/parsenumbase.o
LOAD build/py/parsenum.o
LOAD build/py/emitglue.o
LOAD build/py/persistentcode.o
LOAD build/py/runtime.o
LOAD build/py/runtime_utils.o
LOAD build/py/scheduler.o
LOAD build/py/nativeglue.o
LOAD build/py/stackctrl.o
LOAD build/py/argcheck.o
LOAD build/py/warning.o
LOAD build/py/map.o
LOAD build/py/obj.o
LOAD build/py/objarray.o
LOAD build/py/objattrtuple.o
LOAD build/py/objbool.o
LOAD build/py/objboundmeth.o
LOAD build/py/objcell.o
LOAD build/py/objclosure.o
LOAD build/py/objcomplex.o
LOAD build/py/objdeque.o
LOAD build/py/objdict.o
LOAD build/py/objenumerate.o
LOAD build/py/objexcept.o
LOAD build/py/objfilter.o
LOAD build/py/objfloat.o
LOAD build/py/objfun.o
LOAD build/py/objgenerator.o
LOAD build/py/objgetitemiter.o
LOAD build/py/objint.o
LOAD build/py/objint_longlong.o
LOAD build/py/objint_mpz.o
LOAD build/py/objlist.o
LOAD build/py/objmap.o
LOAD build/py/objmodule.o
LOAD build/py/objobject.o
LOAD build/py/objpolyiter.o
LOAD build/py/objproperty.o
LOAD build/py/objnone.o
LOAD build/py/objnamedtuple.o
LOAD build/py/objrange.o
LOAD build/py/objreversed.o
LOAD build/py/objset.o
LOAD build/py/objsingleton.o
LOAD build/py/objslice.o
LOAD build/py/objstr.o
LOAD build/py/objstrunicode.o
LOAD build/py/objstringio.o
LOAD build/py/objtuple.o
LOAD build/py/objtype.o
LOAD build/py/objzip.o
LOAD build/py/opmethods.o
LOAD build/py/sequence.o
LOAD build/py/stream.o
LOAD build/py/binary.o
LOAD build/py/builtinimport.o
LOAD build/py/builtinevex.o
LOAD build/py/builtinhelp.o
LOAD build/py/modarray.o
LOAD build/py/modbuiltins.o
LOAD build/py/modcollections.o
LOAD build/py/modgc.o
LOAD build/py/modio.o
LOAD build/py/modmath.o
LOAD build/py/modcmath.o
LOAD build/py/modmicropython.o
LOAD build/py/modstruct.o
LOAD build/py/modsys.o
LOAD build/py/moduerrno.o
LOAD build/py/modthread.o
LOAD build/py/vm.o
LOAD build/py/bc.o
LOAD build/py/showbc.o
LOAD build/py/repl.o
LOAD build/py/smallint.o
LOAD build/py/frozenmod.o
LOAD build/main.o
LOAD build/gccollect.o
LOAD /usr/lib/gcc/i686-linux-gnu/6/../../../i386-linux-gnu/libm.so
LOAD /usr/lib/gcc/i686-linux-gnu/6/libgcc.a
LOAD /usr/lib/gcc/i686-linux-gnu/6/libgcc_s.so
START GROUP
LOAD /usr/lib/gcc/i686-linux-gnu/6/libgcc_s.so.1
LOAD /usr/lib/gcc/i686-linux-gnu/6/libgcc.a
END GROUP
LOAD /usr/lib/gcc/i686-linux-gnu/6/../../../i386-linux-gnu/libc.so
START GROUP
LOAD /lib/i386-linux-gnu/libc.so.6
LOAD /usr/lib/i386-linux-gnu/libc_nonshared.a
LOAD /lib/i386-linux-gnu/ld-linux.so.2
END GROUP
LOAD /usr/lib/gcc/i686-linux-gnu/6/libgcc.a
LOAD /usr/lib/gcc/i686-linux-gnu/6/libgcc_s.so
START GROUP
LOAD /usr/lib/gcc/i686-linux-gnu/6/libgcc_s.so.1
LOAD /usr/lib/gcc/i686-linux-gnu/6/libgcc.a
END GROUP
LOAD /usr/lib/gcc/i686-linux-gnu/6/crtendS.o
LOAD /usr/lib/gcc/i686-linux-gnu/6/../../../i386-linux-gnu/crtn.o
                [!provide]                        PROVIDE (__executable_start, SEGMENT_START ("text-segment", 0x0))
                0x0000000000000154                . = (SEGMENT_START ("text-segment", 0x0) + SIZEOF_HEADERS)

.interp         0x0000000000000154       0x13
 *(.interp)
 .interp        0x0000000000000154       0x13 /usr/lib/gcc/i686-linux-gnu/6/../../../i386-linux-gnu/Scrt1.o

.note.ABI-tag   0x0000000000000168       0x20
 .note.ABI-tag  0x0000000000000168       0x20 /usr/lib/gcc/i686-linux-gnu/6/../../../i386-linux-gnu/Scrt1.o

.note.gnu.build-id
                0x0000000000000188       0x24
 *(.note.gnu.build-id)
 .note.gnu.build-id
                0x0000000000000188       0x24 /usr/lib/gcc/i686-linux-gnu/6/../../../i386-linux-gnu/Scrt1.o

.hash
 *(.hash)

.gnu.hash       0x00000000000001ac      0x168
 *(.gnu.hash)
 .gnu.hash      0x00000000000001ac      0x168 /usr/lib/gcc/i686-linux-gnu/6/../../../i386-linux-gnu/Scrt1.o

.dynsym         0x0000000000000314      0x4b0
 *(.dynsym)
 .dynsym        0x0000000000000314      0x4b0 /usr/lib/gcc/i686-linux-gnu/6/../../../i386-linux-gnu/Scrt1.o

.dynstr         0x00000000000007c4      0x488
 *(.dynstr)
 .dynstr        0x00000000000007c4      0x488 /usr/lib/gcc/i686-linux-gnu/6/../../../i386-linux-gnu/Scrt1.o

.gnu.version    0x0000000000000c4c       0x96
 *(.gnu.version)
 .gnu.version   0x0000000000000c4c       0x96 /usr/lib/gcc/i686-linux-gnu/6/../../../i386-linux-gnu/Scrt1.o

.gnu.version_d  0x0000000000000ce4        0x0
 *(.gnu.version_d)
 .gnu.version_d
                0x0000000000000ce4        0x0 /usr/lib/gcc/i686-linux-gnu/6/../../../i386-linux-gnu/Scrt1.o

.gnu.version_r  0x0000000000000ce4       0x60
 *(.gnu.version_r)
 .gnu.version_r
                0x0000000000000ce4       0x60 /usr/lib/gcc/i686-linux-gnu/6/../../../i386-linux-gnu/Scrt1.o

.rel.dyn        0x0000000000000d44     0x1a58
 *(.rel.init)
 *(.rel.text .rel.text.* .rel.gnu.linkonce.t.*)
 *(.rel.fini)
 *(.rel.rodata .rel.rodata.* .rel.gnu.linkonce.r.*)
 *(.rel.data.rel.ro .rel.data.rel.ro.* .rel.gnu.linkonce.d.rel.ro.*)
 .rel.data.rel.ro
                0x0000000000000d44        0x0 /usr/lib/gcc/i686-linux-gnu/6/../../../i386-linux-gnu/Scrt1.o
 .rel.data.rel.ro.local.mp_qstr_const_pool
                0x0000000000000d44      0x7b0 /usr/lib/gcc/i686-linux-gnu/6/../../../i386-linux-gnu/Scrt1.o
 .rel.data.rel.ro.local.tok_kw
                0x00000000000014f4      0x120 /usr/lib/gcc/i686-linux-gnu/6/../../../i386-linux-gnu/Scrt1.o
 .rel.data.rel.ro.local.mp_constants_map
                0x0000000000001614        0x8 /usr/lib/gcc/i686-linux-gnu/6/../../../i386-linux-gnu/Scrt1.o
 .rel.data.rel.ro.local.compile_function
                0x000000000000161c      0x1d0 /usr/lib/gcc/i686-linux-gnu/6/../../../i386-linux-gnu/Scrt1.o
 .rel.data.rel.ro.local.mp_emit_bc_method_table_delete_id_ops
                0x00000000000017ec       0x10 /usr/lib/gcc/i686-linux-gnu/6/../../../i386-linux-gnu/Scrt1.o
 .rel.data.rel.ro.local.mp_emit_bc_method_table_store_id_ops
                0x00000000000017fc       0x10 /usr/lib/gcc/i686-linux-gnu/6/../../../i386-linux-gnu/Scrt1.o
 .rel.data.rel.ro.local.mp_emit_bc_method_table_load_id_ops
                0x000000000000180c       0x10 /usr/lib/gcc/i686-linux-gnu/6/../../../i386-linux-gnu/Scrt1.o
 .rel.data.rel.ro.mp_type_checked_fun
                0x000000000000181c       0x10 /usr/lib/gcc/i686-linux-gnu/6/../../../i386-linux-gnu/Scrt1.o
 .rel.data.rel.ro.local.mp_const_true_obj
                0x000000000000182c        0x8 /usr/lib/gcc/i686-linux-gnu/6/../../../i386-linux-gnu/Scrt1.o
 .rel.data.rel.ro.local.mp_const_false_obj
                0x0000000000001834        0x8 /usr/lib/gcc/i686-linux-gnu/6/../../../i386-linux-gnu/Scrt1.o
 .rel.data.rel.ro.mp_type_bool
                0x000000000000183c       0x28 /usr/lib/gcc/i686-linux-gnu/6/../../../i386-linux-gnu/Scrt1.o
 .rel.data.rel.ro.mp_type_complex
                0x0000000000001864       0x30 /usr/lib/gcc/i686-linux-gnu/6/../../../i386-linux-gnu/Scrt1.o
 .rel.data.rel.ro.mp_type_dict
                0x0000000000001894       0x40 /usr/lib/gcc/i686-linux-gnu/6/../../../i386-linux-gnu/Scrt1.o
 .rel.data.rel.ro.local.dict_locals_dict
                0x00000000000018d4       0x10 /usr/lib/gcc/i686-linux-gnu/6/../../../i386-linux-gnu/Scrt1.o
 .rel.data.rel.ro.dict_locals_dict_table
                0x00000000000018e4       0x70 /usr/lib/gcc/i686-linux-gnu/6/../../../i386-linux-gnu/Scrt1.o
 .rel.data.rel.ro.dict_values_obj
                0x0000000000001954       0x10 /usr/lib/gcc/i686-linux-gnu/6/../../../i386-linux-gnu/Scrt1.o
 .rel.data.rel.ro.dict_keys_obj
                0x0000000000001964       0x10 /usr/lib/gcc/i686-linux-gnu/6/../../../i386-linux-gnu/Scrt1.o
 .rel.data.rel.ro.dict_items_obj
                0x0000000000001974       0x10 /usr/lib/gcc/i686-linux-gnu/6/../../../i386-linux-gnu/Scrt1.o
 .rel.data.rel.ro.local.mp_dict_view_names
                0x0000000000001984       0x18 /usr/lib/gcc/i686-linux-gnu/6/../../../i386-linux-gnu/Scrt1.o
 .rel.data.rel.ro.dict_view_it_type
                0x000000000000199c       0x18 /usr/lib/gcc/i686-linux-gnu/6/../../../i386-linux-gnu/Scrt1.o
 .rel.data.rel.ro.dict_view_type
                0x00000000000019b4       0x20 /usr/lib/gcc/i686-linux-gnu/6/../../../i386-linux-gnu/Scrt1.o
 .rel.data.rel.ro.dict_update_obj
                0x00000000000019d4       0x10 /usr/lib/gcc/i686-linux-gnu/6/../../../i386-linux-gnu/Scrt1.o
 .rel.data.rel.ro.dict_popitem_obj
                0x00000000000019e4       0x10 /usr/lib/gcc/i686-linux-gnu/6/../../../i386-linux-gnu/Scrt1.o
 .rel.data.rel.ro.dict_setdefault_obj
                0x00000000000019f4       0x10 /usr/lib/gcc/i686-linux-gnu/6/../../../i386-linux-gnu/Scrt1.o
 .rel.data.rel.ro.dict_pop_obj
                0x0000000000001a04       0x10 /usr/lib/gcc/i686-linux-gnu/6/../../../i386-linux-gnu/Scrt1.o
 .rel.data.rel.ro.dict_get_obj
                0x0000000000001a14       0x10 /usr/lib/gcc/i686-linux-gnu/6/../../../i386-linux-gnu/Scrt1.o
 .rel.data.rel.ro.dict_fromkeys_obj
                0x0000000000001a24       0x10 /usr/lib/gcc/i686-linux-gnu/6/../../../i386-linux-gnu/Scrt1.o
 .rel.data.rel.ro.dict_fromkeys_fun_obj
                0x0000000000001a34       0x10 /usr/lib/gcc/i686-linux-gnu/6/../../../i386-linux-gnu/Scrt1.o
 .rel.data.rel.ro.dict_copy_obj
                0x0000000000001a44       0x10 /usr/lib/gcc/i686-linux-gnu/6/../../../i386-linux-gnu/Scrt1.o
 .rel.data.rel.ro.dict_clear_obj
                0x0000000000001a54       0x10 /usr/lib/gcc/i686-linux-gnu/6/../../../i386-linux-gnu/Scrt1.o
 .rel.data.rel.ro.mp_type_UnicodeError
                0x0000000000001a64       0x28 /usr/lib/gcc/i686-linux-gnu/6/../../../i386-linux-gnu/Scrt1.o
 .rel.data.rel.ro.mp_type_ValueError
                0x0000000000001a8c       0x28 /usr/lib/gcc/i686-linux-gnu/6/../../../i386-linux-gnu/Scrt1.o
 .rel.data.rel.ro.mp_type_TypeError
                0x0000000000001ab4       0x28 /usr/lib/gcc/i686-linux-gnu/6/../../../i386-linux-gnu/Scrt1.o
 .rel.data.rel.ro.mp_type_IndentationError
                0x0000000000001adc       0x28 /usr/lib/gcc/i686-linux-gnu/6/../../../i386-linux-gnu/Scrt1.o
 .rel.data.rel.ro.mp_type_SyntaxError
                0x0000000000001b04       0x28 /usr/lib/gcc/i686-linux-gnu/6/../../../i386-linux-gnu/Scrt1.o
 .rel.data.rel.ro.mp_type_NotImplementedError
                0x0000000000001b2c       0x28 /usr/lib/gcc/i686-linux-gnu/6/../../../i386-linux-gnu/Scrt1.o
 .rel.data.rel.ro.mp_type_RuntimeError
                0x0000000000001b54       0x28 /usr/lib/gcc/i686-linux-gnu/6/../../../i386-linux-gnu/Scrt1.o
 .rel.data.rel.ro.mp_type_OSError
                0x0000000000001b7c       0x28 /usr/lib/gcc/i686-linux-gnu/6/../../../i386-linux-gnu/Scrt1.o
 .rel.data.rel.ro.mp_type_MemoryError
                0x0000000000001ba4       0x28 /usr/lib/gcc/i686-linux-gnu/6/../../../i386-linux-gnu/Scrt1.o
 .rel.data.rel.ro.mp_type_KeyError
                0x0000000000001bcc       0x28 /usr/lib/gcc/i686-linux-gnu/6/../../../i386-linux-gnu/Scrt1.o
 .rel.data.rel.ro.mp_type_IndexError
                0x0000000000001bf4       0x28 /usr/lib/gcc/i686-linux-gnu/6/../../../i386-linux-gnu/Scrt1.o
 .rel.data.rel.ro.mp_type_LookupError
                0x0000000000001c1c       0x28 /usr/lib/gcc/i686-linux-gnu/6/../../../i386-linux-gnu/Scrt1.o
 .rel.data.rel.ro.mp_type_AttributeError
                0x0000000000001c44       0x28 /usr/lib/gcc/i686-linux-gnu/6/../../../i386-linux-gnu/Scrt1.o
 .rel.data.rel.ro.mp_type_ZeroDivisionError
                0x0000000000001c6c       0x28 /usr/lib/gcc/i686-linux-gnu/6/../../../i386-linux-gnu/Scrt1.o
 .rel.data.rel.ro.mp_type_OverflowError
                0x0000000000001c94       0x28 /usr/lib/gcc/i686-linux-gnu/6/../../../i386-linux-gnu/Scrt1.o
 .rel.data.rel.ro.mp_type_ArithmeticError
                0x0000000000001cbc       0x28 /usr/lib/gcc/i686-linux-gnu/6/../../../i386-linux-gnu/Scrt1.o
 .rel.data.rel.ro.mp_type_StopIteration
                0x0000000000001ce4       0x28 /usr/lib/gcc/i686-linux-gnu/6/../../../i386-linux-gnu/Scrt1.o
 .rel.data.rel.ro.mp_type_Exception
                0x0000000000001d0c       0x28 /usr/lib/gcc/i686-linux-gnu/6/../../../i386-linux-gnu/Scrt1.o
 .rel.data.rel.ro.mp_type_BaseException
                0x0000000000001d34       0x20 /usr/lib/gcc/i686-linux-gnu/6/../../../i386-linux-gnu/Scrt1.o
 .rel.data.rel.ro.mp_type_float
                0x0000000000001d54       0x28 /usr/lib/gcc/i686-linux-gnu/6/../../../i386-linux-gnu/Scrt1.o
 .rel.data.rel.ro.mp_type_fun_builtin_var
                0x0000000000001d7c       0x18 /usr/lib/gcc/i686-linux-gnu/6/../../../i386-linux-gnu/Scrt1.o
 .rel.data.rel.ro.mp_type_fun_builtin_3
                0x0000000000001d94       0x18 /usr/lib/gcc/i686-linux-gnu/6/../../../i386-linux-gnu/Scrt1.o
 .rel.data.rel.ro.mp_type_fun_builtin_2
                0x0000000000001dac       0x18 /usr/lib/gcc/i686-linux-gnu/6/../../../i386-linux-gnu/Scrt1.o
 .rel.data.rel.ro.mp_type_fun_builtin_1
                0x0000000000001dc4       0x18 /usr/lib/gcc/i686-linux-gnu/6/../../../i386-linux-gnu/Scrt1.o
 .rel.data.rel.ro.mp_type_fun_builtin_0
                0x0000000000001ddc       0x18 /usr/lib/gcc/i686-linux-gnu/6/../../../i386-linux-gnu/Scrt1.o
 .rel.data.rel.ro.it_type
                0x0000000000001df4       0x18 /usr/lib/gcc/i686-linux-gnu/6/../../../i386-linux-gnu/Scrt1.o
 .rel.data.rel.ro.mp_type_int
                0x0000000000001e0c       0x30 /usr/lib/gcc/i686-linux-gnu/6/../../../i386-linux-gnu/Scrt1.o
 .rel.data.rel.ro.int_locals_dict
                0x0000000000001e3c       0x10 /usr/lib/gcc/i686-linux-gnu/6/../../../i386-linux-gnu/Scrt1.o
 .rel.data.rel.ro.local.int_locals_dict_table
                0x0000000000001e4c       0x10 /usr/lib/gcc/i686-linux-gnu/6/../../../i386-linux-gnu/Scrt1.o
 .rel.data.rel.ro.int_to_bytes_obj
                0x0000000000001e5c       0x10 /usr/lib/gcc/i686-linux-gnu/6/../../../i386-linux-gnu/Scrt1.o
 .rel.data.rel.ro.int_from_bytes_obj
                0x0000000000001e6c       0x10 /usr/lib/gcc/i686-linux-gnu/6/../../../i386-linux-gnu/Scrt1.o
 .rel.data.rel.ro.int_from_bytes_fun_obj
                0x0000000000001e7c       0x10 /usr/lib/gcc/i686-linux-gnu/6/../../../i386-linux-gnu/Scrt1.o
 .rel.data.rel.ro.allowed_args.3379
                0x0000000000001e8c        0x8 /usr/lib/gcc/i686-linux-gnu/6/../../../i386-linux-gnu/Scrt1.o
 .rel.data.rel.ro.mp_type_list
                0x0000000000001e94       0x40 /usr/lib/gcc/i686-linux-gnu/6/../../../i386-linux-gnu/Scrt1.o
 .rel.data.rel.ro.list_locals_dict
                0x0000000000001ed4       0x10 /usr/lib/gcc/i686-linux-gnu/6/../../../i386-linux-gnu/Scrt1.o
 .rel.data.rel.ro.local.list_locals_dict_table
                0x0000000000001ee4       0x58 /usr/lib/gcc/i686-linux-gnu/6/../../../i386-linux-gnu/Scrt1.o
 .rel.data.rel.ro.list_sort_obj
                0x0000000000001f3c       0x10 /usr/lib/gcc/i686-linux-gnu/6/../../../i386-linux-gnu/Scrt1.o
 .rel.data.rel.ro.list_reverse_obj
                0x0000000000001f4c       0x10 /usr/lib/gcc/i686-linux-gnu/6/../../../i386-linux-gnu/Scrt1.o
 .rel.data.rel.ro.list_remove_obj
                0x0000000000001f5c       0x10 /usr/lib/gcc/i686-linux-gnu/6/../../../i386-linux-gnu/Scrt1.o
 .rel.data.rel.ro.list_pop_obj
                0x0000000000001f6c       0x10 /usr/lib/gcc/i686-linux-gnu/6/../../../i386-linux-gnu/Scrt1.o
 .rel.data.rel.ro.list_insert_obj
                0x0000000000001f7c       0x10 /usr/lib/gcc/i686-linux-gnu/6/../../../i386-linux-gnu/Scrt1.o
 .rel.data.rel.ro.list_index_obj
                0x0000000000001f8c       0x10 /usr/lib/gcc/i686-linux-gnu/6/../../../i386-linux-gnu/Scrt1.o
 .rel.data.rel.ro.list_count_obj
                0x0000000000001f9c       0x10 /usr/lib/gcc/i686-linux-gnu/6/../../../i386-linux-gnu/Scrt1.o
 .rel.data.rel.ro.list_copy_obj
                0x0000000000001fac       0x10 /usr/lib/gcc/i686-linux-gnu/6/../../../i386-linux-gnu/Scrt1.o
 .rel.data.rel.ro.list_clear_obj
                0x0000000000001fbc       0x10 /usr/lib/gcc/i686-linux-gnu/6/../../../i386-linux-gnu/Scrt1.o
 .rel.data.rel.ro.list_extend_obj
                0x0000000000001fcc       0x10 /usr/lib/gcc/i686-linux-gnu/6/../../../i386-linux-gnu/Scrt1.o
 .rel.data.rel.ro.list_append_obj
                0x0000000000001fdc       0x10 /usr/lib/gcc/i686-linux-gnu/6/../../../i386-linux-gnu/Scrt1.o
 .rel.data.rel.ro.mp_type_object
                0x0000000000001fec       0x18 /usr/lib/gcc/i686-linux-gnu/6/../../../i386-linux-gnu/Scrt1.o
 .rel.data.rel.ro.object_locals_dict
                0x0000000000002004       0x10 /usr/lib/gcc/i686-linux-gnu/6/../../../i386-linux-gnu/Scrt1.o
 .rel.data.rel.ro.local.object_locals_dict_table
                0x0000000000002014       0x10 /usr/lib/gcc/i686-linux-gnu/6/../../../i386-linux-gnu/Scrt1.o
 .rel.data.rel.ro.object___new___obj
                0x0000000000002024       0x10 /usr/lib/gcc/i686-linux-gnu/6/../../../i386-linux-gnu/Scrt1.o
 .rel.data.rel.ro.object___new___fun_obj
                0x0000000000002034       0x10 /usr/lib/gcc/i686-linux-gnu/6/../../../i386-linux-gnu/Scrt1.o
 .rel.data.rel.ro.object___init___obj
                0x0000000000002044       0x10 /usr/lib/gcc/i686-linux-gnu/6/../../../i386-linux-gnu/Scrt1.o
 .rel.data.rel.ro.mp_type_polymorph_iter
                0x0000000000002054       0x18 /usr/lib/gcc/i686-linux-gnu/6/../../../i386-linux-gnu/Scrt1.o
 .rel.data.rel.ro.allowed_args.3621
                0x000000000000206c       0x20 /usr/lib/gcc/i686-linux-gnu/6/../../../i386-linux-gnu/Scrt1.o
 .rel.data.rel.ro.mp_type_property
                0x000000000000208c       0x18 /usr/lib/gcc/i686-linux-gnu/6/../../../i386-linux-gnu/Scrt1.o
 .rel.data.rel.ro.property_locals_dict
                0x00000000000020a4       0x10 /usr/lib/gcc/i686-linux-gnu/6/../../../i386-linux-gnu/Scrt1.o
 .rel.data.rel.ro.local.property_locals_dict_table
                0x00000000000020b4       0x18 /usr/lib/gcc/i686-linux-gnu/6/../../../i386-linux-gnu/Scrt1.o
 .rel.data.rel.ro.property_deleter_obj
                0x00000000000020cc       0x10 /usr/lib/gcc/i686-linux-gnu/6/../../../i386-linux-gnu/Scrt1.o
 .rel.data.rel.ro.property_setter_obj
                0x00000000000020dc       0x10 /usr/lib/gcc/i686-linux-gnu/6/../../../i386-linux-gnu/Scrt1.o
 .rel.data.rel.ro.property_getter_obj
                0x00000000000020ec       0x10 /usr/lib/gcc/i686-linux-gnu/6/../../../i386-linux-gnu/Scrt1.o
 .rel.data.rel.ro.local.mp_const_none_obj
                0x00000000000020fc        0x8 /usr/lib/gcc/i686-linux-gnu/6/../../../i386-linux-gnu/Scrt1.o
 .rel.data.rel.ro.mp_type_NoneType
                0x0000000000002104       0x18 /usr/lib/gcc/i686-linux-gnu/6/../../../i386-linux-gnu/Scrt1.o
 .rel.data.rel.ro.local.mp_const_ellipsis_obj
                0x000000000000211c        0x8 /usr/lib/gcc/i686-linux-gnu/6/../../../i386-linux-gnu/Scrt1.o
 .rel.data.rel.ro.mp_type_singleton
                0x0000000000002124       0x10 /usr/lib/gcc/i686-linux-gnu/6/../../../i386-linux-gnu/Scrt1.o
 .rel.data.rel.ro.mp_type_slice
                0x0000000000002134       0x10 /usr/lib/gcc/i686-linux-gnu/6/../../../i386-linux-gnu/Scrt1.o
 .rel.data.rel.ro.local.mp_const_empty_bytes_obj
                0x0000000000002144       0x10 /usr/lib/gcc/i686-linux-gnu/6/../../../i386-linux-gnu/Scrt1.o
 .rel.data.rel.ro.mp_type_bytes
                0x0000000000002154       0x40 /usr/lib/gcc/i686-linux-gnu/6/../../../i386-linux-gnu/Scrt1.o
 .rel.data.rel.ro.str8_locals_dict
                0x0000000000002194       0x10 /usr/lib/gcc/i686-linux-gnu/6/../../../i386-linux-gnu/Scrt1.o
 .rel.data.rel.ro.local.str8_locals_dict_table
                0x00000000000021a4       0xb8 /usr/lib/gcc/i686-linux-gnu/6/../../../i386-linux-gnu/Scrt1.o
 .rel.data.rel.ro.str_encode_obj
                0x000000000000225c       0x10 /usr/lib/gcc/i686-linux-gnu/6/../../../i386-linux-gnu/Scrt1.o
 .rel.data.rel.ro.bytes_decode_obj
                0x000000000000226c       0x10 /usr/lib/gcc/i686-linux-gnu/6/../../../i386-linux-gnu/Scrt1.o
 .rel.data.rel.ro.str_islower_obj
                0x000000000000227c       0x10 /usr/lib/gcc/i686-linux-gnu/6/../../../i386-linux-gnu/Scrt1.o
 .rel.data.rel.ro.str_isupper_obj
                0x000000000000228c       0x10 /usr/lib/gcc/i686-linux-gnu/6/../../../i386-linux-gnu/Scrt1.o
 .rel.data.rel.ro.str_isdigit_obj
                0x000000000000229c       0x10 /usr/lib/gcc/i686-linux-gnu/6/../../../i386-linux-gnu/Scrt1.o
 .rel.data.rel.ro.str_isalpha_obj
                0x00000000000022ac       0x10 /usr/lib/gcc/i686-linux-gnu/6/../../../i386-linux-gnu/Scrt1.o
 .rel.data.rel.ro.str_isspace_obj
                0x00000000000022bc       0x10 /usr/lib/gcc/i686-linux-gnu/6/../../../i386-linux-gnu/Scrt1.o
 .rel.data.rel.ro.str_upper_obj
                0x00000000000022cc       0x10 /usr/lib/gcc/i686-linux-gnu/6/../../../i386-linux-gnu/Scrt1.o
 .rel.data.rel.ro.str_lower_obj
                0x00000000000022dc       0x10 /usr/lib/gcc/i686-linux-gnu/6/../../../i386-linux-gnu/Scrt1.o
 .rel.data.rel.ro.str_count_obj
                0x00000000000022ec       0x10 /usr/lib/gcc/i686-linux-gnu/6/../../../i386-linux-gnu/Scrt1.o
 .rel.data.rel.ro.str_replace_obj
                0x00000000000022fc       0x10 /usr/lib/gcc/i686-linux-gnu/6/../../../i386-linux-gnu/Scrt1.o
 .rel.data.rel.ro.str_format_obj
                0x000000000000230c       0x10 /usr/lib/gcc/i686-linux-gnu/6/../../../i386-linux-gnu/Scrt1.o
 .rel.data.rel.ro.str_rstrip_obj
                0x000000000000231c       0x10 /usr/lib/gcc/i686-linux-gnu/6/../../../i386-linux-gnu/Scrt1.o
 .rel.data.rel.ro.str_lstrip_obj
                0x000000000000232c       0x10 /usr/lib/gcc/i686-linux-gnu/6/../../../i386-linux-gnu/Scrt1.o
 .rel.data.rel.ro.str_strip_obj
                0x000000000000233c       0x10 /usr/lib/gcc/i686-linux-gnu/6/../../../i386-linux-gnu/Scrt1.o
 .rel.data.rel.ro.str_endswith_obj
                0x000000000000234c       0x10 /usr/lib/gcc/i686-linux-gnu/6/../../../i386-linux-gnu/Scrt1.o
 .rel.data.rel.ro.str_startswith_obj
                0x000000000000235c       0x10 /usr/lib/gcc/i686-linux-gnu/6/../../../i386-linux-gnu/Scrt1.o
 .rel.data.rel.ro.str_rindex_obj
                0x000000000000236c       0x10 /usr/lib/gcc/i686-linux-gnu/6/../../../i386-linux-gnu/Scrt1.o
 .rel.data.rel.ro.str_index_obj
                0x000000000000237c       0x10 /usr/lib/gcc/i686-linux-gnu/6/../../../i386-linux-gnu/Scrt1.o
 .rel.data.rel.ro.str_rfind_obj
                0x000000000000238c       0x10 /usr/lib/gcc/i686-linux-gnu/6/../../../i386-linux-gnu/Scrt1.o
 .rel.data.rel.ro.str_find_obj
                0x000000000000239c       0x10 /usr/lib/gcc/i686-linux-gnu/6/../../../i386-linux-gnu/Scrt1.o
 .rel.data.rel.ro.str_rsplit_obj
                0x00000000000023ac       0x10 /usr/lib/gcc/i686-linux-gnu/6/../../../i386-linux-gnu/Scrt1.o
 .rel.data.rel.ro.str_split_obj
                0x00000000000023bc       0x10 /usr/lib/gcc/i686-linux-gnu/6/../../../i386-linux-gnu/Scrt1.o
 .rel.data.rel.ro.str_join_obj
                0x00000000000023cc       0x10 /usr/lib/gcc/i686-linux-gnu/6/../../../i386-linux-gnu/Scrt1.o
 .rel.data.rel.ro.mp_type_str
                0x00000000000023dc       0x48 /usr/lib/gcc/i686-linux-gnu/6/../../../i386-linux-gnu/Scrt1.o
 .rel.data.rel.ro.struni_locals_dict
                0x0000000000002424       0x10 /usr/lib/gcc/i686-linux-gnu/6/../../../i386-linux-gnu/Scrt1.o
 .rel.data.rel.ro.struni_locals_dict_table
                0x0000000000002434       0xb8 /usr/lib/gcc/i686-linux-gnu/6/../../../i386-linux-gnu/Scrt1.o
 .rel.data.rel.ro.local.mp_const_empty_tuple_obj
                0x00000000000024ec        0x8 /usr/lib/gcc/i686-linux-gnu/6/../../../i386-linux-gnu/Scrt1.o
 .rel.data.rel.ro.mp_type_tuple
                0x00000000000024f4       0x40 /usr/lib/gcc/i686-linux-gnu/6/../../../i386-linux-gnu/Scrt1.o
 .rel.data.rel.ro.tuple_locals_dict
                0x0000000000002534       0x10 /usr/lib/gcc/i686-linux-gnu/6/../../../i386-linux-gnu/Scrt1.o
 .rel.data.rel.ro.local.tuple_locals_dict_table
                0x0000000000002544       0x10 /usr/lib/gcc/i686-linux-gnu/6/../../../i386-linux-gnu/Scrt1.o
 .rel.data.rel.ro.tuple_index_obj
                0x0000000000002554       0x10 /usr/lib/gcc/i686-linux-gnu/6/../../../i386-linux-gnu/Scrt1.o
 .rel.data.rel.ro.tuple_count_obj
                0x0000000000002564       0x10 /usr/lib/gcc/i686-linux-gnu/6/../../../i386-linux-gnu/Scrt1.o
 .rel.data.rel.ro.local.mp_type_classmethod
                0x0000000000002574       0x10 /usr/lib/gcc/i686-linux-gnu/6/../../../i386-linux-gnu/Scrt1.o
 .rel.data.rel.ro.local.mp_type_staticmethod
                0x0000000000002584       0x10 /usr/lib/gcc/i686-linux-gnu/6/../../../i386-linux-gnu/Scrt1.o
 .rel.data.rel.ro.mp_type_type
                0x0000000000002594       0x30 /usr/lib/gcc/i686-linux-gnu/6/../../../i386-linux-gnu/Scrt1.o
 .rel.data.rel.ro.native_base_init_wrapper_obj
                0x00000000000025c4       0x10 /usr/lib/gcc/i686-linux-gnu/6/../../../i386-linux-gnu/Scrt1.o
 .rel.data.rel.ro.mp_op_delitem_obj
                0x00000000000025d4       0x10 /usr/lib/gcc/i686-linux-gnu/6/../../../i386-linux-gnu/Scrt1.o
 .rel.data.rel.ro.mp_op_setitem_obj
                0x00000000000025e4       0x10 /usr/lib/gcc/i686-linux-gnu/6/../../../i386-linux-gnu/Scrt1.o
 .rel.data.rel.ro.mp_op_getitem_obj
                0x00000000000025f4       0x10 /usr/lib/gcc/i686-linux-gnu/6/../../../i386-linux-gnu/Scrt1.o
 .rel.data.rel.ro.mp_builtin_next_obj
                0x0000000000002604       0x10 /usr/lib/gcc/i686-linux-gnu/6/../../../i386-linux-gnu/Scrt1.o
 .rel.data.rel.ro.local.mp_stderr_print
                0x0000000000002614        0x8 /usr/lib/gcc/i686-linux-gnu/6/../../../i386-linux-gnu/Scrt1.o
 *(.rel.data .rel.data.* .rel.gnu.linkonce.d.*)
 .rel.data.rel.local
                0x000000000000261c        0x8 /usr/lib/gcc/i686-linux-gnu/6/../../../i386-linux-gnu/Scrt1.o
 *(.rel.tdata .rel.tdata.* .rel.gnu.linkonce.td.*)
 *(.rel.tbss .rel.tbss.* .rel.gnu.linkonce.tb.*)
 *(.rel.ctors)
 *(.rel.dtors)
 *(.rel.got)
 .rel.got       0x0000000000002624      0x168 /usr/lib/gcc/i686-linux-gnu/6/../../../i386-linux-gnu/Scrt1.o
 *(.rel.bss .rel.bss.* .rel.gnu.linkonce.b.*)
 .rel.bss       0x000000000000278c        0x0 /usr/lib/gcc/i686-linux-gnu/6/../../../i386-linux-gnu/Scrt1.o
 *(.rel.ifunc)
 .rel.fini_array
                0x000000000000278c        0x8 /usr/lib/gcc/i686-linux-gnu/6/../../../i386-linux-gnu/Scrt1.o
 .rel.init_array
                0x0000000000002794        0x8 /usr/lib/gcc/i686-linux-gnu/6/../../../i386-linux-gnu/Scrt1.o

.rel.plt        0x000000000000279c       0xe0
 *(.rel.plt)
 .rel.plt       0x000000000000279c       0xe0 /usr/lib/gcc/i686-linux-gnu/6/../../../i386-linux-gnu/Scrt1.o
                [!provide]                        PROVIDE (__rel_iplt_start, .)
 *(.rel.iplt)
                [!provide]                        PROVIDE (__rel_iplt_end, .)

.init           0x000000000000287c       0x23
 *(SORT(.init))
 .init          0x000000000000287c       0x1e /usr/lib/gcc/i686-linux-gnu/6/../../../i386-linux-gnu/crti.o
                0x000000000000287c                _init
 .init          0x000000000000289a        0x5 /usr/lib/gcc/i686-linux-gnu/6/../../../i386-linux-gnu/crtn.o

.plt            0x00000000000028a0      0x1d0
 *(.plt)
 .plt           0x00000000000028a0      0x1d0 /usr/lib/gcc/i686-linux-gnu/6/../../../i386-linux-gnu/Scrt1.o
 *(.iplt)

.plt.got        0x0000000000002a70       0x10
 *(.plt.got)
 .plt.got       0x0000000000002a70       0x10 /usr/lib/gcc/i686-linux-gnu/6/../../../i386-linux-gnu/Scrt1.o

.text           0x0000000000002a80    0x185b2
 *(.text.unlikely .text.*_unlikely .text.unlikely.*)
 .text.unlikely.bad_implicit_conversion
                0x0000000000002a80       0x4e build/py/objstr.o
 *(.text.exit .text.exit.*)
 *(.text.startup .text.startup.*)
 .text.startup.main
                0x0000000000002ace       0x3e build/main.o
                0x0000000000002ace                main
 *(.text.hot .text.hot.*)
 *(.text .stub .text.* .gnu.linkonce.t.*)
 .text          0x0000000000002b0c       0x36 /usr/lib/gcc/i686-linux-gnu/6/../../../i386-linux-gnu/Scrt1.o
                0x0000000000002b0c                _start
 *fill*         0x0000000000002b42        0xe 
 .gnu.linkonce.t.__x86.get_pc_thunk.bx
                0x0000000000002b50        0x4 /usr/lib/gcc/i686-linux-gnu/6/../../../i386-linux-gnu/crti.o
                0x0000000000002b50                __x86.get_pc_thunk.bx
 *fill*         0x0000000000002b54        0xc 
 .text          0x0000000000002b60      0x11c /usr/lib/gcc/i686-linux-gnu/6/crtbeginS.o
 .text.__x86.get_pc_thunk.dx
                0x0000000000002c7c        0x4 /usr/lib/gcc/i686-linux-gnu/6/crtbeginS.o
                0x0000000000002c7c                __x86.get_pc_thunk.dx
 .text.nlr_push_tail
                0x0000000000002c80       0x22 build/py/nlr.o
                0x0000000000002c80                nlr_push_tail
 .text.nlr_pop  0x0000000000002ca2       0x1d build/py/nlr.o
                0x0000000000002ca2                nlr_pop
 .text.__x86.get_pc_thunk.ax
                0x0000000000002cbf        0x4 build/py/nlr.o
                0x0000000000002cbf                __x86.get_pc_thunk.ax
 .text.nlr_push
                0x0000000000002cc3       0x26 build/py/nlrx86.o
                0x0000000000002cc3                nlr_push
 .text.nlr_jump
                0x0000000000002ce9       0x4f build/py/nlrx86.o
                0x0000000000002ce9                nlr_jump
 .text.m_malloc
                0x0000000000002d38       0x38 build/py/malloc.o
                0x0000000000002d38                m_malloc
 .text.m_malloc_maybe
                0x0000000000002d70       0x21 build/py/malloc.o
                0x0000000000002d70                m_malloc_maybe
 .text.m_malloc0
                0x0000000000002d91        0x9 build/py/malloc.o
                0x0000000000002d91                m_malloc0
 .text.m_realloc
                0x0000000000002d9a       0x3a build/py/malloc.o
                0x0000000000002d9a                m_realloc
 .text.m_realloc_maybe
                0x0000000000002dd4       0x27 build/py/malloc.o
                0x0000000000002dd4                m_realloc_maybe
 .text.m_free   0x0000000000002dfb       0x22 build/py/malloc.o
                0x0000000000002dfb                m_free
 *fill*         0x0000000000002e1d        0x3 
 .text.gc_mark_subtree
                0x0000000000002e20      0x104 build/py/gc.o
 *fill*         0x0000000000002f24        0xc 
 .text.gc_free.part.0
                0x0000000000002f30      0x115 build/py/gc.o
 *fill*         0x0000000000003045        0xb 
 .text.gc_init  0x0000000000003050       0x8a build/py/gc.o
                0x0000000000003050                gc_init
 *fill*         0x00000000000030da        0x6 
 .text.gc_is_locked
                0x00000000000030e0       0x1c build/py/gc.o
                0x00000000000030e0                gc_is_locked
 *fill*         0x00000000000030fc        0x4 
 .text.gc_collect_start
                0x0000000000003100       0xa6 build/py/gc.o
                0x0000000000003100                gc_collect_start
 *fill*         0x00000000000031a6        0xa 
 .text.gc_collect_root
                0x00000000000031b0       0xa7 build/py/gc.o
                0x00000000000031b0                gc_collect_root
 *fill*         0x0000000000003257        0x9 
 .text.gc_collect_end
                0x0000000000003260      0x16f build/py/gc.o
                0x0000000000003260                gc_collect_end
 *fill*         0x00000000000033cf        0x1 
 .text.gc_alloc
                0x00000000000033d0      0x23c build/py/gc.o
                0x00000000000033d0                gc_alloc
 *fill*         0x000000000000360c        0x4 
 .text.gc_free  0x0000000000003610       0x32 build/py/gc.o
                0x0000000000003610                gc_free
 *fill*         0x0000000000003642        0xe 
 .text.gc_realloc
                0x0000000000003650      0x341 build/py/gc.o
                0x0000000000003650                gc_realloc
 .text.__x86.get_pc_thunk.cx
                0x0000000000003991        0x4 build/py/gc.o
                0x0000000000003991                __x86.get_pc_thunk.cx
 .text.find_qstr
                0x0000000000003995       0x2a build/py/qstr.o
 .text.qstr_compute_hash
                0x00000000000039bf       0x30 build/py/qstr.o
                0x00000000000039bf                qstr_compute_hash
 .text.qstr_init
                0x00000000000039ef       0x26 build/py/qstr.o
                0x00000000000039ef                qstr_init
 .text.qstr_find_strn
                0x0000000000003a15       0x93 build/py/qstr.o
                0x0000000000003a15                qstr_find_strn
 .text.qstr_from_strn
                0x0000000000003aa8      0x1cd build/py/qstr.o
                0x0000000000003aa8                qstr_from_strn
 .text.qstr_from_str
                0x0000000000003c75       0x26 build/py/qstr.o
                0x0000000000003c75                qstr_from_str
 .text.qstr_hash
                0x0000000000003c9b       0x10 build/py/qstr.o
                0x0000000000003c9b                qstr_hash
 .text.qstr_len
                0x0000000000003cab       0x11 build/py/qstr.o
                0x0000000000003cab                qstr_len
 .text.qstr_str
                0x0000000000003cbc       0x10 build/py/qstr.o
                0x0000000000003cbc                qstr_str
 .text.qstr_data
                0x0000000000003ccc       0x19 build/py/qstr.o
                0x0000000000003ccc                qstr_data
 .text.vstr_ensure_extra
                0x0000000000003ce5       0x56 build/py/vstr.o
 .text.vstr_add_strn
                0x0000000000003d3b       0x42 build/py/vstr.o
                0x0000000000003d3b                vstr_add_strn
 .text.vstr_init
                0x0000000000003d7d       0x43 build/py/vstr.o
                0x0000000000003d7d                vstr_init
 .text.vstr_init_len
                0x0000000000003dc0       0x24 build/py/vstr.o
                0x0000000000003dc0                vstr_init_len
 .text.vstr_init_print
                0x0000000000003de4       0x39 build/py/vstr.o
                0x0000000000003de4                vstr_init_print
 .text.vstr_clear
                0x0000000000003e1d       0x35 build/py/vstr.o
                0x0000000000003e1d                vstr_clear
 .text.vstr_extend
                0x0000000000003e52       0x4d build/py/vstr.o
                0x0000000000003e52                vstr_extend
 .text.vstr_add_len
                0x0000000000003e9f       0x24 build/py/vstr.o
                0x0000000000003e9f                vstr_add_len
 .text.vstr_null_terminated_str
                0x0000000000003ec3       0x2e build/py/vstr.o
                0x0000000000003ec3                vstr_null_terminated_str
 .text.vstr_add_byte
                0x0000000000003ef1       0x1e build/py/vstr.o
                0x0000000000003ef1                vstr_add_byte
 .text.vstr_add_char
                0x0000000000003f0f       0xfd build/py/vstr.o
                0x0000000000003f0f                vstr_add_char
 .text.vstr_add_str
                0x000000000000400c       0x2b build/py/vstr.o
                0x000000000000400c                vstr_add_str
 .text.vstr_cut_tail_bytes
                0x0000000000004037       0x20 build/py/vstr.o
                0x0000000000004037                vstr_cut_tail_bytes
 .text.__x86.get_pc_thunk.di
                0x0000000000004057        0x4 build/py/vstr.o
                0x0000000000004057                __x86.get_pc_thunk.di
 .text.mp_print_str
                0x000000000000405b       0x2f build/py/mpprint.o
                0x000000000000405b                mp_print_str
 .text.mp_print_strn
                0x000000000000408a       0xf9 build/py/mpprint.o
                0x000000000000408a                mp_print_strn
 .text.mp_print_int
                0x0000000000004183       0xe6 build/py/mpprint.o
 .text.mp_print_mp_int
                0x0000000000004269      0x335 build/py/mpprint.o
                0x0000000000004269                mp_print_mp_int
 .text.mp_print_float
                0x000000000000459e       0xc4 build/py/mpprint.o
                0x000000000000459e                mp_print_float
 .text.mp_vprintf
                0x0000000000004662      0x39c build/py/mpprint.o
                0x0000000000004662                mp_vprintf
 .text.mp_printf
                0x00000000000049fe       0x17 build/py/mpprint.o
                0x00000000000049fe                mp_printf
 .text.utf8_get_char
                0x0000000000004a15       0x3f build/py/unicode.o
                0x0000000000004a15                utf8_get_char
 .text.utf8_next_char
                0x0000000000004a54       0x13 build/py/unicode.o
                0x0000000000004a54                utf8_next_char
 .text.utf8_ptr_to_index
                0x0000000000004a67       0x22 build/py/unicode.o
                0x0000000000004a67                utf8_ptr_to_index
 .text.utf8_charlen
                0x0000000000004a89       0x28 build/py/unicode.o
                0x0000000000004a89                utf8_charlen
 .text.unichar_isspace
                0x0000000000004ab1       0x29 build/py/unicode.o
                0x0000000000004ab1                unichar_isspace
 .text.unichar_isalpha
                0x0000000000004ada       0x2a build/py/unicode.o
                0x0000000000004ada                unichar_isalpha
 .text.unichar_isdigit
                0x0000000000004b04       0x2a build/py/unicode.o
                0x0000000000004b04                unichar_isdigit
 .text.unichar_isxdigit
                0x0000000000004b2e       0x2a build/py/unicode.o
                0x0000000000004b2e                unichar_isxdigit
 .text.unichar_isupper
                0x0000000000004b58       0x2a build/py/unicode.o
                0x0000000000004b58                unichar_isupper
 .text.unichar_islower
                0x0000000000004b82       0x2a build/py/unicode.o
                0x0000000000004b82                unichar_islower
 .text.unichar_tolower
                0x0000000000004bac       0x1d build/py/unicode.o
                0x0000000000004bac                unichar_tolower
 .text.unichar_toupper
                0x0000000000004bc9       0x1d build/py/unicode.o
                0x0000000000004bc9                unichar_toupper
 .text.unichar_xdigit_value
                0x0000000000004be6       0x19 build/py/unicode.o
                0x0000000000004be6                unichar_xdigit_value
 .text.utf8_check
                0x0000000000004bff       0x56 build/py/unicode.o
                0x0000000000004bff                utf8_check
 .text.mpn_remove_trailing_zeros
                0x0000000000004c55       0x1b build/py/mpz.o
 .text.mpn_shr  0x0000000000004c70       0x50 build/py/mpz.o
 .text.mpn_add  0x0000000000004cc0       0x6d build/py/mpz.o
 .text.mpn_sub  0x0000000000004d2d       0x68 build/py/mpz.o
 .text.mpz_free
                0x0000000000004d95       0x33 build/py/mpz.o
 .text.mpn_cmp.part.1
                0x0000000000004dc8       0x34 build/py/mpz.o
 .text.mpz_need_dig
                0x0000000000004dfc       0x7b build/py/mpz.o
 .text.mpz_clone
                0x0000000000004e77       0x9d build/py/mpz.o
 .text.mpz_set_from_int.part.4
                0x0000000000004f14       0x4d build/py/mpz.o
 .text.mpz_init_zero
                0x0000000000004f61       0x1c build/py/mpz.o
                0x0000000000004f61                mpz_init_zero
 .text.mpz_deinit
                0x0000000000004f7d       0x2f build/py/mpz.o
                0x0000000000004f7d                mpz_deinit
 .text.mpz_set  0x0000000000004fac       0x44 build/py/mpz.o
                0x0000000000004fac                mpz_set
 .text.mpz_set_from_int
                0x0000000000004ff0       0x1c build/py/mpz.o
                0x0000000000004ff0                mpz_set_from_int
 .text.mpz_init_from_int
                0x000000000000500c       0x23 build/py/mpz.o
                0x000000000000500c                mpz_init_from_int
 .text.mpz_init_fixed_from_int
                0x000000000000502f       0x38 build/py/mpz.o
                0x000000000000502f                mpz_init_fixed_from_int
 .text.mpz_set_from_ll
                0x0000000000005067       0x7d build/py/mpz.o
                0x0000000000005067                mpz_set_from_ll
 .text.mpz_set_from_float
                0x00000000000050e4      0x176 build/py/mpz.o
                0x00000000000050e4                mpz_set_from_float
 .text.mpz_set_from_str
                0x000000000000525a       0xf8 build/py/mpz.o
                0x000000000000525a                mpz_set_from_str
 .text.mpz_set_from_bytes
                0x0000000000005352       0xa2 build/py/mpz.o
                0x0000000000005352                mpz_set_from_bytes
 .text.mpz_cmp  0x00000000000053f4       0x54 build/py/mpz.o
                0x00000000000053f4                mpz_cmp
 .text.mpz_abs_inpl
                0x0000000000005448       0x23 build/py/mpz.o
                0x0000000000005448                mpz_abs_inpl
 .text.mpz_neg_inpl
                0x000000000000546b       0x30 build/py/mpz.o
                0x000000000000546b                mpz_neg_inpl
 .text.mpz_not_inpl
                0x000000000000549b       0x9f build/py/mpz.o
                0x000000000000549b                mpz_not_inpl
 .text.mpz_shl_inpl
                0x000000000000553a      0x103 build/py/mpz.o
                0x000000000000553a                mpz_shl_inpl
 .text.mpz_shr_inpl
                0x000000000000563d      0x101 build/py/mpz.o
                0x000000000000563d                mpz_shr_inpl
 .text.mpz_add_inpl
                0x000000000000573e       0x97 build/py/mpz.o
                0x000000000000573e                mpz_add_inpl
 .text.mpz_sub_inpl
                0x00000000000057d5       0xa7 build/py/mpz.o
                0x00000000000057d5                mpz_sub_inpl
 .text.mpz_and_inpl
                0x000000000000587c      0x14e build/py/mpz.o
                0x000000000000587c                mpz_and_inpl
 .text.mpz_or_inpl
                0x00000000000059ca      0x17b build/py/mpz.o
                0x00000000000059ca                mpz_or_inpl
 .text.mpz_xor_inpl
                0x0000000000005b45      0x12d build/py/mpz.o
                0x0000000000005b45                mpz_xor_inpl
 .text.mpz_mul_inpl
                0x0000000000005c72      0x14a build/py/mpz.o
                0x0000000000005c72                mpz_mul_inpl
 .text.mpz_pow_inpl
                0x0000000000005dbc       0xba build/py/mpz.o
                0x0000000000005dbc                mpz_pow_inpl
 .text.mpz_divmod_inpl
                0x0000000000005e76      0x3aa build/py/mpz.o
                0x0000000000005e76                mpz_divmod_inpl
 .text.mpz_hash
                0x0000000000006220       0x34 build/py/mpz.o
                0x0000000000006220                mpz_hash
 .text.mpz_as_int_checked
                0x0000000000006254       0x45 build/py/mpz.o
                0x0000000000006254                mpz_as_int_checked
 .text.mpz_as_bytes
                0x0000000000006299       0xa3 build/py/mpz.o
                0x0000000000006299                mpz_as_bytes
 .text.mpz_as_float
                0x000000000000633c       0x4c build/py/mpz.o
                0x000000000000633c                mpz_as_float
 .text.mpz_as_str_inpl
                0x0000000000006388      0x1b8 build/py/mpz.o
                0x0000000000006388                mpz_as_str_inpl
 .text.mp_reader_posix_close
                0x0000000000006540       0x39 build/py/reader.o
 .text.mp_reader_posix_readbyte
                0x0000000000006579       0x67 build/py/reader.o
 .text.mp_reader_new_file_from_fd
                0x00000000000065e0       0x95 build/py/reader.o
                0x00000000000065e0                mp_reader_new_file_from_fd
 .text.mp_reader_new_file
                0x0000000000006675       0x4b build/py/reader.o
                0x0000000000006675                mp_reader_new_file
 .text.next_char
                0x00000000000066c0       0x8d build/py/lexer.o
 .text.skip_whitespace
                0x000000000000674d       0x95 build/py/lexer.o
 .text.is_string_or_bytes
                0x00000000000067e2       0x6d build/py/lexer.o
 .text.mp_lexer_to_next
                0x000000000000684f      0x7c2 build/py/lexer.o
                0x000000000000684f                mp_lexer_to_next
 .text.mp_lexer_new
                0x0000000000007011       0xde build/py/lexer.o
                0x0000000000007011                mp_lexer_new
 .text.mp_lexer_new_from_file
                0x00000000000070ef       0x43 build/py/lexer.o
                0x00000000000070ef                mp_lexer_new_from_file
 .text.mp_lexer_free
                0x0000000000007132       0x46 build/py/lexer.o
                0x0000000000007132                mp_lexer_free
 .text.parser_alloc
                0x0000000000007178       0xb5 build/py/parse.o
 .text.push_result_node
                0x000000000000722d       0x53 build/py/parse.o
 .text.push_rule
                0x0000000000007280       0x71 build/py/parse.o
 .text.peek_result
                0x00000000000072f1       0x44 build/py/parse.o
 .text.pop_result
                0x0000000000007335       0x45 build/py/parse.o
 .text.push_rule_from_arg
                0x000000000000737a       0x5a build/py/parse.o
 .text.push_result_token
                0x00000000000073d4      0x196 build/py/parse.o
 .text.mp_parse_node_is_const_false
                0x000000000000756a       0x26 build/py/parse.o
                0x000000000000756a                mp_parse_node_is_const_false
 .text.mp_parse_node_is_const_true
                0x0000000000007590       0x26 build/py/parse.o
                0x0000000000007590                mp_parse_node_is_const_true
 .text.mp_parse_node_get_int_maybe
                0x00000000000075b6       0x59 build/py/parse.o
                0x00000000000075b6                mp_parse_node_get_int_maybe
 .text.push_result_rule
                0x000000000000760f      0x62c build/py/parse.o
 .text.mp_parse_node_extract_list
                0x0000000000007c3b       0x40 build/py/parse.o
                0x0000000000007c3b                mp_parse_node_extract_list
 .text.mp_parse
                0x0000000000007c7b      0x66e build/py/parse.o
                0x0000000000007c7b                mp_parse
 .text.mp_parse_tree_clear
                0x00000000000082e9       0x34 build/py/parse.o
                0x00000000000082e9                mp_parse_tree_clear
 .text.scope_new
                0x000000000000831d       0xa7 build/py/scope.o
                0x000000000000831d                scope_new
 .text.scope_free
                0x00000000000083c4       0x30 build/py/scope.o
                0x00000000000083c4                scope_free
 .text.scope_find
                0x00000000000083f4       0x29 build/py/scope.o
                0x00000000000083f4                scope_find
 .text.scope_find_or_add_id
                0x000000000000841d       0x79 build/py/scope.o
                0x000000000000841d                scope_find_or_add_id
 .text.scope_find_global
                0x0000000000008496       0x20 build/py/scope.o
                0x0000000000008496                scope_find_global
 .text.scope_check_to_close_over
                0x00000000000084b6       0xc8 build/py/scope.o
                0x00000000000084b6                scope_check_to_close_over
 .text.apply_to_single_or_list
                0x000000000000857e       0x54 build/py/compile.o
 .text.compile_del_stmt
                0x00000000000085d2       0x2b build/py/compile.o
 .text.compile_import_name
                0x00000000000085fd       0x2b build/py/compile.o
 .text.scope_new_and_link
                0x0000000000008628       0x4f build/py/compile.o
 .text.compile_trailer_period
                0x0000000000008677       0x31 build/py/compile.o
 .text.compile_load_id
                0x00000000000086a8       0x3e build/py/compile.o
 .text.compile_store_id
                0x00000000000086e6       0x3d build/py/compile.o
 .text.compile_delete_id
                0x0000000000008723       0x3d build/py/compile.o
 .text.compile_const_object
                0x0000000000008760       0x2b build/py/compile.o
 .text.close_over_variables_etc
                0x000000000000878b      0x131 build/py/compile.o
 .text.compile_funcdef_lambdef
                0x00000000000088bc       0xb2 build/py/compile.o
 .text.compile_lambdef
                0x000000000000896e       0x4a build/py/compile.o
 .text.compile_funcdef_helper
                0x00000000000089b8       0x49 build/py/compile.o
 .text.compile_funcdef
                0x0000000000008a01       0x25 build/py/compile.o
 .text.compile_increase_except_level
                0x0000000000008a26       0x40 build/py/compile.o
 .text.compile_error_set_line.isra.1
                0x0000000000008a66       0x17 build/py/compile.o
 .text.compile_syntax_error
                0x0000000000008a7d       0x4a build/py/compile.o
 .text.compile_scope_func_lambda_param
                0x0000000000008ac7      0x195 build/py/compile.o
 .text.compile_scope_lambda_param
                0x0000000000008c5c       0x22 build/py/compile.o
 .text.compile_scope_func_param
                0x0000000000008c7e       0x22 build/py/compile.o
 .text.compile_star_expr
                0x0000000000008ca0       0x1f build/py/compile.o
 .text.compile_yield_from.isra.6
                0x0000000000008cbf       0x3d build/py/compile.o
 .text.compile_await_object_method
                0x0000000000008cfc       0x3d build/py/compile.o
 .text.compile_node
                0x0000000000008d39      0x128 build/py/compile.o
 .text.c_assign
                0x0000000000008e61      0x332 build/py/compile.o
 .text.c_assign_tuple
                0x0000000000009193      0x12f build/py/compile.o
 .text.compile_dictorsetmaker_item
                0x00000000000092c2       0x22 build/py/compile.o
 .text.compile_subscript
                0x00000000000092e4      0x156 build/py/compile.o
 .text.compile_trailer_bracket
                0x000000000000943a       0x36 build/py/compile.o
 .text.c_tuple  0x0000000000009470       0x74 build/py/compile.o
 .text.compile_generic_tuple
                0x00000000000094e4       0x11 build/py/compile.o
 .text.compile_yield_stmt
                0x00000000000094f5       0x35 build/py/compile.o
 .text.c_del_stmt
                0x000000000000952a      0x23f build/py/compile.o
 .text.compile_generic_all_nodes
                0x0000000000009769       0x4e build/py/compile.o
 .text.compile_power
                0x00000000000097b7       0x34 build/py/compile.o
 .text.compile_comprehension
                0x00000000000097eb       0xe2 build/py/compile.o
 .text.compile_atom_paren
                0x00000000000098cd       0xda build/py/compile.o
 .text.compile_trailer_paren_helper
                0x00000000000099a7      0x1de build/py/compile.o
 .text.compile_classdef_helper
                0x0000000000009b85       0x9e build/py/compile.o
 .text.compile_classdef
                0x0000000000009c23       0x25 build/py/compile.o
 .text.compile_trailer_paren
                0x0000000000009c48       0x1b build/py/compile.o
 .text.compile_atom_bracket
                0x0000000000009c63      0x114 build/py/compile.o
 .text.compile_decorated
                0x0000000000009d77      0x232 build/py/compile.o
 .text.compile_atom_brace
                0x0000000000009fa9      0x1f9 build/py/compile.o
 .text.compile_funcdef_lambdef_param
                0x000000000000a1a2      0x167 build/py/compile.o
 .text.compile_atom_expr_normal
                0x000000000000a309      0x1ce build/py/compile.o
 .text.compile_term
                0x000000000000a4d7       0xda build/py/compile.o
 .text.compile_binary_op
                0x000000000000a5b1       0x68 build/py/compile.o
 .text.compile_expr_stmt
                0x000000000000a619      0x2d6 build/py/compile.o
 .text.compile_not_test_2
                0x000000000000a8ef       0x36 build/py/compile.o
 .text.compile_or_and_test
                0x000000000000a925       0x8c build/py/compile.o
 .text.compile_comparison
                0x000000000000a9b1      0x1a3 build/py/compile.o
 .text.compile_for_stmt
                0x000000000000ab54      0x461 build/py/compile.o
 .text.c_if_cond
                0x000000000000afb5      0x1b9 build/py/compile.o
 .text.compile_scope_comp_iter
                0x000000000000b16e      0x143 build/py/compile.o
 .text.compile_scope
                0x000000000000b2b1      0x488 build/py/compile.o
 .text.compile_while_stmt
                0x000000000000b739      0x107 build/py/compile.o
 .text.compile_if_stmt
                0x000000000000b840      0x1bf build/py/compile.o
 .text.compile_test_if_expr
                0x000000000000b9ff       0xc8 build/py/compile.o
 .text.compile_yield_expr
                0x000000000000bac7       0x8f build/py/compile.o
 .text.compile_return_stmt
                0x000000000000bb56       0xcf build/py/compile.o
 .text.compile_atom_expr_await
                0x000000000000bc25       0x4e build/py/compile.o
 .text.compile_factor_2
                0x000000000000bc73       0x7a build/py/compile.o
 .text.compile_decrease_except_level
                0x000000000000bced       0x4f build/py/compile.o
 .text.compile_with_stmt_helper
                0x000000000000bd3c       0xce build/py/compile.o
 .text.compile_try_except
                0x000000000000be0a      0x290 build/py/compile.o
 .text.compile_try_finally
                0x000000000000c09a       0xe9 build/py/compile.o
 .text.compile_try_stmt
                0x000000000000c183       0xcb build/py/compile.o
 .text.compile_async_with_stmt_helper
                0x000000000000c24e      0x2cc build/py/compile.o
 .text.compile_with_stmt
                0x000000000000c51a       0x68 build/py/compile.o
 .text.compile_async_stmt
                0x000000000000c582      0x2b6 build/py/compile.o
 .text.compile_assert_stmt
                0x000000000000c838       0x98 build/py/compile.o
 .text.compile_raise_stmt
                0x000000000000c8d0       0x6f build/py/compile.o
 .text.compile_global_nonlocal_stmt
                0x000000000000c93f      0x103 build/py/compile.o
 .text.do_import_name.isra.19
                0x000000000000ca42      0x1a2 build/py/compile.o
 .text.compile_import_from
                0x000000000000cbe4      0x225 build/py/compile.o
 .text.compile_dotted_as_name
                0x000000000000ce09       0x4e build/py/compile.o
 .text.compile_break_cont_stmt
                0x000000000000ce57       0x88 build/py/compile.o
 .text.mp_compile_to_raw_code
                0x000000000000cedf      0x3b8 build/py/compile.o
                0x000000000000cedf                mp_compile_to_raw_code
 .text.__x86.get_pc_thunk.si
                0x000000000000d297        0x4 build/py/compile.o
                0x000000000000d297                __x86.get_pc_thunk.si
 .text.mp_emit_common_get_id_for_modification
                0x000000000000d29b       0x36 build/py/emitcommon.o
                0x000000000000d29b                mp_emit_common_get_id_for_modification
 .text.mp_emit_common_id_op
                0x000000000000d2d1       0xca build/py/emitcommon.o
                0x000000000000d2d1                mp_emit_common_id_op
 .text.emit_write_uint
                0x000000000000d39b       0x5c build/py/emitbc.o
 .text.emit_get_cur_to_write_code_info
                0x000000000000d3f7       0x54 build/py/emitbc.o
 .text.emit_write_code_info_byte
                0x000000000000d44b       0x1b build/py/emitbc.o
 .text.emit_write_code_info_qstr
                0x000000000000d466       0x58 build/py/emitbc.o
 .text.emit_get_cur_to_write_bytecode
                0x000000000000d4be       0x5a build/py/emitbc.o
 .text.emit_write_bytecode_byte
                0x000000000000d518       0x1b build/py/emitbc.o
 .text.emit_write_bytecode_byte_uint
                0x000000000000d533       0x36 build/py/emitbc.o
 .text.emit_write_bytecode_byte_raw_code
                0x000000000000d569       0x40 build/py/emitbc.o
 .text.mp_emit_bc_delete_local
                0x000000000000d5a9       0x18 build/py/emitbc.o
                0x000000000000d5a9                mp_emit_bc_delete_local
 .text.emit_write_bytecode_byte_signed_label
                0x000000000000d5c1       0x43 build/py/emitbc.o
 .text.emit_write_bytecode_byte_unsigned_label
                0x000000000000d604       0x43 build/py/emitbc.o
 .text.emit_write_bytecode_byte_qstr
                0x000000000000d647       0x64 build/py/emitbc.o
 .text.emit_write_bytecode_byte_obj.constprop.8
                0x000000000000d6ab       0x38 build/py/emitbc.o
 .text.emit_bc_new
                0x000000000000d6e3       0x1e build/py/emitbc.o
                0x000000000000d6e3                emit_bc_new
 .text.emit_bc_set_max_num_labels
                0x000000000000d701       0x32 build/py/emitbc.o
                0x000000000000d701                emit_bc_set_max_num_labels
 .text.emit_bc_free
                0x000000000000d733       0x30 build/py/emitbc.o
                0x000000000000d733                emit_bc_free
 .text.mp_emit_bc_start_pass
                0x000000000000d763      0x1e6 build/py/emitbc.o
                0x000000000000d763                mp_emit_bc_start_pass
 .text.mp_emit_bc_end_pass
                0x000000000000d949       0xfd build/py/emitbc.o
                0x000000000000d949                mp_emit_bc_end_pass
 .text.mp_emit_bc_last_emit_was_return_value
                0x000000000000da46        0xf build/py/emitbc.o
                0x000000000000da46                mp_emit_bc_last_emit_was_return_value
 .text.mp_emit_bc_adjust_stack_size
                0x000000000000da55       0x5b build/py/emitbc.o
                0x000000000000da55                mp_emit_bc_adjust_stack_size
 .text.mp_emit_bc_load_local
                0x000000000000dab0       0x4f build/py/emitbc.o
                0x000000000000dab0                mp_emit_bc_load_local
 .text.mp_emit_bc_load_global
                0x000000000000daff       0x5f build/py/emitbc.o
                0x000000000000daff                mp_emit_bc_load_global
 .text.mp_emit_bc_store_local
                0x000000000000db5e       0x4f build/py/emitbc.o
                0x000000000000db5e                mp_emit_bc_store_local
 .text.mp_emit_bc_store_global
                0x000000000000dbad       0x33 build/py/emitbc.o
                0x000000000000dbad                mp_emit_bc_store_global
 .text.mp_emit_bc_delete_global
                0x000000000000dbe0       0x33 build/py/emitbc.o
                0x000000000000dbe0                mp_emit_bc_delete_global
 .text.emit_bc_call_function_method_helper
                0x000000000000dc13       0x6f build/py/emitbc.o
 .text.mp_emit_bc_set_source_line
                0x000000000000dc82       0xe5 build/py/emitbc.o
                0x000000000000dc82                mp_emit_bc_set_source_line
 .text.mp_emit_bc_label_assign
                0x000000000000dd67       0xac build/py/emitbc.o
                0x000000000000dd67                mp_emit_bc_label_assign
 .text.mp_emit_bc_import
                0x000000000000de13       0x61 build/py/emitbc.o
                0x000000000000de13                mp_emit_bc_import
 .text.mp_emit_bc_load_const_tok
                0x000000000000de74       0x8c build/py/emitbc.o
                0x000000000000de74                mp_emit_bc_load_const_tok
 .text.mp_emit_bc_load_const_small_int
                0x000000000000df00       0xaf build/py/emitbc.o
                0x000000000000df00                mp_emit_bc_load_const_small_int
 .text.mp_emit_bc_load_const_str
                0x000000000000dfaf       0x2c build/py/emitbc.o
                0x000000000000dfaf                mp_emit_bc_load_const_str
 .text.mp_emit_bc_load_const_obj
                0x000000000000dfdb       0x27 build/py/emitbc.o
                0x000000000000dfdb                mp_emit_bc_load_const_obj
 .text.mp_emit_bc_load_null
                0x000000000000e002       0x25 build/py/emitbc.o
                0x000000000000e002                mp_emit_bc_load_null
 .text.mp_emit_bc_load_method
                0x000000000000e027       0x46 build/py/emitbc.o
                0x000000000000e027                mp_emit_bc_load_method
 .text.mp_emit_bc_load_build_class
                0x000000000000e06d       0x25 build/py/emitbc.o
                0x000000000000e06d                mp_emit_bc_load_build_class
 .text.mp_emit_bc_dup_top
                0x000000000000e092       0x25 build/py/emitbc.o
                0x000000000000e092                mp_emit_bc_dup_top
 .text.mp_emit_bc_dup_top_two
                0x000000000000e0b7       0x25 build/py/emitbc.o
                0x000000000000e0b7                mp_emit_bc_dup_top_two
 .text.mp_emit_bc_pop_top
                0x000000000000e0dc       0x25 build/py/emitbc.o
                0x000000000000e0dc                mp_emit_bc_pop_top
 .text.mp_emit_bc_rot_two
                0x000000000000e101       0x25 build/py/emitbc.o
                0x000000000000e101                mp_emit_bc_rot_two
 .text.mp_emit_bc_attr
                0x000000000000e126       0x8c build/py/emitbc.o
                0x000000000000e126                mp_emit_bc_attr
 .text.mp_emit_bc_rot_three
                0x000000000000e1b2       0x25 build/py/emitbc.o
                0x000000000000e1b2                mp_emit_bc_rot_three
 .text.mp_emit_bc_subscr
                0x000000000000e1d7       0x59 build/py/emitbc.o
                0x000000000000e1d7                mp_emit_bc_subscr
 .text.mp_emit_bc_jump
                0x000000000000e230       0x2c build/py/emitbc.o
                0x000000000000e230                mp_emit_bc_jump
 .text.mp_emit_bc_pop_jump_if
                0x000000000000e25c       0x3e build/py/emitbc.o
                0x000000000000e25c                mp_emit_bc_pop_jump_if
 .text.mp_emit_bc_jump_if_or_pop
                0x000000000000e29a       0x3e build/py/emitbc.o
                0x000000000000e29a                mp_emit_bc_jump_if_or_pop
 .text.mp_emit_bc_unwind_jump
                0x000000000000e2d8       0xa7 build/py/emitbc.o
                0x000000000000e2d8                mp_emit_bc_unwind_jump
 .text.mp_emit_bc_setup_block
                0x000000000000e37f       0x3f build/py/emitbc.o
                0x000000000000e37f                mp_emit_bc_setup_block
 .text.mp_emit_bc_end_finally
                0x000000000000e3be       0x25 build/py/emitbc.o
                0x000000000000e3be                mp_emit_bc_end_finally
 .text.mp_emit_bc_get_iter
                0x000000000000e3e3       0x3b build/py/emitbc.o
                0x000000000000e3e3                mp_emit_bc_get_iter
 .text.mp_emit_bc_for_iter
                0x000000000000e41e       0x2c build/py/emitbc.o
                0x000000000000e41e                mp_emit_bc_for_iter
 .text.mp_emit_bc_for_iter_end
                0x000000000000e44a       0x15 build/py/emitbc.o
                0x000000000000e44a                mp_emit_bc_for_iter_end
 .text.mp_emit_bc_pop_block
                0x000000000000e45f       0x25 build/py/emitbc.o
                0x000000000000e45f                mp_emit_bc_pop_block
 .text.mp_emit_bc_with_cleanup
                0x000000000000e484       0x55 build/py/emitbc.o
                0x000000000000e484                mp_emit_bc_with_cleanup
 .text.mp_emit_bc_pop_except
                0x000000000000e4d9       0x25 build/py/emitbc.o
                0x000000000000e4d9                mp_emit_bc_pop_except
 .text.mp_emit_bc_unary_op
                0x000000000000e4fe       0x2b build/py/emitbc.o
                0x000000000000e4fe                mp_emit_bc_unary_op
 .text.mp_emit_bc_binary_op
                0x000000000000e529       0x79 build/py/emitbc.o
                0x000000000000e529                mp_emit_bc_binary_op
 .text.mp_emit_bc_build
                0x000000000000e5a2       0x46 build/py/emitbc.o
                0x000000000000e5a2                mp_emit_bc_build
 .text.mp_emit_bc_store_map
                0x000000000000e5e8       0x25 build/py/emitbc.o
                0x000000000000e5e8                mp_emit_bc_store_map
 .text.mp_emit_bc_store_comp
                0x000000000000e60d       0x60 build/py/emitbc.o
                0x000000000000e60d                mp_emit_bc_store_comp
 .text.mp_emit_bc_unpack_sequence
                0x000000000000e66d       0x2e build/py/emitbc.o
                0x000000000000e66d                mp_emit_bc_unpack_sequence
 .text.mp_emit_bc_unpack_ex
                0x000000000000e69b       0x39 build/py/emitbc.o
                0x000000000000e69b                mp_emit_bc_unpack_ex
 .text.mp_emit_bc_make_function
                0x000000000000e6d4       0x4c build/py/emitbc.o
                0x000000000000e6d4                mp_emit_bc_make_function
 .text.mp_emit_bc_make_closure
                0x000000000000e720       0xa5 build/py/emitbc.o
                0x000000000000e720                mp_emit_bc_make_closure
 .text.mp_emit_bc_call_function
                0x000000000000e7c5       0x27 build/py/emitbc.o
                0x000000000000e7c5                mp_emit_bc_call_function
 .text.mp_emit_bc_call_method
                0x000000000000e7ec       0x28 build/py/emitbc.o
                0x000000000000e7ec                mp_emit_bc_call_method
 .text.mp_emit_bc_return_value
                0x000000000000e814       0x29 build/py/emitbc.o
                0x000000000000e814                mp_emit_bc_return_value
 .text.mp_emit_bc_raise_varargs
                0x000000000000e83d       0x63 build/py/emitbc.o
                0x000000000000e83d                mp_emit_bc_raise_varargs
 .text.mp_emit_bc_yield
                0x000000000000e8a0       0x36 build/py/emitbc.o
                0x000000000000e8a0                mp_emit_bc_yield
 .text.mp_emit_bc_start_except_handler
                0x000000000000e8d6       0x15 build/py/emitbc.o
                0x000000000000e8d6                mp_emit_bc_start_except_handler
 .text.mp_emit_bc_end_except_handler
                0x000000000000e8eb       0x15 build/py/emitbc.o
                0x000000000000e8eb                mp_emit_bc_end_except_handler
 .text.mp_format_float
                0x000000000000e900      0x607 build/py/formatfloat.o
                0x000000000000e900                mp_format_float
 .text.mp_parse_num_base
                0x000000000000ef07       0xa2 build/py/parsenumbase.o
                0x000000000000ef07                mp_parse_num_base
 .text.raise_exc
                0x000000000000efa9       0x37 build/py/parsenum.o
 .text.mp_parse_num_integer
                0x000000000000efe0      0x1ba build/py/parsenum.o
                0x000000000000efe0                mp_parse_num_integer
 .text.mp_parse_num_decimal
                0x000000000000f19a      0x3bd build/py/parsenum.o
                0x000000000000f19a                mp_parse_num_decimal
 .text.mp_emit_glue_new_raw_code
                0x000000000000f557       0x28 build/py/emitglue.o
                0x000000000000f557                mp_emit_glue_new_raw_code
 .text.mp_emit_glue_assign_bytecode
                0x000000000000f57f       0x4c build/py/emitglue.o
                0x000000000000f57f                mp_emit_glue_assign_bytecode
 .text.mp_print_bytes
                0x000000000000f5cb       0x16 build/py/persistentcode.o
 .text.mp_print_uint
                0x000000000000f5e1       0x3b build/py/persistentcode.o
 .text.save_qstr
                0x000000000000f61c       0x41 build/py/persistentcode.o
 .text.save_raw_code
                0x000000000000f65d      0x2df build/py/persistentcode.o
 .text.fd_print_strn
                0x000000000000f93c       0x28 build/py/persistentcode.o
 .text.mp_raw_code_save
                0x000000000000f964       0x4c build/py/persistentcode.o
                0x000000000000f964                mp_raw_code_save
 .text.mp_raw_code_save_file
                0x000000000000f9b0       0x53 build/py/persistentcode.o
                0x000000000000f9b0                mp_raw_code_save_file
 .text.mp_init  0x000000000000fa03       0x68 build/py/runtime.o
                0x000000000000fa03                mp_init
 .text.mp_deinit
                0x000000000000fa6b        0x5 build/py/runtime.o
                0x000000000000fa6b                mp_deinit
 .text.mp_unary_op
                0x000000000000fa70      0x1be build/py/runtime.o
                0x000000000000fa70                mp_unary_op
 .text.mp_call_function_n_kw
                0x000000000000fc2e       0x78 build/py/runtime.o
                0x000000000000fc2e                mp_call_function_n_kw
 .text.mp_call_function_1
                0x000000000000fca6       0x18 build/py/runtime.o
                0x000000000000fca6                mp_call_function_1
 .text.checked_fun_call
                0x000000000000fcbe       0x83 build/py/runtime.o
 .text.mp_call_method_n_kw
                0x000000000000fd41       0x2a build/py/runtime.o
                0x000000000000fd41                mp_call_method_n_kw
 .text.mp_convert_member_lookup
                0x000000000000fd6b       0xf0 build/py/runtime.o
                0x000000000000fd6b                mp_convert_member_lookup
 .text.mp_load_method_maybe
                0x000000000000fe5b       0xf3 build/py/runtime.o
                0x000000000000fe5b                mp_load_method_maybe
 .text.mp_getiter
                0x000000000000ff4e       0xe4 build/py/runtime.o
                0x000000000000ff4e                mp_getiter
 .text.mp_iternext_allow_raise
                0x0000000000010032       0x82 build/py/runtime.o
                0x0000000000010032                mp_iternext_allow_raise
 .text.mp_iternext
                0x00000000000100b4       0xd8 build/py/runtime.o
                0x00000000000100b4                mp_iternext
 .text.mp_raise_msg
                0x000000000001018c       0x36 build/py/runtime.o
                0x000000000001018c                mp_raise_msg
 .text.m_malloc_fail
                0x00000000000101c2       0x47 build/py/runtime.o
                0x00000000000101c2                m_malloc_fail
 .text.mp_raise_ValueError
                0x0000000000010209       0x1e build/py/runtime.o
                0x0000000000010209                mp_raise_ValueError
 .text.mp_binary_op
                0x0000000000010227      0x4a9 build/py/runtime.o
                0x0000000000010227                mp_binary_op
 .text.mp_raise_TypeError
                0x00000000000106d0       0x1e build/py/runtime.o
                0x00000000000106d0                mp_raise_TypeError
 .text.mp_raise_OSError
                0x00000000000106ee       0x2e build/py/runtime.o
                0x00000000000106ee                mp_raise_OSError
 .text.mp_raise_NotImplementedError
                0x000000000001071c       0x1e build/py/runtime.o
                0x000000000001071c                mp_raise_NotImplementedError
 .text.mp_raise_recursion_depth
                0x000000000001073a       0x2a build/py/runtime.o
                0x000000000001073a                mp_raise_recursion_depth
 .text.mp_stack_ctrl_init
                0x0000000000010764       0x1d build/py/stackctrl.o
                0x0000000000010764                mp_stack_ctrl_init
 .text.mp_stack_set_limit
                0x0000000000010781       0x1b build/py/stackctrl.o
                0x0000000000010781                mp_stack_set_limit
 .text.mp_stack_check
                0x000000000001079c       0x2f build/py/stackctrl.o
                0x000000000001079c                mp_stack_check
 .text.mp_arg_check_num_sig
                0x00000000000107cb       0x85 build/py/argcheck.o
                0x00000000000107cb                mp_arg_check_num_sig
 .text.mp_arg_parse_all
                0x0000000000010850      0x13a build/py/argcheck.o
                0x0000000000010850                mp_arg_parse_all
 .text.mp_arg_parse_all_kw_array
                0x000000000001098a       0x4a build/py/argcheck.o
                0x000000000001098a                mp_arg_parse_all_kw_array
 .text.mp_arg_error_unimpl_kw
                0x00000000000109d4       0x1e build/py/argcheck.o
                0x00000000000109d4                mp_arg_error_unimpl_kw
 .text.mp_map_init
                0x00000000000109f2       0x50 build/py/map.o
                0x00000000000109f2                mp_map_init
 .text.mp_map_init_fixed_table
                0x0000000000010a42       0x29 build/py/map.o
                0x0000000000010a42                mp_map_init_fixed_table
 .text.mp_map_deinit
                0x0000000000010a6b       0x37 build/py/map.o
                0x0000000000010a6b                mp_map_deinit
 .text.mp_map_clear
                0x0000000000010aa2       0x4a build/py/map.o
                0x0000000000010aa2                mp_map_clear
 .text.mp_map_lookup
                0x0000000000010aec      0x205 build/py/map.o
                0x0000000000010aec                mp_map_lookup
 .text.mp_map_rehash
                0x0000000000010cf1       0xb0 build/py/map.o
 .text.mp_obj_get_type
                0x0000000000010da1       0x43 build/py/obj.o
                0x0000000000010da1                mp_obj_get_type
 .text.mp_obj_get_type_str
                0x0000000000010de4       0x29 build/py/obj.o
                0x0000000000010de4                mp_obj_get_type_str
 .text.mp_obj_print_helper
                0x0000000000010e0d       0x80 build/py/obj.o
                0x0000000000010e0d                mp_obj_print_helper
 .text.mp_obj_print_exception
                0x0000000000010e8d      0x11b build/py/obj.o
                0x0000000000010e8d                mp_obj_print_exception
 .text.mp_obj_equal
                0x0000000000010fa8       0xfd build/py/obj.o
                0x0000000000010fa8                mp_obj_equal
 .text.mp_obj_get_int
                0x00000000000110a5       0x64 build/py/obj.o
                0x00000000000110a5                mp_obj_get_int
 .text.mp_obj_get_int_truncated
                0x0000000000011109       0x42 build/py/obj.o
                0x0000000000011109                mp_obj_get_int_truncated
 .text.mp_obj_get_int_maybe
                0x000000000001114b       0x69 build/py/obj.o
                0x000000000001114b                mp_obj_get_int_maybe
 .text.mp_obj_get_float_maybe
                0x00000000000111b4       0x78 build/py/obj.o
                0x00000000000111b4                mp_obj_get_float_maybe
 .text.mp_obj_get_float
                0x000000000001122c       0x58 build/py/obj.o
                0x000000000001122c                mp_obj_get_float
 .text.mp_obj_get_complex
                0x0000000000011284       0xc4 build/py/obj.o
                0x0000000000011284                mp_obj_get_complex
 .text.mp_obj_get_array
                0x0000000000011348       0x74 build/py/obj.o
                0x0000000000011348                mp_obj_get_array
 .text.mp_get_index
                0x00000000000113bc       0xd2 build/py/obj.o
                0x00000000000113bc                mp_get_index
 .text.mp_obj_len_maybe
                0x000000000001148e       0x4a build/py/obj.o
                0x000000000001148e                mp_obj_len_maybe
 .text.mp_obj_is_true
                0x00000000000114d8       0x7e build/py/obj.o
                0x00000000000114d8                mp_obj_is_true
 .text.mp_obj_subscr
                0x0000000000011556       0x9c build/py/obj.o
                0x0000000000011556                mp_obj_subscr
 .text.mp_identity_getiter
                0x00000000000115f2        0x8 build/py/obj.o
                0x00000000000115f2                mp_identity_getiter
 .text.mp_get_buffer
                0x00000000000115fa       0x2f build/py/obj.o
                0x00000000000115fa                mp_get_buffer
 .text.mp_get_buffer_raise
                0x0000000000011629       0x3b build/py/obj.o
                0x0000000000011629                mp_get_buffer_raise
 .text.mp_generic_unary_op
                0x0000000000011664       0x19 build/py/obj.o
                0x0000000000011664                mp_generic_unary_op
 .text.bool_binary_op
                0x000000000001167d       0x2f build/py/objbool.o
 .text.bool_unary_op
                0x00000000000116ac       0x37 build/py/objbool.o
 .text.bool_print
                0x00000000000116e3       0x3d build/py/objbool.o
 .text.bool_make_new
                0x0000000000011720       0x4f build/py/objbool.o
 .text.mp_call_method_self_n_kw
                0x000000000001176f       0xa1 build/py/objboundmeth.o
                0x000000000001176f                mp_call_method_self_n_kw
 .text.complex_print
                0x0000000000011810       0xdc build/py/objcomplex.o
 .text.complex_attr
                0x00000000000118ec       0x51 build/py/objcomplex.o
 .text.mp_obj_new_complex
                0x000000000001193d       0x3e build/py/objcomplex.o
                0x000000000001193d                mp_obj_new_complex
 .text.complex_unary_op
                0x000000000001197b       0xe9 build/py/objcomplex.o
 .text.mp_obj_complex_get
                0x0000000000011a64       0x55 build/py/objcomplex.o
                0x0000000000011a64                mp_obj_complex_get
 .text.complex_make_new
                0x0000000000011ab9      0x140 build/py/objcomplex.o
 .text.mp_obj_complex_binary_op
                0x0000000000011bf9      0x285 build/py/objcomplex.o
                0x0000000000011bf9                mp_obj_complex_binary_op
 .text.complex_binary_op
                0x0000000000011e7e       0x22 build/py/objcomplex.o
 .text.dict_view_getiter
                0x0000000000011ea0       0x31 build/py/objdict.o
 .text.dict_getiter
                0x0000000000011ed1       0x2f build/py/objdict.o
 .text.dict_values
                0x0000000000011f00       0x33 build/py/objdict.o
 .text.mp_ensure_not_fixed
                0x0000000000011f33       0x25 build/py/objdict.o
 .text.dict_clear
                0x0000000000011f58       0x32 build/py/objdict.o
 .text.dict_unary_op
                0x0000000000011f8a       0x45 build/py/objdict.o
 .text.dict_get_helper
                0x0000000000011fcf       0x94 build/py/objdict.o
 .text.dict_setdefault
                0x0000000000012063       0x14 build/py/objdict.o
 .text.dict_pop
                0x0000000000012077       0x14 build/py/objdict.o
 .text.dict_get
                0x000000000001208b       0x11 build/py/objdict.o
 .text.dict_iter_next
                0x000000000001209c       0x3f build/py/objdict.o
 .text.dict_view_it_iternext
                0x00000000000120db       0x64 build/py/objdict.o
 .text.dict_view_print
                0x000000000001213f       0xc2 build/py/objdict.o
 .text.dict_print
                0x0000000000012201       0xb1 build/py/objdict.o
 .text.dict_update
                0x00000000000122b2      0x197 build/py/objdict.o
 .text.dict_popitem
                0x0000000000012449       0x76 build/py/objdict.o
 .text.dict_binary_op
                0x00000000000124bf       0xc5 build/py/objdict.o
 .text.dict_view_binary_op
                0x0000000000012584       0x2b build/py/objdict.o
 .text.dict_items
                0x00000000000125af       0x33 build/py/objdict.o
 .text.dict_keys
                0x00000000000125e2       0x33 build/py/objdict.o
 .text.mp_obj_dict_get
                0x0000000000012615       0x4a build/py/objdict.o
                0x0000000000012615                mp_obj_dict_get
 .text.mp_obj_dict_init
                0x000000000001265f       0x32 build/py/objdict.o
                0x000000000001265f                mp_obj_dict_init
 .text.mp_obj_new_dict
                0x0000000000012691       0x2f build/py/objdict.o
                0x0000000000012691                mp_obj_new_dict
 .text.dict_fromkeys
                0x00000000000126c0       0x98 build/py/objdict.o
 .text.dict_copy
                0x0000000000012758       0x67 build/py/objdict.o
 .text.dict_make_new
                0x00000000000127bf       0x6d build/py/objdict.o
 .text.mp_obj_dict_store
                0x000000000001282c       0x38 build/py/objdict.o
                0x000000000001282c                mp_obj_dict_store
 .text.mp_obj_dict_delete
                0x0000000000012864       0x2d build/py/objdict.o
                0x0000000000012864                mp_obj_dict_delete
 .text.dict_subscr
                0x0000000000012891       0x75 build/py/objdict.o
 .text.mp_obj_exception_print
                0x0000000000012906       0xb7 build/py/objexcept.o
                0x0000000000012906                mp_obj_exception_print
 .text.mp_obj_exception_make_new
                0x00000000000129bd       0x9d build/py/objexcept.o
                0x00000000000129bd                mp_obj_exception_make_new
 .text.exc_add_strn
                0x0000000000012a5a       0x83 build/py/objexcept.o
 .text.mp_obj_exception_get_value
                0x0000000000012add       0x27 build/py/objexcept.o
                0x0000000000012add                mp_obj_exception_get_value
 .text.mp_obj_exception_attr
                0x0000000000012b04       0x68 build/py/objexcept.o
                0x0000000000012b04                mp_obj_exception_attr
 .text.mp_obj_new_exception_args
                0x0000000000012b6c       0x50 build/py/objexcept.o
                0x0000000000012b6c                mp_obj_new_exception_args
 .text.mp_obj_new_exception
                0x0000000000012bbc       0x14 build/py/objexcept.o
                0x0000000000012bbc                mp_obj_new_exception
 .text.mp_obj_new_exception_arg1
                0x0000000000012bd0       0x16 build/py/objexcept.o
                0x0000000000012bd0                mp_obj_new_exception_arg1
 .text.mp_obj_new_exception_msg
                0x0000000000012be6       0xb7 build/py/objexcept.o
                0x0000000000012be6                mp_obj_new_exception_msg
 .text.mp_obj_new_exception_msg_varg
                0x0000000000012c9d      0x139 build/py/objexcept.o
                0x0000000000012c9d                mp_obj_new_exception_msg_varg
 .text.mp_obj_is_exception_type
                0x0000000000012dd6       0x46 build/py/objexcept.o
                0x0000000000012dd6                mp_obj_is_exception_type
 .text.mp_obj_is_exception_instance
                0x0000000000012e1c       0x29 build/py/objexcept.o
                0x0000000000012e1c                mp_obj_is_exception_instance
 .text.mp_obj_exception_match
                0x0000000000012e45       0x43 build/py/objexcept.o
                0x0000000000012e45                mp_obj_exception_match
 .text.mp_obj_exception_add_traceback
                0x0000000000012e88       0xe3 build/py/objexcept.o
                0x0000000000012e88                mp_obj_exception_add_traceback
 .text.mp_obj_exception_get_traceback
                0x0000000000012f6b       0x8d build/py/objexcept.o
                0x0000000000012f6b                mp_obj_exception_get_traceback
 .text.mp_obj_float_divmod
                0x0000000000012ff8       0xe8 build/py/objfloat.o
 .text.mp_obj_new_float
                0x00000000000130e0       0x32 build/py/objfloat.o
                0x00000000000130e0                mp_obj_new_float
 .text.float_make_new
                0x0000000000013112       0x8e build/py/objfloat.o
 .text.mp_obj_float_get
                0x00000000000131a0       0x48 build/py/objfloat.o
                0x00000000000131a0                mp_obj_float_get
 .text.float_unary_op
                0x00000000000131e8       0xa4 build/py/objfloat.o
 .text.float_print
                0x000000000001328c       0x8f build/py/objfloat.o
 .text.mp_obj_float_binary_op
                0x000000000001331b      0x2bc build/py/objfloat.o
                0x000000000001331b                mp_obj_float_binary_op
 .text.float_binary_op
                0x00000000000135d7       0x65 build/py/objfloat.o
 .text.fun_builtin_0_call
                0x000000000001363c       0x5f build/py/objfun.o
 .text.fun_builtin_1_call
                0x000000000001369b       0x6f build/py/objfun.o
 .text.fun_builtin_2_call
                0x000000000001370a       0x75 build/py/objfun.o
 .text.fun_builtin_3_call
                0x000000000001377f       0x7b build/py/objfun.o
 .text.fun_builtin_var_call
                0x00000000000137fa       0x8f build/py/objfun.o
 .text.it_iternext
                0x0000000000013889       0x7d build/py/objgetitemiter.o
 .text.mp_obj_new_getitem_iter
                0x0000000000013906       0x30 build/py/objgetitemiter.o
                0x0000000000013906                mp_obj_new_getitem_iter
 .text.int_to_bytes
                0x0000000000013936       0xbd build/py/objint.o
 .text.int_from_bytes
                0x00000000000139f3       0x9e build/py/objint.o
 .text.mp_obj_new_int_from_float
                0x0000000000013a91       0xcc build/py/objint.o
                0x0000000000013a91                mp_obj_new_int_from_float
 .text.mp_obj_int_make_new
                0x0000000000013b5d       0xd8 build/py/objint.o
 .text.mp_int_format_size
                0x0000000000013c35       0x8b build/py/objint.o
                0x0000000000013c35                mp_int_format_size
 .text.mp_obj_int_formatted
                0x0000000000013cc0      0x192 build/py/objint.o
                0x0000000000013cc0                mp_obj_int_formatted
 .text.mp_obj_int_print
                0x0000000000013e52       0x65 build/py/objint.o
                0x0000000000013e52                mp_obj_int_print
 .text.mp_obj_int_binary_op_extra_cases
                0x0000000000013eb7       0x80 build/py/objint.o
                0x0000000000013eb7                mp_obj_int_binary_op_extra_cases
 .text.mp_obj_int_new_mpz
                0x0000000000013f37       0x37 build/py/objint_mpz.o
                0x0000000000013f37                mp_obj_int_new_mpz
 .text.mp_obj_int_formatted_impl
                0x0000000000013f6e       0xbe build/py/objint_mpz.o
                0x0000000000013f6e                mp_obj_int_formatted_impl
 .text.mp_obj_int_from_bytes_impl
                0x000000000001402c       0x3d build/py/objint_mpz.o
                0x000000000001402c                mp_obj_int_from_bytes_impl
 .text.mp_obj_int_to_bytes_impl
                0x0000000000014069       0x70 build/py/objint_mpz.o
                0x0000000000014069                mp_obj_int_to_bytes_impl
 .text.mp_obj_int_sign
                0x00000000000140d9       0x32 build/py/objint_mpz.o
                0x00000000000140d9                mp_obj_int_sign
 .text.mp_obj_int_unary_op
                0x000000000001410b       0xb3 build/py/objint_mpz.o
                0x000000000001410b                mp_obj_int_unary_op
 .text.mp_obj_new_int_from_ll
                0x00000000000141be       0x3a build/py/objint_mpz.o
                0x00000000000141be                mp_obj_new_int_from_ll
 .text.mp_obj_new_int
                0x00000000000141f8       0x28 build/py/objint_mpz.o
                0x00000000000141f8                mp_obj_new_int
 .text.mp_obj_new_int_from_ull
                0x0000000000014220       0x3a build/py/objint_mpz.o
                0x0000000000014220                mp_obj_new_int_from_ull
 .text.mp_obj_new_int_from_uint
                0x000000000001425a       0x27 build/py/objint_mpz.o
                0x000000000001425a                mp_obj_new_int_from_uint
 .text.mp_obj_new_int_from_str_len
                0x0000000000014281       0x4d build/py/objint_mpz.o
                0x0000000000014281                mp_obj_new_int_from_str_len
 .text.mp_obj_int_get_truncated
                0x00000000000142ce       0x2f build/py/objint_mpz.o
                0x00000000000142ce                mp_obj_int_get_truncated
 .text.mp_obj_int_get_checked
                0x00000000000142fd       0x51 build/py/objint_mpz.o
                0x00000000000142fd                mp_obj_int_get_checked
 .text.mp_obj_int_binary_op
                0x000000000001434e      0x3cd build/py/objint_mpz.o
                0x000000000001434e                mp_obj_int_binary_op
 .text.mp_obj_int_as_float_impl
                0x000000000001471b       0x51 build/py/objint_mpz.o
                0x000000000001471b                mp_obj_int_as_float_impl
 .text.list_unary_op
                0x000000000001476c       0x3f build/py/objlist.o
 .text.list_getiter
                0x00000000000147ab       0x31 build/py/objlist.o
 .text.list_reverse
                0x00000000000147dc       0x60 build/py/objlist.o
 .text.list_it_iternext
                0x000000000001483c       0x24 build/py/objlist.o
 .text.mp_obj_list_append
                0x0000000000014860       0x71 build/py/objlist.o
                0x0000000000014860                mp_obj_list_append
 .text.list_insert
                0x00000000000148d1       0x7d build/py/objlist.o
 .text.list_clear
                0x000000000001494e       0x4d build/py/objlist.o
 .text.mp_quicksort
                0x000000000001499b      0x142 build/py/objlist.o
 .text.mp_obj_list_sort
                0x0000000000014add       0x87 build/py/objlist.o
                0x0000000000014add                mp_obj_list_sort
 .text.list_index
                0x0000000000014b64       0x29 build/py/objlist.o
 .text.list_pop
                0x0000000000014b8d       0xbf build/py/objlist.o
 .text.mp_obj_list_remove
                0x0000000000014c4c       0x44 build/py/objlist.o
                0x0000000000014c4c                mp_obj_list_remove
 .text.list_extend_from_iter
                0x0000000000014c90       0x49 build/py/objlist.o
 .text.list_count
                0x0000000000014cd9       0x28 build/py/objlist.o
 .text.list_print
                0x0000000000014d01       0x7e build/py/objlist.o
 .text.list_extend
                0x0000000000014d7f       0xb5 build/py/objlist.o
 .text.mp_obj_list_init
                0x0000000000014e34       0x5b build/py/objlist.o
                0x0000000000014e34                mp_obj_list_init
 .text.list_new
                0x0000000000014e8f       0x32 build/py/objlist.o
 .text.list_binary_op
                0x0000000000014ec1      0x15e build/py/objlist.o
 .text.list_make_new
                0x000000000001501f       0x4d build/py/objlist.o
 .text.mp_obj_new_list
                0x000000000001506c       0x2b build/py/objlist.o
                0x000000000001506c                mp_obj_new_list
 .text.list_copy
                0x0000000000015097       0x16 build/py/objlist.o
 .text.mp_obj_list_get
                0x00000000000150ad       0x18 build/py/objlist.o
                0x00000000000150ad                mp_obj_list_get
 .text.mp_obj_list_store
                0x00000000000150c5       0x35 build/py/objlist.o
                0x00000000000150c5                mp_obj_list_store
 .text.list_subscr
                0x00000000000150fa      0x2d2 build/py/objlist.o
 .text.object___init__
                0x00000000000153cc       0x15 build/py/objobject.o
 .text.object___new__
                0x00000000000153e1       0x4e build/py/objobject.o
 .text.object_make_new
                0x000000000001542f       0x35 build/py/objobject.o
 .text.polymorph_it_iternext
                0x0000000000015464        0xc build/py/objpolyiter.o
 .text.property_deleter
                0x0000000000015470       0x35 build/py/objproperty.o
 .text.property_setter
                0x00000000000154a5       0x35 build/py/objproperty.o
 .text.property_getter
                0x00000000000154da       0x35 build/py/objproperty.o
 .text.property_make_new
                0x000000000001550f       0x53 build/py/objproperty.o
 .text.mp_obj_property_get
                0x0000000000015562        0xb build/py/objproperty.o
                0x0000000000015562                mp_obj_property_get
 .text.none_print
                0x000000000001556d       0x29 build/py/objnone.o
 .text.singleton_print
                0x0000000000015596       0x2f build/py/objsingleton.o
 .text.slice_print
                0x00000000000155c5       0x89 build/py/objslice.o
 .text.mp_obj_slice_get
                0x000000000001564e       0x5a build/py/objslice.o
                0x000000000001564e                mp_obj_slice_get
 .text.arg_looks_integer
                0x00000000000156a8       0x47 build/py/objstr.o
 .text.arg_looks_numeric
                0x00000000000156ef       0x3e build/py/objstr.o
 .text.mp_obj_new_bytes_iterator
                0x000000000001572d       0x31 build/py/objstr.o
 .text.bytes_it_iternext
                0x000000000001575e       0x63 build/py/objstr.o
 .text.str_count
                0x00000000000157c1      0x167 build/py/objstr.o
 .text.str_uni_istype
                0x0000000000015928       0xe0 build/py/objstr.o
 .text.str_isspace
                0x0000000000015a08       0x1c build/py/objstr.o
 .text.str_isalpha
                0x0000000000015a24       0x1c build/py/objstr.o
 .text.str_isdigit
                0x0000000000015a40       0x1c build/py/objstr.o
 .text.str_isupper
                0x0000000000015a5c       0x1c build/py/objstr.o
 .text.str_islower
                0x0000000000015a78       0x1c build/py/objstr.o
 .text.str_to_int
                0x0000000000015a94       0x3a build/py/objstr.o
 .text.mp_obj_str_get_buffer
                0x0000000000015ace       0x79 build/py/objstr.o