Archive member included to satisfy reference by file (symbol)

/usr/lib/i386-linux-gnu/libc_nonshared.a(elf-init.oS)
                              /usr/lib/gcc/i686-linux-gnu/7/../../../i386-linux-gnu/Scrt1.o (__libc_csu_init)
/usr/lib/i386-linux-gnu/libc_nonshared.a(stack_chk_fail_local.oS)
                              build/py/vstr.o (__stack_chk_fail_local)

As-needed library included to satisfy reference by file (symbol)

libm.so.6                     build/py/objfloat.o (fmod@@GLIBC_2.0)
libc.so.6                     build/main.o (__printf_chk@@GLIBC_2.3.4)

Allocating common symbols
Common symbol       size              file

mp_state_ctx        0x1a0             build/py/mpstate.o

Discarded input sections

 .rodata        0x0000000000000000        0x4 /usr/lib/gcc/i686-linux-gnu/7/../../../i386-linux-gnu/Scrt1.o
 .data          0x0000000000000000        0x4 /usr/lib/gcc/i686-linux-gnu/7/../../../i386-linux-gnu/Scrt1.o
 .bss           0x0000000000000000        0x0 /usr/lib/gcc/i686-linux-gnu/7/../../../i386-linux-gnu/Scrt1.o
 .note.GNU-stack
                0x0000000000000000        0x0 /usr/lib/gcc/i686-linux-gnu/7/../../../i386-linux-gnu/Scrt1.o
 .text          0x0000000000000000        0x0 /usr/lib/gcc/i686-linux-gnu/7/../../../i386-linux-gnu/crti.o
 .data          0x0000000000000000        0x0 /usr/lib/gcc/i686-linux-gnu/7/../../../i386-linux-gnu/crti.o
 .bss           0x0000000000000000        0x0 /usr/lib/gcc/i686-linux-gnu/7/../../../i386-linux-gnu/crti.o
 .note.GNU-stack
                0x0000000000000000        0x0 /usr/lib/gcc/i686-linux-gnu/7/../../../i386-linux-gnu/crti.o
 .group         0x0000000000000000        0x8 /usr/lib/gcc/i686-linux-gnu/7/crtbeginS.o
 .group         0x0000000000000000        0x8 /usr/lib/gcc/i686-linux-gnu/7/crtbeginS.o
 .data          0x0000000000000000        0x0 /usr/lib/gcc/i686-linux-gnu/7/crtbeginS.o
 .text.__x86.get_pc_thunk.bx
                0x0000000000000000        0x4 /usr/lib/gcc/i686-linux-gnu/7/crtbeginS.o
 .note.GNU-stack
                0x0000000000000000        0x0 /usr/lib/gcc/i686-linux-gnu/7/crtbeginS.o
 .text          0x0000000000000000        0x0 build/py/mpstate.o
 .data          0x0000000000000000        0x0 build/py/mpstate.o
 .bss           0x0000000000000000        0x0 build/py/mpstate.o
 .note.GNU-stack
                0x0000000000000000        0x0 build/py/mpstate.o
 .group         0x0000000000000000        0x8 build/py/nlr.o
 .text          0x0000000000000000        0x0 build/py/nlr.o
 .data          0x0000000000000000        0x0 build/py/nlr.o
 .bss           0x0000000000000000        0x0 build/py/nlr.o
 .note.GNU-stack
                0x0000000000000000        0x0 build/py/nlr.o
 .group         0x0000000000000000        0x8 build/py/nlrx86.o
 .text          0x0000000000000000        0x0 build/py/nlrx86.o
 .data          0x0000000000000000        0x0 build/py/nlrx86.o
 .bss           0x0000000000000000        0x0 build/py/nlrx86.o
 .text.__x86.get_pc_thunk.bx
                0x0000000000000000        0x4 build/py/nlrx86.o
 .note.GNU-stack
                0x0000000000000000        0x0 build/py/nlrx86.o
 .text          0x0000000000000000        0x0 build/py/nlrx64.o
 .data          0x0000000000000000        0x0 build/py/nlrx64.o
 .bss           0x0000000000000000        0x0 build/py/nlrx64.o
 .comment       0x0000000000000000       0x2b build/py/nlrx64.o
 .note.GNU-stack
                0x0000000000000000        0x0 build/py/nlrx64.o
 .text          0x0000000000000000        0x0 build/py/nlrthumb.o
 .data          0x0000000000000000        0x0 build/py/nlrthumb.o
 .bss           0x0000000000000000        0x0 build/py/nlrthumb.o
 .comment       0x0000000000000000       0x2b build/py/nlrthumb.o
 .note.GNU-stack
                0x0000000000000000        0x0 build/py/nlrthumb.o
 .text          0x0000000000000000        0x0 build/py/nlrxtensa.o
 .data          0x0000000000000000        0x0 build/py/nlrxtensa.o
 .bss           0x0000000000000000        0x0 build/py/nlrxtensa.o
 .comment       0x0000000000000000       0x2b build/py/nlrxtensa.o
 .note.GNU-stack
                0x0000000000000000        0x0 build/py/nlrxtensa.o
 .text          0x0000000000000000        0x0 build/py/nlrsetjmp.o
 .data          0x0000000000000000        0x0 build/py/nlrsetjmp.o
 .bss           0x0000000000000000        0x0 build/py/nlrsetjmp.o
 .comment       0x0000000000000000       0x2b build/py/nlrsetjmp.o
 .note.GNU-stack
                0x0000000000000000        0x0 build/py/nlrsetjmp.o
 .group         0x0000000000000000        0x8 build/py/malloc.o
 .text          0x0000000000000000        0x0 build/py/malloc.o
 .data          0x0000000000000000        0x0 build/py/malloc.o
 .bss           0x0000000000000000        0x0 build/py/malloc.o
 .text.__x86.get_pc_thunk.bx
                0x0000000000000000        0x4 build/py/malloc.o
 .note.GNU-stack
                0x0000000000000000        0x0 build/py/malloc.o
[...]
Memory Configuration

Name             Origin             Length             Attributes
*default*        0x0000000000000000 0xffffffffffffffff

Linker script and memory map

LOAD /usr/lib/gcc/i686-linux-gnu/7/../../../i386-linux-gnu/Scrt1.o
LOAD /usr/lib/gcc/i686-linux-gnu/7/../../../i386-linux-gnu/crti.o
LOAD /usr/lib/gcc/i686-linux-gnu/7/crtbeginS.o
LOAD build/py/mpstate.o
LOAD build/py/nlr.o
LOAD build/py/nlrx86.o
LOAD build/py/nlrx64.o
LOAD build/py/nlrthumb.o
LOAD build/py/nlrxtensa.o
LOAD build/py/nlrsetjmp.o
LOAD build/py/malloc.o
LOAD build/py/gc.o
LOAD build/py/pystack.o
LOAD build/py/qstr.o
LOAD build/py/vstr.o
LOAD build/py/mpprint.o
LOAD build/py/unicode.o
LOAD build/py/mpz.o
LOAD build/py/reader.o
LOAD build/py/lexer.o
LOAD build/py/parse.o
LOAD build/py/scope.o
LOAD build/py/compile.o
LOAD build/py/emitcommon.o
LOAD build/py/emitbc.o
LOAD build/py/asmbase.o
LOAD build/py/asmx64.o
LOAD build/py/emitnx64.o
LOAD build/py/asmx86.o
LOAD build/py/emitnx86.o
LOAD build/py/asmthumb.o
LOAD build/py/emitnthumb.o
LOAD build/py/emitinlinethumb.o
LOAD build/py/asmarm.o
LOAD build/py/emitnarm.o
LOAD build/py/asmxtensa.o
LOAD build/py/emitnxtensa.o
LOAD build/py/emitinlinextensa.o
LOAD build/py/formatfloat.o
LOAD build/py/parsenumbase.o
LOAD build/py/parsenum.o
LOAD build/py/emitglue.o
LOAD build/py/persistentcode.o
LOAD build/py/runtime.o
LOAD build/py/runtime_utils.o
LOAD build/py/scheduler.o
LOAD build/py/nativeglue.o
LOAD build/py/stackctrl.o
LOAD build/py/argcheck.o
LOAD build/py/warning.o
LOAD build/py/map.o
LOAD build/py/obj.o
LOAD build/py/objarray.o
LOAD build/py/objattrtuple.o
LOAD build/py/objbool.o
LOAD build/py/objboundmeth.o
LOAD build/py/objcell.o
LOAD build/py/objclosure.o
LOAD build/py/objcomplex.o
LOAD build/py/objdeque.o
LOAD build/py/objdict.o
LOAD build/py/objenumerate.o
LOAD build/py/objexcept.o
LOAD build/py/objfilter.o
LOAD build/py/objfloat.o
LOAD build/py/objfun.o
LOAD build/py/objgenerator.o
LOAD build/py/objgetitemiter.o
LOAD build/py/objint.o
LOAD build/py/objint_longlong.o
LOAD build/py/objint_mpz.o
LOAD build/py/objlist.o
LOAD build/py/objmap.o
LOAD build/py/objmodule.o
LOAD build/py/objobject.o
LOAD build/py/objpolyiter.o
LOAD build/py/objproperty.o
LOAD build/py/objnone.o
LOAD build/py/objnamedtuple.o
LOAD build/py/objrange.o
LOAD build/py/objreversed.o
LOAD build/py/objset.o
LOAD build/py/objsingleton.o
LOAD build/py/objslice.o
LOAD build/py/objstr.o
LOAD build/py/objstrunicode.o
LOAD build/py/objstringio.o
LOAD build/py/objtuple.o
LOAD build/py/objtype.o
LOAD build/py/objzip.o
LOAD build/py/opmethods.o
LOAD build/py/sequence.o
LOAD build/py/stream.o
LOAD build/py/binary.o
LOAD build/py/builtinimport.o
LOAD build/py/builtinevex.o
LOAD build/py/builtinhelp.o
LOAD build/py/modarray.o
LOAD build/py/modbuiltins.o
LOAD build/py/modcollections.o
LOAD build/py/modgc.o
LOAD build/py/modio.o
LOAD build/py/modmath.o
LOAD build/py/modcmath.o
LOAD build/py/modmicropython.o
LOAD build/py/modstruct.o
LOAD build/py/modsys.o
LOAD build/py/moduerrno.o
LOAD build/py/modthread.o
LOAD build/py/vm.o
LOAD build/py/bc.o
LOAD build/py/showbc.o
LOAD build/py/repl.o
LOAD build/py/smallint.o
LOAD build/py/frozenmod.o
LOAD build/main.o
LOAD build/gccollect.o
LOAD /usr/lib/gcc/i686-linux-gnu/7/../../../i386-linux-gnu/libm.so
LOAD /usr/lib/gcc/i686-linux-gnu/7/libgcc.a
LOAD /usr/lib/gcc/i686-linux-gnu/7/libgcc_s.so
START GROUP
LOAD /usr/lib/gcc/i686-linux-gnu/7/libgcc_s.so.1
LOAD /usr/lib/gcc/i686-linux-gnu/7/libgcc.a
END GROUP
LOAD /usr/lib/gcc/i686-linux-gnu/7/../../../i386-linux-gnu/libc.so
START GROUP
LOAD /lib/i386-linux-gnu/libc.so.6
LOAD /usr/lib/i386-linux-gnu/libc_nonshared.a
LOAD /lib/i386-linux-gnu/ld-linux.so.2
END GROUP
LOAD /usr/lib/gcc/i686-linux-gnu/7/libgcc.a
LOAD /usr/lib/gcc/i686-linux-gnu/7/libgcc_s.so
START GROUP
LOAD /usr/lib/gcc/i686-linux-gnu/7/libgcc_s.so.1
LOAD /usr/lib/gcc/i686-linux-gnu/7/libgcc.a
END GROUP
LOAD /usr/lib/gcc/i686-linux-gnu/7/crtendS.o
LOAD /usr/lib/gcc/i686-linux-gnu/7/../../../i386-linux-gnu/crtn.o
                [!provide]                        PROVIDE (__executable_start = SEGMENT_START ("text-segment", 0x0))
                0x0000000000000154                . = (SEGMENT_START ("text-segment", 0x0) + SIZEOF_HEADERS)

.interp         0x0000000000000154       0x13
 *(.interp)
 .interp        0x0000000000000154       0x13 /usr/lib/gcc/i686-linux-gnu/7/../../../i386-linux-gnu/Scrt1.o

.note.ABI-tag   0x0000000000000168       0x20
 .note.ABI-tag  0x0000000000000168       0x20 /usr/lib/gcc/i686-linux-gnu/7/../../../i386-linux-gnu/Scrt1.o

.note.gnu.build-id
                0x0000000000000188       0x24
 *(.note.gnu.build-id)
 .note.gnu.build-id
                0x0000000000000188       0x24 /usr/lib/gcc/i686-linux-gnu/7/../../../i386-linux-gnu/Scrt1.o

.hash
 *(.hash)

.gnu.hash       0x00000000000001ac       0x20
 *(.gnu.hash)
 .gnu.hash      0x00000000000001ac       0x20 /usr/lib/gcc/i686-linux-gnu/7/../../../i386-linux-gnu/Scrt1.o

.dynsym         0x00000000000001cc      0x230
 *(.dynsym)
 .dynsym        0x00000000000001cc      0x230 /usr/lib/gcc/i686-linux-gnu/7/../../../i386-linux-gnu/Scrt1.o

.dynstr         0x00000000000003fc      0x194
 *(.dynstr)
 .dynstr        0x00000000000003fc      0x194 /usr/lib/gcc/i686-linux-gnu/7/../../../i386-linux-gnu/Scrt1.o

.gnu.version    0x0000000000000590       0x46
 *(.gnu.version)
 .gnu.version   0x0000000000000590       0x46 /usr/lib/gcc/i686-linux-gnu/7/../../../i386-linux-gnu/Scrt1.o

.gnu.version_d  0x00000000000005d8        0x0
 *(.gnu.version_d)
 .gnu.version_d
                0x00000000000005d8        0x0 /usr/lib/gcc/i686-linux-gnu/7/../../../i386-linux-gnu/Scrt1.o

.gnu.version_r  0x00000000000005d8       0x80
 *(.gnu.version_r)
 .gnu.version_r
                0x00000000000005d8       0x80 /usr/lib/gcc/i686-linux-gnu/7/../../../i386-linux-gnu/Scrt1.o

.rel.dyn        0x0000000000000658     0x1a50
 *(.rel.init)
 *(.rel.text .rel.text.* .rel.gnu.linkonce.t.*)
 *(.rel.fini)
 *(.rel.rodata .rel.rodata.* .rel.gnu.linkonce.r.*)
 *(.rel.data.rel.ro .rel.data.rel.ro.* .rel.gnu.linkonce.d.rel.ro.*)
 .rel.data.rel.ro
                0x0000000000000658        0x0 /usr/lib/gcc/i686-linux-gnu/7/../../../i386-linux-gnu/Scrt1.o
 .rel.data.rel.ro.local.mp_qstr_const_pool
                0x0000000000000658      0x7b0 /usr/lib/gcc/i686-linux-gnu/7/../../../i386-linux-gnu/Scrt1.o
 .rel.data.rel.ro.local.tok_kw
                0x0000000000000e08      0x120 /usr/lib/gcc/i686-linux-gnu/7/../../../i386-linux-gnu/Scrt1.o
 .rel.data.rel.ro.local.mp_constants_map
                0x0000000000000f28        0x8 /usr/lib/gcc/i686-linux-gnu/7/../../../i386-linux-gnu/Scrt1.o
 .rel.data.rel.ro.local.compile_function
                0x0000000000000f30      0x1d0 /usr/lib/gcc/i686-linux-gnu/7/../../../i386-linux-gnu/Scrt1.o
 .rel.data.rel.ro.local.mp_emit_bc_method_table_delete_id_ops
                0x0000000000001100       0x10 /usr/lib/gcc/i686-linux-gnu/7/../../../i386-linux-gnu/Scrt1.o
 .rel.data.rel.ro.local.mp_emit_bc_method_table_store_id_ops
                0x0000000000001110       0x10 /usr/lib/gcc/i686-linux-gnu/7/../../../i386-linux-gnu/Scrt1.o
 .rel.data.rel.ro.local.mp_emit_bc_method_table_load_id_ops
                0x0000000000001120       0x10 /usr/lib/gcc/i686-linux-gnu/7/../../../i386-linux-gnu/Scrt1.o
 .rel.data.rel.ro.mp_type_checked_fun
                0x0000000000001130       0x10 /usr/lib/gcc/i686-linux-gnu/7/../../../i386-linux-gnu/Scrt1.o
 .rel.data.rel.ro.local.mp_const_true_obj
                0x0000000000001140        0x8 /usr/lib/gcc/i686-linux-gnu/7/../../../i386-linux-gnu/Scrt1.o
 .rel.data.rel.ro.local.mp_const_false_obj
                0x0000000000001148        0x8 /usr/lib/gcc/i686-linux-gnu/7/../../../i386-linux-gnu/Scrt1.o
 .rel.data.rel.ro.mp_type_bool
                0x0000000000001150       0x28 /usr/lib/gcc/i686-linux-gnu/7/../../../i386-linux-gnu/Scrt1.o
 .rel.data.rel.ro.mp_type_complex
                0x0000000000001178       0x30 /usr/lib/gcc/i686-linux-gnu/7/../../../i386-linux-gnu/Scrt1.o
 .rel.data.rel.ro.mp_type_dict
                0x00000000000011a8       0x40 /usr/lib/gcc/i686-linux-gnu/7/../../../i386-linux-gnu/Scrt1.o
 .rel.data.rel.ro.local.dict_locals_dict
                0x00000000000011e8       0x10 /usr/lib/gcc/i686-linux-gnu/7/../../../i386-linux-gnu/Scrt1.o
 .rel.data.rel.ro.dict_locals_dict_table
                0x00000000000011f8       0x70 /usr/lib/gcc/i686-linux-gnu/7/../../../i386-linux-gnu/Scrt1.o
 .rel.data.rel.ro.dict_values_obj
                0x0000000000001268       0x10 /usr/lib/gcc/i686-linux-gnu/7/../../../i386-linux-gnu/Scrt1.o
 .rel.data.rel.ro.dict_keys_obj
                0x0000000000001278       0x10 /usr/lib/gcc/i686-linux-gnu/7/../../../i386-linux-gnu/Scrt1.o
 .rel.data.rel.ro.dict_items_obj
                0x0000000000001288       0x10 /usr/lib/gcc/i686-linux-gnu/7/../../../i386-linux-gnu/Scrt1.o
 .rel.data.rel.ro.local.mp_dict_view_names
                0x0000000000001298       0x18 /usr/lib/gcc/i686-linux-gnu/7/../../../i386-linux-gnu/Scrt1.o
 .rel.data.rel.ro.dict_view_it_type
                0x00000000000012b0       0x18 /usr/lib/gcc/i686-linux-gnu/7/../../../i386-linux-gnu/Scrt1.o
 .rel.data.rel.ro.dict_view_type
                0x00000000000012c8       0x20 /usr/lib/gcc/i686-linux-gnu/7/../../../i386-linux-gnu/Scrt1.o
 .rel.data.rel.ro.dict_update_obj
                0x00000000000012e8       0x10 /usr/lib/gcc/i686-linux-gnu/7/../../../i386-linux-gnu/Scrt1.o
 .rel.data.rel.ro.dict_popitem_obj
                0x00000000000012f8       0x10 /usr/lib/gcc/i686-linux-gnu/7/../../../i386-linux-gnu/Scrt1.o
 .rel.data.rel.ro.dict_setdefault_obj
                0x0000000000001308       0x10 /usr/lib/gcc/i686-linux-gnu/7/../../../i386-linux-gnu/Scrt1.o
 .rel.data.rel.ro.dict_pop_obj
                0x0000000000001318       0x10 /usr/lib/gcc/i686-linux-gnu/7/../../../i386-linux-gnu/Scrt1.o
 .rel.data.rel.ro.dict_get_obj
                0x0000000000001328       0x10 /usr/lib/gcc/i686-linux-gnu/7/../../../i386-linux-gnu/Scrt1.o
 .rel.data.rel.ro.dict_fromkeys_obj
                0x0000000000001338       0x10 /usr/lib/gcc/i686-linux-gnu/7/../../../i386-linux-gnu/Scrt1.o
 .rel.data.rel.ro.dict_fromkeys_fun_obj
                0x0000000000001348       0x10 /usr/lib/gcc/i686-linux-gnu/7/../../../i386-linux-gnu/Scrt1.o
 .rel.data.rel.ro.dict_copy_obj
                0x0000000000001358       0x10 /usr/lib/gcc/i686-linux-gnu/7/../../../i386-linux-gnu/Scrt1.o
 .rel.data.rel.ro.dict_clear_obj
                0x0000000000001368       0x10 /usr/lib/gcc/i686-linux-gnu/7/../../../i386-linux-gnu/Scrt1.o
 .rel.data.rel.ro.mp_type_UnicodeError
                0x0000000000001378       0x28 /usr/lib/gcc/i686-linux-gnu/7/../../../i386-linux-gnu/Scrt1.o
 .rel.data.rel.ro.mp_type_ValueError
                0x00000000000013a0       0x28 /usr/lib/gcc/i686-linux-gnu/7/../../../i386-linux-gnu/Scrt1.o
 .rel.data.rel.ro.mp_type_TypeError
                0x00000000000013c8       0x28 /usr/lib/gcc/i686-linux-gnu/7/../../../i386-linux-gnu/Scrt1.o
 .rel.data.rel.ro.mp_type_IndentationError
                0x00000000000013f0       0x28 /usr/lib/gcc/i686-linux-gnu/7/../../../i386-linux-gnu/Scrt1.o
 .rel.data.rel.ro.mp_type_SyntaxError
                0x0000000000001418       0x28 /usr/lib/gcc/i686-linux-gnu/7/../../../i386-linux-gnu/Scrt1.o
 .rel.data.rel.ro.mp_type_NotImplementedError
                0x0000000000001440       0x28 /usr/lib/gcc/i686-linux-gnu/7/../../../i386-linux-gnu/Scrt1.o
 .rel.data.rel.ro.mp_type_RuntimeError
                0x0000000000001468       0x28 /usr/lib/gcc/i686-linux-gnu/7/../../../i386-linux-gnu/Scrt1.o
 .rel.data.rel.ro.mp_type_OSError
                0x0000000000001490       0x28 /usr/lib/gcc/i686-linux-gnu/7/../../../i386-linux-gnu/Scrt1.o
 .rel.data.rel.ro.mp_type_MemoryError
                0x00000000000014b8       0x28 /usr/lib/gcc/i686-linux-gnu/7/../../../i386-linux-gnu/Scrt1.o
 .rel.data.rel.ro.mp_type_KeyError
                0x00000000000014e0       0x28 /usr/lib/gcc/i686-linux-gnu/7/../../../i386-linux-gnu/Scrt1.o
 .rel.data.rel.ro.mp_type_IndexError
                0x0000000000001508       0x28 /usr/lib/gcc/i686-linux-gnu/7/../../../i386-linux-gnu/Scrt1.o
 .rel.data.rel.ro.mp_type_LookupError
                0x0000000000001530       0x28 /usr/lib/gcc/i686-linux-gnu/7/../../../i386-linux-gnu/Scrt1.o
 .rel.data.rel.ro.mp_type_AttributeError
                0x0000000000001558       0x28 /usr/lib/gcc/i686-linux-gnu/7/../../../i386-linux-gnu/Scrt1.o
 .rel.data.rel.ro.mp_type_ZeroDivisionError
                0x0000000000001580       0x28 /usr/lib/gcc/i686-linux-gnu/7/../../../i386-linux-gnu/Scrt1.o
 .rel.data.rel.ro.mp_type_OverflowError
                0x00000000000015a8       0x28 /usr/lib/gcc/i686-linux-gnu/7/../../../i386-linux-gnu/Scrt1.o
 .rel.data.rel.ro.mp_type_ArithmeticError
                0x00000000000015d0       0x28 /usr/lib/gcc/i686-linux-gnu/7/../../../i386-linux-gnu/Scrt1.o
 .rel.data.rel.ro.mp_type_StopIteration
                0x00000000000015f8       0x28 /usr/lib/gcc/i686-linux-gnu/7/../../../i386-linux-gnu/Scrt1.o
 .rel.data.rel.ro.mp_type_Exception
                0x0000000000001620       0x28 /usr/lib/gcc/i686-linux-gnu/7/../../../i386-linux-gnu/Scrt1.o
 .rel.data.rel.ro.mp_type_BaseException
                0x0000000000001648       0x20 /usr/lib/gcc/i686-linux-gnu/7/../../../i386-linux-gnu/Scrt1.o
 .rel.data.rel.ro.mp_type_float
                0x0000000000001668       0x28 /usr/lib/gcc/i686-linux-gnu/7/../../../i386-linux-gnu/Scrt1.o
 .rel.data.rel.ro.mp_type_fun_builtin_var
                0x0000000000001690       0x18 /usr/lib/gcc/i686-linux-gnu/7/../../../i386-linux-gnu/Scrt1.o
 .rel.data.rel.ro.mp_type_fun_builtin_3
                0x00000000000016a8       0x18 /usr/lib/gcc/i686-linux-gnu/7/../../../i386-linux-gnu/Scrt1.o
 .rel.data.rel.ro.mp_type_fun_builtin_2
                0x00000000000016c0       0x18 /usr/lib/gcc/i686-linux-gnu/7/../../../i386-linux-gnu/Scrt1.o
 .rel.data.rel.ro.mp_type_fun_builtin_1
                0x00000000000016d8       0x18 /usr/lib/gcc/i686-linux-gnu/7/../../../i386-linux-gnu/Scrt1.o
 .rel.data.rel.ro.mp_type_fun_builtin_0
                0x00000000000016f0       0x18 /usr/lib/gcc/i686-linux-gnu/7/../../../i386-linux-gnu/Scrt1.o
 .rel.data.rel.ro.it_type
                0x0000000000001708       0x18 /usr/lib/gcc/i686-linux-gnu/7/../../../i386-linux-gnu/Scrt1.o
 .rel.data.rel.ro.mp_type_int
                0x0000000000001720       0x30 /usr/lib/gcc/i686-linux-gnu/7/../../../i386-linux-gnu/Scrt1.o
 .rel.data.rel.ro.int_locals_dict
                0x0000000000001750       0x10 /usr/lib/gcc/i686-linux-gnu/7/../../../i386-linux-gnu/Scrt1.o
 .rel.data.rel.ro.local.int_locals_dict_table
                0x0000000000001760       0x10 /usr/lib/gcc/i686-linux-gnu/7/../../../i386-linux-gnu/Scrt1.o
 .rel.data.rel.ro.int_to_bytes_obj
                0x0000000000001770       0x10 /usr/lib/gcc/i686-linux-gnu/7/../../../i386-linux-gnu/Scrt1.o
 .rel.data.rel.ro.int_from_bytes_obj
                0x0000000000001780       0x10 /usr/lib/gcc/i686-linux-gnu/7/../../../i386-linux-gnu/Scrt1.o
 .rel.data.rel.ro.int_from_bytes_fun_obj
                0x0000000000001790       0x10 /usr/lib/gcc/i686-linux-gnu/7/../../../i386-linux-gnu/Scrt1.o
 .rel.data.rel.ro.allowed_args.3518
                0x00000000000017a0        0x8 /usr/lib/gcc/i686-linux-gnu/7/../../../i386-linux-gnu/Scrt1.o
 .rel.data.rel.ro.mp_type_list
                0x00000000000017a8       0x40 /usr/lib/gcc/i686-linux-gnu/7/../../../i386-linux-gnu/Scrt1.o
 .rel.data.rel.ro.list_locals_dict
                0x00000000000017e8       0x10 /usr/lib/gcc/i686-linux-gnu/7/../../../i386-linux-gnu/Scrt1.o
 .rel.data.rel.ro.local.list_locals_dict_table
                0x00000000000017f8       0x58 /usr/lib/gcc/i686-linux-gnu/7/../../../i386-linux-gnu/Scrt1.o
 .rel.data.rel.ro.list_sort_obj
                0x0000000000001850       0x10 /usr/lib/gcc/i686-linux-gnu/7/../../../i386-linux-gnu/Scrt1.o
 .rel.data.rel.ro.list_reverse_obj
                0x0000000000001860       0x10 /usr/lib/gcc/i686-linux-gnu/7/../../../i386-linux-gnu/Scrt1.o
 .rel.data.rel.ro.list_remove_obj
                0x0000000000001870       0x10 /usr/lib/gcc/i686-linux-gnu/7/../../../i386-linux-gnu/Scrt1.o
 .rel.data.rel.ro.list_pop_obj
                0x0000000000001880       0x10 /usr/lib/gcc/i686-linux-gnu/7/../../../i386-linux-gnu/Scrt1.o
 .rel.data.rel.ro.list_insert_obj
                0x0000000000001890       0x10 /usr/lib/gcc/i686-linux-gnu/7/../../../i386-linux-gnu/Scrt1.o
 .rel.data.rel.ro.list_index_obj
                0x00000000000018a0       0x10 /usr/lib/gcc/i686-linux-gnu/7/../../../i386-linux-gnu/Scrt1.o
 .rel.data.rel.ro.list_count_obj
                0x00000000000018b0       0x10 /usr/lib/gcc/i686-linux-gnu/7/../../../i386-linux-gnu/Scrt1.o
 .rel.data.rel.ro.list_copy_obj
                0x00000000000018c0       0x10 /usr/lib/gcc/i686-linux-gnu/7/../../../i386-linux-gnu/Scrt1.o
 .rel.data.rel.ro.list_clear_obj
                0x00000000000018d0       0x10 /usr/lib/gcc/i686-linux-gnu/7/../../../i386-linux-gnu/Scrt1.o
 .rel.data.rel.ro.list_extend_obj
                0x00000000000018e0       0x10 /usr/lib/gcc/i686-linux-gnu/7/../../../i386-linux-gnu/Scrt1.o
 .rel.data.rel.ro.list_append_obj
                0x00000000000018f0       0x10 /usr/lib/gcc/i686-linux-gnu/7/../../../i386-linux-gnu/Scrt1.o
 .rel.data.rel.ro.mp_type_object
                0x0000000000001900       0x18 /usr/lib/gcc/i686-linux-gnu/7/../../../i386-linux-gnu/Scrt1.o
 .rel.data.rel.ro.object_locals_dict
                0x0000000000001918       0x10 /usr/lib/gcc/i686-linux-gnu/7/../../../i386-linux-gnu/Scrt1.o
 .rel.data.rel.ro.local.object_locals_dict_table
                0x0000000000001928       0x10 /usr/lib/gcc/i686-linux-gnu/7/../../../i386-linux-gnu/Scrt1.o
 .rel.data.rel.ro.object___new___obj
                0x0000000000001938       0x10 /usr/lib/gcc/i686-linux-gnu/7/../../../i386-linux-gnu/Scrt1.o
 .rel.data.rel.ro.object___new___fun_obj
                0x0000000000001948       0x10 /usr/lib/gcc/i686-linux-gnu/7/../../../i386-linux-gnu/Scrt1.o
 .rel.data.rel.ro.object___init___obj
                0x0000000000001958       0x10 /usr/lib/gcc/i686-linux-gnu/7/../../../i386-linux-gnu/Scrt1.o
 .rel.data.rel.ro.mp_type_polymorph_iter
                0x0000000000001968       0x18 /usr/lib/gcc/i686-linux-gnu/7/../../../i386-linux-gnu/Scrt1.o
 .rel.data.rel.ro.allowed_args.3733
                0x0000000000001980       0x20 /usr/lib/gcc/i686-linux-gnu/7/../../../i386-linux-gnu/Scrt1.o
 .rel.data.rel.ro.mp_type_property
                0x00000000000019a0       0x18 /usr/lib/gcc/i686-linux-gnu/7/../../../i386-linux-gnu/Scrt1.o
 .rel.data.rel.ro.property_locals_dict
                0x00000000000019b8       0x10 /usr/lib/gcc/i686-linux-gnu/7/../../../i386-linux-gnu/Scrt1.o
 .rel.data.rel.ro.local.property_locals_dict_table
                0x00000000000019c8       0x18 /usr/lib/gcc/i686-linux-gnu/7/../../../i386-linux-gnu/Scrt1.o
 .rel.data.rel.ro.property_deleter_obj
                0x00000000000019e0       0x10 /usr/lib/gcc/i686-linux-gnu/7/../../../i386-linux-gnu/Scrt1.o
 .rel.data.rel.ro.property_setter_obj
                0x00000000000019f0       0x10 /usr/lib/gcc/i686-linux-gnu/7/../../../i386-linux-gnu/Scrt1.o
 .rel.data.rel.ro.property_getter_obj
                0x0000000000001a00       0x10 /usr/lib/gcc/i686-linux-gnu/7/../../../i386-linux-gnu/Scrt1.o
 .rel.data.rel.ro.local.mp_const_none_obj
                0x0000000000001a10        0x8 /usr/lib/gcc/i686-linux-gnu/7/../../../i386-linux-gnu/Scrt1.o
 .rel.data.rel.ro.mp_type_NoneType
                0x0000000000001a18       0x18 /usr/lib/gcc/i686-linux-gnu/7/../../../i386-linux-gnu/Scrt1.o
 .rel.data.rel.ro.local.mp_const_ellipsis_obj
                0x0000000000001a30        0x8 /usr/lib/gcc/i686-linux-gnu/7/../../../i386-linux-gnu/Scrt1.o
 .rel.data.rel.ro.mp_type_singleton
                0x0000000000001a38       0x10 /usr/lib/gcc/i686-linux-gnu/7/../../../i386-linux-gnu/Scrt1.o
 .rel.data.rel.ro.mp_type_slice
                0x0000000000001a48       0x10 /usr/lib/gcc/i686-linux-gnu/7/../../../i386-linux-gnu/Scrt1.o
 .rel.data.rel.ro.local.mp_const_empty_bytes_obj
                0x0000000000001a58       0x10 /usr/lib/gcc/i686-linux-gnu/7/../../../i386-linux-gnu/Scrt1.o
 .rel.data.rel.ro.mp_type_bytes
                0x0000000000001a68       0x40 /usr/lib/gcc/i686-linux-gnu/7/../../../i386-linux-gnu/Scrt1.o
 .rel.data.rel.ro.str8_locals_dict
                0x0000000000001aa8       0x10 /usr/lib/gcc/i686-linux-gnu/7/../../../i386-linux-gnu/Scrt1.o
 .rel.data.rel.ro.local.str8_locals_dict_table
                0x0000000000001ab8       0xb8 /usr/lib/gcc/i686-linux-gnu/7/../../../i386-linux-gnu/Scrt1.o
 .rel.data.rel.ro.str_encode_obj
                0x0000000000001b70       0x10 /usr/lib/gcc/i686-linux-gnu/7/../../../i386-linux-gnu/Scrt1.o
 .rel.data.rel.ro.bytes_decode_obj
                0x0000000000001b80       0x10 /usr/lib/gcc/i686-linux-gnu/7/../../../i386-linux-gnu/Scrt1.o
 .rel.data.rel.ro.str_islower_obj
                0x0000000000001b90       0x10 /usr/lib/gcc/i686-linux-gnu/7/../../../i386-linux-gnu/Scrt1.o
 .rel.data.rel.ro.str_isupper_obj
                0x0000000000001ba0       0x10 /usr/lib/gcc/i686-linux-gnu/7/../../../i386-linux-gnu/Scrt1.o
 .rel.data.rel.ro.str_isdigit_obj
                0x0000000000001bb0       0x10 /usr/lib/gcc/i686-linux-gnu/7/../../../i386-linux-gnu/Scrt1.o
 .rel.data.rel.ro.str_isalpha_obj
                0x0000000000001bc0       0x10 /usr/lib/gcc/i686-linux-gnu/7/../../../i386-linux-gnu/Scrt1.o
 .rel.data.rel.ro.str_isspace_obj
                0x0000000000001bd0       0x10 /usr/lib/gcc/i686-linux-gnu/7/../../../i386-linux-gnu/Scrt1.o
 .rel.data.rel.ro.str_upper_obj
                0x0000000000001be0       0x10 /usr/lib/gcc/i686-linux-gnu/7/../../../i386-linux-gnu/Scrt1.o
 .rel.data.rel.ro.str_lower_obj
                0x0000000000001bf0       0x10 /usr/lib/gcc/i686-linux-gnu/7/../../../i386-linux-gnu/Scrt1.o
 .rel.data.rel.ro.str_count_obj
                0x0000000000001c00       0x10 /usr/lib/gcc/i686-linux-gnu/7/../../../i386-linux-gnu/Scrt1.o
 .rel.data.rel.ro.str_replace_obj
                0x0000000000001c10       0x10 /usr/lib/gcc/i686-linux-gnu/7/../../../i386-linux-gnu/Scrt1.o
 .rel.data.rel.ro.str_format_obj
                0x0000000000001c20       0x10 /usr/lib/gcc/i686-linux-gnu/7/../../../i386-linux-gnu/Scrt1.o
 .rel.data.rel.ro.str_rstrip_obj
                0x0000000000001c30       0x10 /usr/lib/gcc/i686-linux-gnu/7/../../../i386-linux-gnu/Scrt1.o
 .rel.data.rel.ro.str_lstrip_obj
                0x0000000000001c40       0x10 /usr/lib/gcc/i686-linux-gnu/7/../../../i386-linux-gnu/Scrt1.o
 .rel.data.rel.ro.str_strip_obj
                0x0000000000001c50       0x10 /usr/lib/gcc/i686-linux-gnu/7/../../../i386-linux-gnu/Scrt1.o
 .rel.data.rel.ro.str_endswith_obj
                0x0000000000001c60       0x10 /usr/lib/gcc/i686-linux-gnu/7/../../../i386-linux-gnu/Scrt1.o
 .rel.data.rel.ro.str_startswith_obj
                0x0000000000001c70       0x10 /usr/lib/gcc/i686-linux-gnu/7/../../../i386-linux-gnu/Scrt1.o
 .rel.data.rel.ro.str_rindex_obj
                0x0000000000001c80       0x10 /usr/lib/gcc/i686-linux-gnu/7/../../../i386-linux-gnu/Scrt1.o
 .rel.data.rel.ro.str_index_obj
                0x0000000000001c90       0x10 /usr/lib/gcc/i686-linux-gnu/7/../../../i386-linux-gnu/Scrt1.o
 .rel.data.rel.ro.str_rfind_obj
                0x0000000000001ca0       0x10 /usr/lib/gcc/i686-linux-gnu/7/../../../i386-linux-gnu/Scrt1.o
 .rel.data.rel.ro.str_find_obj
                0x0000000000001cb0       0x10 /usr/lib/gcc/i686-linux-gnu/7/../../../i386-linux-gnu/Scrt1.o
 .rel.data.rel.ro.str_rsplit_obj
                0x0000000000001cc0       0x10 /usr/lib/gcc/i686-linux-gnu/7/../../../i386-linux-gnu/Scrt1.o
 .rel.data.rel.ro.str_split_obj
                0x0000000000001cd0       0x10 /usr/lib/gcc/i686-linux-gnu/7/../../../i386-linux-gnu/Scrt1.o
 .rel.data.rel.ro.str_join_obj
                0x0000000000001ce0       0x10 /usr/lib/gcc/i686-linux-gnu/7/../../../i386-linux-gnu/Scrt1.o
 .rel.data.rel.ro.mp_type_str
                0x0000000000001cf0       0x48 /usr/lib/gcc/i686-linux-gnu/7/../../../i386-linux-gnu/Scrt1.o
 .rel.data.rel.ro.struni_locals_dict
                0x0000000000001d38       0x10 /usr/lib/gcc/i686-linux-gnu/7/../../../i386-linux-gnu/Scrt1.o
 .rel.data.rel.ro.struni_locals_dict_table
                0x0000000000001d48       0xb8 /usr/lib/gcc/i686-linux-gnu/7/../../../i386-linux-gnu/Scrt1.o
 .rel.data.rel.ro.local.mp_const_empty_tuple_obj
                0x0000000000001e00        0x8 /usr/lib/gcc/i686-linux-gnu/7/../../../i386-linux-gnu/Scrt1.o
 .rel.data.rel.ro.mp_type_tuple
                0x0000000000001e08       0x40 /usr/lib/gcc/i686-linux-gnu/7/../../../i386-linux-gnu/Scrt1.o
 .rel.data.rel.ro.tuple_locals_dict
                0x0000000000001e48       0x10 /usr/lib/gcc/i686-linux-gnu/7/../../../i386-linux-gnu/Scrt1.o
 .rel.data.rel.ro.local.tuple_locals_dict_table
                0x0000000000001e58       0x10 /usr/lib/gcc/i686-linux-gnu/7/../../../i386-linux-gnu/Scrt1.o
 .rel.data.rel.ro.tuple_index_obj
                0x0000000000001e68       0x10 /usr/lib/gcc/i686-linux-gnu/7/../../../i386-linux-gnu/Scrt1.o
 .rel.data.rel.ro.tuple_count_obj
                0x0000000000001e78       0x10 /usr/lib/gcc/i686-linux-gnu/7/../../../i386-linux-gnu/Scrt1.o
 .rel.data.rel.ro.local.mp_type_classmethod
                0x0000000000001e88       0x10 /usr/lib/gcc/i686-linux-gnu/7/../../../i386-linux-gnu/Scrt1.o
 .rel.data.rel.ro.local.mp_type_staticmethod
                0x0000000000001e98       0x10 /usr/lib/gcc/i686-linux-gnu/7/../../../i386-linux-gnu/Scrt1.o
 .rel.data.rel.ro.mp_type_type
                0x0000000000001ea8       0x30 /usr/lib/gcc/i686-linux-gnu/7/../../../i386-linux-gnu/Scrt1.o
 .rel.data.rel.ro.native_base_init_wrapper_obj
                0x0000000000001ed8       0x10 /usr/lib/gcc/i686-linux-gnu/7/../../../i386-linux-gnu/Scrt1.o
 .rel.data.rel.ro.mp_op_delitem_obj
                0x0000000000001ee8       0x10 /usr/lib/gcc/i686-linux-gnu/7/../../../i386-linux-gnu/Scrt1.o
 .rel.data.rel.ro.mp_op_setitem_obj
                0x0000000000001ef8       0x10 /usr/lib/gcc/i686-linux-gnu/7/../../../i386-linux-gnu/Scrt1.o
 .rel.data.rel.ro.mp_op_getitem_obj
                0x0000000000001f08       0x10 /usr/lib/gcc/i686-linux-gnu/7/../../../i386-linux-gnu/Scrt1.o
 .rel.data.rel.ro.mp_builtin_next_obj
                0x0000000000001f18       0x10 /usr/lib/gcc/i686-linux-gnu/7/../../../i386-linux-gnu/Scrt1.o
 .rel.data.rel.ro.local.mp_stderr_print
                0x0000000000001f28        0x8 /usr/lib/gcc/i686-linux-gnu/7/../../../i386-linux-gnu/Scrt1.o
 *(.rel.data .rel.data.* .rel.gnu.linkonce.d.*)
 .rel.data.rel.local
                0x0000000000001f30        0x8 /usr/lib/gcc/i686-linux-gnu/7/../../../i386-linux-gnu/Scrt1.o
 *(.rel.tdata .rel.tdata.* .rel.gnu.linkonce.td.*)
 *(.rel.tbss .rel.tbss.* .rel.gnu.linkonce.tb.*)
 *(.rel.ctors)
 *(.rel.dtors)
 *(.rel.got)
 .rel.got       0x0000000000001f38      0x160 /usr/lib/gcc/i686-linux-gnu/7/../../../i386-linux-gnu/Scrt1.o
 *(.rel.bss .rel.bss.* .rel.gnu.linkonce.b.*)
 .rel.bss       0x0000000000002098        0x0 /usr/lib/gcc/i686-linux-gnu/7/../../../i386-linux-gnu/Scrt1.o
 *(.rel.ifunc)
 .rel.ifunc     0x0000000000002098        0x0 /usr/lib/gcc/i686-linux-gnu/7/../../../i386-linux-gnu/Scrt1.o
 .rel.fini_array
                0x0000000000002098        0x8 /usr/lib/gcc/i686-linux-gnu/7/../../../i386-linux-gnu/Scrt1.o
 .rel.init_array
                0x00000000000020a0        0x8 /usr/lib/gcc/i686-linux-gnu/7/../../../i386-linux-gnu/Scrt1.o

.rel.plt        0x00000000000020a8       0xe8
 *(.rel.plt)
 .rel.plt       0x00000000000020a8       0xe8 /usr/lib/gcc/i686-linux-gnu/7/../../../i386-linux-gnu/Scrt1.o
                [!provide]                        PROVIDE (__rel_iplt_start = .)
 *(.rel.iplt)
                [!provide]                        PROVIDE (__rel_iplt_end = .)

.init           0x0000000000002190       0x23
 *(SORT_NONE(.init))
 .init          0x0000000000002190       0x1e /usr/lib/gcc/i686-linux-gnu/7/../../../i386-linux-gnu/crti.o
                0x0000000000002190                _init
 .init          0x00000000000021ae        0x5 /usr/lib/gcc/i686-linux-gnu/7/../../../i386-linux-gnu/crtn.o

.plt            0x00000000000021c0      0x1e0
 *(.plt)
 .plt           0x00000000000021c0      0x1e0 /usr/lib/gcc/i686-linux-gnu/7/../../../i386-linux-gnu/Scrt1.o
 *(.iplt)

.plt.got        0x00000000000023a0       0x10
 *(.plt.got)
 .plt.got       0x00000000000023a0       0x10 /usr/lib/gcc/i686-linux-gnu/7/../../../i386-linux-gnu/Scrt1.o

.plt.sec
 *(.plt.sec)

.text           0x00000000000023b0    0x191c4
 *(.text.unlikely .text.*_unlikely .text.unlikely.*)
 .text.unlikely.raise_exc
                0x00000000000023b0       0x37 build/py/parsenum.o
 .text.unlikely.bad_implicit_conversion
                0x00000000000023e7       0x4e build/py/objstr.o
 *(.text.exit .text.exit.*)
 *(.text.startup .text.startup.*)
 .text.startup.main
                0x0000000000002435       0x3e build/main.o
                0x0000000000002435                main
 *(.text.hot .text.hot.*)
 *(.text .stub .text.* .gnu.linkonce.t.*)
 .text          0x0000000000002473       0x36 /usr/lib/gcc/i686-linux-gnu/7/../../../i386-linux-gnu/Scrt1.o
                0x0000000000002473                _start
 *fill*         0x00000000000024a9        0x7 
 .gnu.linkonce.t.__x86.get_pc_thunk.bx
                0x00000000000024b0        0x4 /usr/lib/gcc/i686-linux-gnu/7/../../../i386-linux-gnu/crti.o
                0x00000000000024b0                __x86.get_pc_thunk.bx
 *fill*         0x00000000000024b4        0xc 
 .text          0x00000000000024c0       0xe9 /usr/lib/gcc/i686-linux-gnu/7/crtbeginS.o
 .text.__x86.get_pc_thunk.dx
                0x00000000000025a9        0x4 /usr/lib/gcc/i686-linux-gnu/7/crtbeginS.o
                0x00000000000025a9                __x86.get_pc_thunk.dx
 .text.nlr_push_tail
                0x00000000000025ad       0x22 build/py/nlr.o
                0x00000000000025ad                nlr_push_tail
 .text.nlr_pop  0x00000000000025cf       0x1d build/py/nlr.o
                0x00000000000025cf                nlr_pop
 .text.__x86.get_pc_thunk.ax
                0x00000000000025ec        0x4 build/py/nlr.o
                0x00000000000025ec                __x86.get_pc_thunk.ax
 .text.nlr_push
                0x00000000000025f0       0x26 build/py/nlrx86.o
                0x00000000000025f0                nlr_push
 .text.nlr_jump
                0x0000000000002616       0x4f build/py/nlrx86.o
                0x0000000000002616                nlr_jump
 .text.m_malloc
                0x0000000000002665       0x38 build/py/malloc.o
                0x0000000000002665                m_malloc
 .text.m_malloc_maybe
                0x000000000000269d       0x21 build/py/malloc.o
                0x000000000000269d                m_malloc_maybe
 .text.m_malloc0
                0x00000000000026be        0x9 build/py/malloc.o
                0x00000000000026be                m_malloc0
 .text.m_realloc
                0x00000000000026c7       0x3a build/py/malloc.o
                0x00000000000026c7                m_realloc
 .text.m_realloc_maybe
                0x0000000000002701       0x27 build/py/malloc.o
                0x0000000000002701                m_realloc_maybe
 .text.m_free   0x0000000000002728       0x22 build/py/malloc.o
                0x0000000000002728                m_free
 *fill*         0x000000000000274a        0x6 
 .text.gc_mark_subtree
                0x0000000000002750       0xfc build/py/gc.o
 *fill*         0x000000000000284c        0x4 
 .text.gc_free.part.0
                0x0000000000002850      0x116 build/py/gc.o
 *fill*         0x0000000000002966        0xa 
 .text.gc_init  0x0000000000002970       0x8a build/py/gc.o
                0x0000000000002970                gc_init
 *fill*         0x00000000000029fa        0x6 
 .text.gc_is_locked
                0x0000000000002a00       0x1c build/py/gc.o
                0x0000000000002a00                gc_is_locked
 *fill*         0x0000000000002a1c        0x4 
 .text.gc_collect_start
                0x0000000000002a20       0xa6 build/py/gc.o
                0x0000000000002a20                gc_collect_start
 *fill*         0x0000000000002ac6        0xa 
 .text.gc_collect_root
                0x0000000000002ad0       0x96 build/py/gc.o
                0x0000000000002ad0                gc_collect_root
 *fill*         0x0000000000002b66        0xa 
 .text.gc_collect_end
                0x0000000000002b70      0x15c build/py/gc.o
                0x0000000000002b70                gc_collect_end
 *fill*         0x0000000000002ccc        0x4 
 .text.gc_alloc
                0x0000000000002cd0      0x21c build/py/gc.o
                0x0000000000002cd0                gc_alloc
 *fill*         0x0000000000002eec        0x4 
 .text.gc_free  0x0000000000002ef0       0x32 build/py/gc.o
                0x0000000000002ef0                gc_free
 *fill*         0x0000000000002f22        0xe 
 .text.gc_realloc
                0x0000000000002f30      0x36f build/py/gc.o
                0x0000000000002f30                gc_realloc
 .text.__x86.get_pc_thunk.cx
                0x000000000000329f        0x4 build/py/gc.o
                0x000000000000329f                __x86.get_pc_thunk.cx
 .text.find_qstr
                0x00000000000032a3       0x2a build/py/qstr.o
 .text.qstr_compute_hash
                0x00000000000032cd       0x2f build/py/qstr.o
                0x00000000000032cd                qstr_compute_hash
 .text.qstr_init
                0x00000000000032fc       0x26 build/py/qstr.o
                0x00000000000032fc                qstr_init
 .text.qstr_find_strn
                0x0000000000003322       0x93 build/py/qstr.o
                0x0000000000003322                qstr_find_strn
 .text.qstr_from_strn
                0x00000000000033b5      0x1cc build/py/qstr.o
                0x00000000000033b5                qstr_from_strn
 .text.qstr_from_str
                0x0000000000003581       0x26 build/py/qstr.o
                0x0000000000003581                qstr_from_str
 .text.qstr_hash
                0x00000000000035a7       0x10 build/py/qstr.o
                0x00000000000035a7                qstr_hash
 .text.qstr_len
                0x00000000000035b7       0x11 build/py/qstr.o
                0x00000000000035b7                qstr_len
 .text.qstr_str
                0x00000000000035c8       0x10 build/py/qstr.o
                0x00000000000035c8                qstr_str
 .text.qstr_data
                0x00000000000035d8       0x19 build/py/qstr.o
                0x00000000000035d8                qstr_data
 .text.vstr_ensure_extra
                0x00000000000035f1       0x56 build/py/vstr.o
 .text.vstr_add_strn
                0x0000000000003647       0x42 build/py/vstr.o
                0x0000000000003647                vstr_add_strn
 .text.vstr_init
                0x0000000000003689       0x42 build/py/vstr.o
                0x0000000000003689                vstr_init
 .text.vstr_init_len
                0x00000000000036cb       0x24 build/py/vstr.o
                0x00000000000036cb                vstr_init_len
 .text.vstr_init_print
                0x00000000000036ef       0x39 build/py/vstr.o
                0x00000000000036ef                vstr_init_print
 .text.vstr_clear
                0x0000000000003728       0x35 build/py/vstr.o
                0x0000000000003728                vstr_clear
 .text.vstr_extend
                0x000000000000375d       0x4d build/py/vstr.o
                0x000000000000375d                vstr_extend
 .text.vstr_add_len
                0x00000000000037aa       0x24 build/py/vstr.o
                0x00000000000037aa                vstr_add_len
 .text.vstr_null_terminated_str
                0x00000000000037ce       0x2e build/py/vstr.o
                0x00000000000037ce                vstr_null_terminated_str
 .text.vstr_add_byte
                0x00000000000037fc       0x1e build/py/vstr.o
                0x00000000000037fc                vstr_add_byte
 .text.vstr_add_char
                0x000000000000381a       0xfd build/py/vstr.o
                0x000000000000381a                vstr_add_char
 .text.vstr_add_str
                0x0000000000003917       0x2b build/py/vstr.o
                0x0000000000003917                vstr_add_str
 .text.vstr_cut_tail_bytes
                0x0000000000003942       0x20 build/py/vstr.o
                0x0000000000003942                vstr_cut_tail_bytes
 .text.__x86.get_pc_thunk.di
                0x0000000000003962        0x4 build/py/vstr.o
                0x0000000000003962                __x86.get_pc_thunk.di
 .text.mp_print_str
                0x0000000000003966       0x2f build/py/mpprint.o
                0x0000000000003966                mp_print_str
 .text.mp_print_strn
                0x0000000000003995       0xf9 build/py/mpprint.o
                0x0000000000003995                mp_print_strn
 .text.mp_print_int
                0x0000000000003a8e      0x102 build/py/mpprint.o
 .text.mp_print_mp_int
                0x0000000000003b90      0x349 build/py/mpprint.o
                0x0000000000003b90                mp_print_mp_int
 .text.mp_print_float
                0x0000000000003ed9       0xe5 build/py/mpprint.o
                0x0000000000003ed9                mp_print_float
 .text.mp_vprintf
                0x0000000000003fbe      0x3ad build/py/mpprint.o
                0x0000000000003fbe                mp_vprintf
 .text.mp_printf
                0x000000000000436b       0x17 build/py/mpprint.o
                0x000000000000436b                mp_printf
 .text.utf8_get_char
                0x0000000000004382       0x3f build/py/unicode.o
                0x0000000000004382                utf8_get_char
 .text.utf8_next_char
                0x00000000000043c1       0x13 build/py/unicode.o
                0x00000000000043c1                utf8_next_char
 .text.utf8_ptr_to_index
                0x00000000000043d4       0x1d build/py/unicode.o
                0x00000000000043d4                utf8_ptr_to_index
 .text.utf8_charlen
                0x00000000000043f1       0x23 build/py/unicode.o
                0x00000000000043f1                utf8_charlen
 .text.unichar_isspace
                0x0000000000004414       0x29 build/py/unicode.o
                0x0000000000004414                unichar_isspace
 .text.unichar_isalpha
                0x000000000000443d       0x2a build/py/unicode.o
                0x000000000000443d                unichar_isalpha
 .text.unichar_isdigit
                0x0000000000004467       0x2a build/py/unicode.o
                0x0000000000004467                unichar_isdigit
 .text.unichar_isxdigit
                0x0000000000004491       0x2a build/py/unicode.o
                0x0000000000004491                unichar_isxdigit
 .text.unichar_isupper
                0x00000000000044bb       0x2a build/py/unicode.o
                0x00000000000044bb                unichar_isupper
 .text.unichar_islower
                0x00000000000044e5       0x2a build/py/unicode.o
                0x00000000000044e5                unichar_islower
 .text.unichar_tolower
                0x000000000000450f       0x1c build/py/unicode.o
                0x000000000000450f                unichar_tolower
 .text.unichar_toupper
                0x000000000000452b       0x1c build/py/unicode.o
                0x000000000000452b                unichar_toupper
 .text.unichar_xdigit_value
                0x0000000000004547       0x16 build/py/unicode.o
                0x0000000000004547                unichar_xdigit_value
 .text.utf8_check
                0x000000000000455d       0x56 build/py/unicode.o
                0x000000000000455d                utf8_check
 .text.mpn_remove_trailing_zeros
                0x00000000000045b3       0x1b build/py/mpz.o
 .text.mpn_shr  0x00000000000045ce       0x51 build/py/mpz.o
 .text.mpn_add  0x000000000000461f       0x6d build/py/mpz.o
 .text.mpn_sub  0x000000000000468c       0x68 build/py/mpz.o
 .text.mpn_cmp.part.1
                0x00000000000046f4       0x34 build/py/mpz.o
 .text.mpz_free
                0x0000000000004728       0x33 build/py/mpz.o
 .text.mpz_need_dig
                0x000000000000475b       0x7b build/py/mpz.o
 .text.mpz_clone
                0x00000000000047d6       0x9d build/py/mpz.o
 .text.mpz_set_from_int.part.5
                0x0000000000004873       0x4d build/py/mpz.o
 .text.mpz_init_zero
                0x00000000000048c0       0x1c build/py/mpz.o
                0x00000000000048c0                mpz_init_zero
 .text.mpz_deinit
                0x00000000000048dc       0x2f build/py/mpz.o
                0x00000000000048dc                mpz_deinit
 .text.mpz_set  0x000000000000490b       0x44 build/py/mpz.o
                0x000000000000490b                mpz_set
 .text.mpz_set_from_int
                0x000000000000494f       0x1c build/py/mpz.o
                0x000000000000494f                mpz_set_from_int
 .text.mpz_init_from_int
                0x000000000000496b       0x1f build/py/mpz.o
                0x000000000000496b                mpz_init_from_int
 .text.mpz_init_fixed_from_int
                0x000000000000498a       0x38 build/py/mpz.o
                0x000000000000498a                mpz_init_fixed_from_int
 .text.mpz_set_from_ll
                0x00000000000049c2       0x7a build/py/mpz.o
                0x00000000000049c2                mpz_set_from_ll
 .text.mpz_set_from_float
                0x0000000000004a3c      0x178 build/py/mpz.o
                0x0000000000004a3c                mpz_set_from_float
 .text.mpz_set_from_str
                0x0000000000004bb4       0xf8 build/py/mpz.o
                0x0000000000004bb4                mpz_set_from_str
 .text.mpz_set_from_bytes
                0x0000000000004cac       0xa2 build/py/mpz.o
                0x0000000000004cac                mpz_set_from_bytes
 .text.mpz_cmp  0x0000000000004d4e       0x51 build/py/mpz.o
                0x0000000000004d4e                mpz_cmp
 .text.mpz_abs_inpl
                0x0000000000004d9f       0x23 build/py/mpz.o
                0x0000000000004d9f                mpz_abs_inpl
 .text.mpz_neg_inpl
                0x0000000000004dc2       0x30 build/py/mpz.o
                0x0000000000004dc2                mpz_neg_inpl
 .text.mpz_not_inpl
                0x0000000000004df2       0xbc build/py/mpz.o
                0x0000000000004df2                mpz_not_inpl
 .text.mpz_shl_inpl
                0x0000000000004eae      0x101 build/py/mpz.o
                0x0000000000004eae                mpz_shl_inpl
 .text.mpz_shr_inpl
                0x0000000000004faf      0x11d build/py/mpz.o
                0x0000000000004faf                mpz_shr_inpl
 .text.mpz_add_inpl
                0x00000000000050cc       0x97 build/py/mpz.o
                0x00000000000050cc                mpz_add_inpl
 .text.mpz_sub_inpl
                0x0000000000005163       0xad build/py/mpz.o
                0x0000000000005163                mpz_sub_inpl
 .text.mpz_and_inpl
                0x0000000000005210      0x150 build/py/mpz.o
                0x0000000000005210                mpz_and_inpl
 .text.mpz_or_inpl
                0x0000000000005360      0x178 build/py/mpz.o
                0x0000000000005360                mpz_or_inpl
 .text.mpz_xor_inpl
                0x00000000000054d8      0x13d build/py/mpz.o
                0x00000000000054d8                mpz_xor_inpl
 .text.mpz_mul_inpl
                0x0000000000005615      0x142 build/py/mpz.o
                0x0000000000005615                mpz_mul_inpl
 .text.mpz_pow_inpl
                0x0000000000005757       0xba build/py/mpz.o
                0x0000000000005757                mpz_pow_inpl
 .text.mpz_divmod_inpl
                0x0000000000005811      0x3da build/py/mpz.o
                0x0000000000005811                mpz_divmod_inpl
 .text.mpz_hash
                0x0000000000005beb       0x31 build/py/mpz.o
                0x0000000000005beb                mpz_hash
 .text.mpz_as_int_checked
                0x0000000000005c1c       0x43 build/py/mpz.o
                0x0000000000005c1c                mpz_as_int_checked
 .text.mpz_as_bytes
                0x0000000000005c5f       0xa7 build/py/mpz.o
                0x0000000000005c5f                mpz_as_bytes
 .text.mpz_as_float
                0x0000000000005d06       0x48 build/py/mpz.o
                0x0000000000005d06                mpz_as_float
 .text.mpz_as_str_inpl
                0x0000000000005d4e      0x1b7 build/py/mpz.o
                0x0000000000005d4e                mpz_as_str_inpl
 .text.mp_reader_posix_close
                0x0000000000005f05       0x39 build/py/reader.o
 .text.mp_reader_posix_readbyte
                0x0000000000005f3e       0x63 build/py/reader.o
 .text.mp_reader_new_file_from_fd
                0x0000000000005fa1       0x95 build/py/reader.o
                0x0000000000005fa1                mp_reader_new_file_from_fd
 .text.mp_reader_new_file
                0x0000000000006036       0x4b build/py/reader.o
                0x0000000000006036                mp_reader_new_file
 .text.next_char
                0x0000000000006081       0x8a build/py/lexer.o
 .text.skip_whitespace
                0x000000000000610b       0x93 build/py/lexer.o
 .text.is_string_or_bytes
                0x000000000000619e       0x6a build/py/lexer.o
 .text.mp_lexer_to_next
                0x0000000000006208      0x7e1 build/py/lexer.o
                0x0000000000006208                mp_lexer_to_next
 .text.mp_lexer_new
                0x00000000000069e9       0xde build/py/lexer.o
                0x00000000000069e9                mp_lexer_new
 .text.mp_lexer_new_from_file
                0x0000000000006ac7       0x5f build/py/lexer.o
                0x0000000000006ac7                mp_lexer_new_from_file
 .text.mp_lexer_free
                0x0000000000006b26       0x46 build/py/lexer.o
                0x0000000000006b26                mp_lexer_free
 .text.parser_alloc
                0x0000000000006b6c       0xb5 build/py/parse.o
 .text.push_result_node
                0x0000000000006c21       0x53 build/py/parse.o
 .text.push_rule
                0x0000000000006c74       0x71 build/py/parse.o
 .text.peek_result
                0x0000000000006ce5       0x44 build/py/parse.o
 .text.pop_result
                0x0000000000006d29       0x45 build/py/parse.o
 .text.push_rule_from_arg
                0x0000000000006d6e       0x5a build/py/parse.o
 .text.push_result_token
                0x0000000000006dc8      0x1a0 build/py/parse.o
 .text.mp_parse_node_is_const_false
                0x0000000000006f68       0x26 build/py/parse.o
                0x0000000000006f68                mp_parse_node_is_const_false
 .text.mp_parse_node_is_const_true
                0x0000000000006f8e       0x26 build/py/parse.o
                0x0000000000006f8e                mp_parse_node_is_const_true
 .text.mp_parse_node_get_int_maybe
                0x0000000000006fb4       0x59 build/py/parse.o
                0x0000000000006fb4                mp_parse_node_get_int_maybe
 .text.push_result_rule
                0x000000000000700d      0x632 build/py/parse.o
 .text.mp_parse_node_extract_list
                0x000000000000763f       0x40 build/py/parse.o
                0x000000000000763f                mp_parse_node_extract_list
 .text.mp_parse
                0x000000000000767f      0x685 build/py/parse.o
                0x000000000000767f                mp_parse
 .text.mp_parse_tree_clear
                0x0000000000007d04       0x34 build/py/parse.o
                0x0000000000007d04                mp_parse_tree_clear
 .text.scope_new
                0x0000000000007d38       0xa7 build/py/scope.o
                0x0000000000007d38                scope_new
 .text.scope_free
                0x0000000000007ddf       0x30 build/py/scope.o
                0x0000000000007ddf                scope_free
 .text.scope_find
                0x0000000000007e0f       0x29 build/py/scope.o
                0x0000000000007e0f                scope_find
 .text.scope_find_or_add_id
                0x0000000000007e38       0x79 build/py/scope.o
                0x0000000000007e38                scope_find_or_add_id
 .text.scope_find_global
                0x0000000000007eb1       0x20 build/py/scope.o
                0x0000000000007eb1                scope_find_global
 .text.scope_check_to_close_over
                0x0000000000007ed1       0xc8 build/py/scope.o
                0x0000000000007ed1                scope_check_to_close_over
 .text.apply_to_single_or_list
                0x0000000000007f99       0x54 build/py/compile.o
 .text.compile_del_stmt
                0x0000000000007fed       0x2b build/py/compile.o
 .text.compile_import_name
                0x0000000000008018       0x2b build/py/compile.o
 .text.scope_new_and_link
                0x0000000000008043       0x4f build/py/compile.o
 .text.compile_trailer_period
                0x0000000000008092       0x31 build/py/compile.o
 .text.compile_const_object
                0x00000000000080c3       0x2b build/py/compile.o
 .text.close_over_variables_etc
                0x00000000000080ee       0xef build/py/compile.o
 .text.compile_funcdef_lambdef
                0x00000000000081dd       0xad build/py/compile.o
 .text.compile_lambdef
                0x000000000000828a       0x4a build/py/compile.o
 .text.compile_funcdef_helper
                0x00000000000082d4       0x49 build/py/compile.o
 .text.compile_increase_except_level
                0x000000000000831d       0x40 build/py/compile.o
 .text.compile_error_set_line.isra.1
                0x000000000000835d       0x17 build/py/compile.o
 .text.compile_syntax_error
                0x0000000000008374       0x4a build/py/compile.o
 .text.compile_scope_func_lambda_param
                0x00000000000083be      0x195 build/py/compile.o
 .text.compile_scope_lambda_param
                0x0000000000008553       0x22 build/py/compile.o
 .text.compile_scope_func_param
                0x0000000000008575       0x22 build/py/compile.o
 .text.compile_star_expr
                0x0000000000008597       0x1f build/py/compile.o
 .text.compile_yield_from.isra.6
                0x00000000000085b6       0x3d build/py/compile.o
 .text.compile_await_object_method
                0x00000000000085f3       0x3d build/py/compile.o
 .text.compile_load_id
                0x0000000000008630       0x3d build/py/compile.o
 .text.compile_store_id
                0x000000000000866d       0x3c build/py/compile.o
 .text.compile_funcdef
                0x00000000000086a9       0x25 build/py/compile.o
 .text.compile_delete_id
                0x00000000000086ce       0x3c build/py/compile.o
 .text.compile_node
                0x000000000000870a      0x146 build/py/compile.o
 .text.c_assign
                0x0000000000008850      0x33d build/py/compile.o
 .text.c_assign_tuple
                0x0000000000008b8d      0x123 build/py/compile.o
 .text.compile_dictorsetmaker_item
                0x0000000000008cb0       0x22 build/py/compile.o
 .text.compile_subscript
                0x0000000000008cd2      0x156 build/py/compile.o
 .text.compile_trailer_bracket
                0x0000000000008e28       0x36 build/py/compile.o
 .text.c_tuple  0x0000000000008e5e       0x74 build/py/compile.o
 .text.compile_generic_tuple
                0x0000000000008ed2       0x11 build/py/compile.o
 .text.compile_yield_stmt
                0x0000000000008ee3       0x35 build/py/compile.o
 .text.c_del_stmt
                0x0000000000008f18      0x244 build/py/compile.o
 .text.compile_generic_all_nodes
                0x000000000000915c       0x4e build/py/compile.o
 .text.compile_power
                0x00000000000091aa       0x34 build/py/compile.o
 .text.compile_comprehension
                0x00000000000091de       0xe2 build/py/compile.o
 .text.compile_atom_paren
                0x00000000000092c0       0xda build/py/compile.o
 .text.compile_atom_bracket
                0x000000000000939a      0x114 build/py/compile.o
 .text.compile_trailer_paren_helper
                0x00000000000094ae      0x1f9 build/py/compile.o
 .text.compile_classdef_helper
                0x00000000000096a7       0x9e build/py/compile.o
 .text.compile_classdef
                0x0000000000009745       0x25 build/py/compile.o
 .text.compile_trailer_paren
                0x000000000000976a       0x1b build/py/compile.o
 .text.compile_decorated
                0x0000000000009785      0x239 build/py/compile.o
 .text.compile_atom_brace
                0x00000000000099be      0x215 build/py/compile.o
 .text.compile_funcdef_lambdef_param
                0x0000000000009bd3      0x166 build/py/compile.o
 .text.compile_atom_expr_normal
                0x0000000000009d39      0x1ca build/py/compile.o
 .text.compile_term
                0x0000000000009f03       0xda build/py/compile.o
 .text.compile_binary_op
                0x0000000000009fdd       0x68 build/py/compile.o
 .text.compile_expr_stmt
                0x000000000000a045      0x2d7 build/py/compile.o
 .text.compile_not_test_2
                0x000000000000a31c       0x36 build/py/compile.o
 .text.compile_or_and_test
                0x000000000000a352       0x8c build/py/compile.o
 .text.compile_comparison
                0x000000000000a3de      0x1a7 build/py/compile.o
 .text.compile_for_stmt
                0x000000000000a585      0x478 build/py/compile.o
 .text.c_if_cond
                0x000000000000a9fd      0x1cd build/py/compile.o
 .text.compile_scope_comp_iter
                0x000000000000abca      0x143 build/py/compile.o
 .text.compile_scope
                0x000000000000ad0d      0x485 build/py/compile.o
 .text.compile_while_stmt
                0x000000000000b192      0x107 build/py/compile.o
 .text.compile_if_stmt
                0x000000000000b299      0x1e1 build/py/compile.o
 .text.compile_test_if_expr
                0x000000000000b47a       0xc8 build/py/compile.o
 .text.compile_yield_expr
                0x000000000000b542       0x8f build/py/compile.o
 .text.compile_return_stmt
                0x000000000000b5d1       0xcf build/py/compile.o
 .text.compile_atom_expr_await
                0x000000000000b6a0       0x4e build/py/compile.o
 .text.compile_factor_2
                0x000000000000b6ee       0x7a build/py/compile.o
 .text.compile_decrease_except_level
                0x000000000000b768       0x4f build/py/compile.o
 .text.compile_with_stmt_helper
                0x000000000000b7b7       0xce build/py/compile.o
 .text.compile_try_except
                0x000000000000b885      0x28f build/py/compile.o
 .text.compile_try_finally
                0x000000000000bb14       0xe9 build/py/compile.o
 .text.compile_try_stmt
                0x000000000000bbfd       0xed build/py/compile.o
 .text.compile_async_with_stmt_helper
                0x000000000000bcea      0x2cc build/py/compile.o
 .text.compile_with_stmt
                0x000000000000bfb6       0x88 build/py/compile.o
 .text.compile_async_stmt
                0x000000000000c03e      0x2d2 build/py/compile.o
 .text.compile_assert_stmt
                0x000000000000c310       0x98 build/py/compile.o
 .text.compile_raise_stmt
                0x000000000000c3a8       0x6f build/py/compile.o
 .text.compile_global_nonlocal_stmt
                0x000000000000c417      0x127 build/py/compile.o
 .text.do_import_name.isra.22
                0x000000000000c53e      0x1c6 build/py/compile.o
 .text.compile_import_from
                0x000000000000c704      0x231 build/py/compile.o
 .text.compile_dotted_as_name
                0x000000000000c935       0x6a build/py/compile.o
 .text.compile_break_cont_stmt
                0x000000000000c99f       0x88 build/py/compile.o
 .text.mp_compile_to_raw_code
                0x000000000000ca27      0x3a4 build/py/compile.o
                0x000000000000ca27                mp_compile_to_raw_code
 .text.__x86.get_pc_thunk.si
                0x000000000000cdcb        0x4 build/py/compile.o
                0x000000000000cdcb                __x86.get_pc_thunk.si
 .text.mp_emit_common_get_id_for_modification
                0x000000000000cdcf       0x36 build/py/emitcommon.o
                0x000000000000cdcf                mp_emit_common_get_id_for_modification
 .text.mp_emit_common_id_op
                0x000000000000ce05       0xca build/py/emitcommon.o
                0x000000000000ce05                mp_emit_common_id_op
 .text.emit_write_uint
                0x000000000000cecf       0x7a build/py/emitbc.o
 .text.emit_get_cur_to_write_code_info
                0x000000000000cf49       0x54 build/py/emitbc.o
 .text.emit_write_code_info_byte
                0x000000000000cf9d       0x1b build/py/emitbc.o
 .text.emit_write_code_info_qstr
                0x000000000000cfb8       0x1e build/py/emitbc.o
 .text.emit_get_cur_to_write_bytecode
                0x000000000000cfd6       0x5a build/py/emitbc.o
 .text.emit_write_bytecode_byte
                0x000000000000d030       0x1b build/py/emitbc.o
 .text.emit_write_bytecode_byte_uint
                0x000000000000d04b       0x36 build/py/emitbc.o
 .text.emit_write_bytecode_byte_raw_code
                0x000000000000d081       0x40 build/py/emitbc.o
 .text.mp_emit_bc_delete_local
                0x000000000000d0c1       0x18 build/py/emitbc.o
                0x000000000000d0c1                mp_emit_bc_delete_local
 .text.emit_write_bytecode_byte_signed_label
                0x000000000000d0d9       0x40 build/py/emitbc.o
 .text.emit_write_bytecode_byte_unsigned_label
                0x000000000000d119       0x40 build/py/emitbc.o
 .text.emit_write_bytecode_byte_qstr
                0x000000000000d159       0x61 build/py/emitbc.o
 .text.emit_write_bytecode_byte_obj.constprop.8
                0x000000000000d1ba       0x38 build/py/emitbc.o
 .text.emit_bc_new
                0x000000000000d1f2       0x1e build/py/emitbc.o
                0x000000000000d1f2                emit_bc_new
 .text.emit_bc_set_max_num_labels
                0x000000000000d210       0x32 build/py/emitbc.o
                0x000000000000d210                emit_bc_set_max_num_labels
 .text.emit_bc_free
                0x000000000000d242       0x30 build/py/emitbc.o
                0x000000000000d242                emit_bc_free
 .text.mp_emit_bc_start_pass
                0x000000000000d272      0x1e5 build/py/emitbc.o
                0x000000000000d272                mp_emit_bc_start_pass
 .text.mp_emit_bc_end_pass
                0x000000000000d457       0xfd build/py/emitbc.o
                0x000000000000d457                mp_emit_bc_end_pass
 .text.mp_emit_bc_last_emit_was_return_value
                0x000000000000d554        0xf build/py/emitbc.o
                0x000000000000d554                mp_emit_bc_last_emit_was_return_value
 .text.mp_emit_bc_adjust_stack_size
                0x000000000000d563       0x5b build/py/emitbc.o
                0x000000000000d563                mp_emit_bc_adjust_stack_size
 .text.mp_emit_bc_load_local
                0x000000000000d5be       0x4f build/py/emitbc.o
                0x000000000000d5be                mp_emit_bc_load_local
 .text.mp_emit_bc_load_global
                0x000000000000d60d       0x5f build/py/emitbc.o
                0x000000000000d60d                mp_emit_bc_load_global
 .text.mp_emit_bc_store_local
                0x000000000000d66c       0x4f build/py/emitbc.o
                0x000000000000d66c                mp_emit_bc_store_local
 .text.mp_emit_bc_store_global
                0x000000000000d6bb       0x33 build/py/emitbc.o
                0x000000000000d6bb                mp_emit_bc_store_global
 .text.mp_emit_bc_delete_global
                0x000000000000d6ee       0x33 build/py/emitbc.o
                0x000000000000d6ee                mp_emit_bc_delete_global
 .text.emit_bc_call_function_method_helper
                0x000000000000d721       0x61 build/py/emitbc.o
 .text.mp_emit_bc_set_source_line
                0x000000000000d782       0xe5 build/py/emitbc.o
                0x000000000000d782                mp_emit_bc_set_source_line
 .text.mp_emit_bc_label_assign
                0x000000000000d867       0xa9 build/py/emitbc.o
                0x000000000000d867                mp_emit_bc_label_assign
 .text.mp_emit_bc_import
                0x000000000000d910       0x61 build/py/emitbc.o
                0x000000000000d910                mp_emit_bc_import
 .text.mp_emit_bc_load_const_tok
                0x000000000000d971       0x8c build/py/emitbc.o
                0x000000000000d971                mp_emit_bc_load_const_tok
 .text.mp_emit_bc_load_const_small_int
                0x000000000000d9fd       0xcf build/py/emitbc.o
                0x000000000000d9fd                mp_emit_bc_load_const_small_int
 .text.mp_emit_bc_load_const_str
                0x000000000000dacc       0x2c build/py/emitbc.o
                0x000000000000dacc                mp_emit_bc_load_const_str
 .text.mp_emit_bc_load_const_obj
                0x000000000000daf8       0x27 build/py/emitbc.o
                0x000000000000daf8                mp_emit_bc_load_const_obj
 .text.mp_emit_bc_load_null
                0x000000000000db1f       0x25 build/py/emitbc.o
                0x000000000000db1f                mp_emit_bc_load_null
 .text.mp_emit_bc_load_method
                0x000000000000db44       0x44 build/py/emitbc.o
                0x000000000000db44                mp_emit_bc_load_method
 .text.mp_emit_bc_load_build_class
                0x000000000000db88       0x25 build/py/emitbc.o
                0x000000000000db88                mp_emit_bc_load_build_class
 .text.mp_emit_bc_dup_top
                0x000000000000dbad       0x25 build/py/emitbc.o
                0x000000000000dbad                mp_emit_bc_dup_top
 .text.mp_emit_bc_dup_top_two
                0x000000000000dbd2       0x25 build/py/emitbc.o
                0x000000000000dbd2                mp_emit_bc_dup_top_two
 .text.mp_emit_bc_pop_top
                0x000000000000dbf7       0x25 build/py/emitbc.o
                0x000000000000dbf7                mp_emit_bc_pop_top
 .text.mp_emit_bc_rot_two
                0x000000000000dc1c       0x25 build/py/emitbc.o
                0x000000000000dc1c                mp_emit_bc_rot_two
 .text.mp_emit_bc_attr
                0x000000000000dc41       0x8c build/py/emitbc.o
                0x000000000000dc41                mp_emit_bc_attr
 .text.mp_emit_bc_rot_three
                0x000000000000dccd       0x25 build/py/emitbc.o
                0x000000000000dccd                mp_emit_bc_rot_three
 .text.mp_emit_bc_subscr
                0x000000000000dcf2       0x59 build/py/emitbc.o
                0x000000000000dcf2                mp_emit_bc_subscr
 .text.mp_emit_bc_jump
                0x000000000000dd4b       0x2c build/py/emitbc.o
                0x000000000000dd4b                mp_emit_bc_jump
 .text.mp_emit_bc_pop_jump_if
                0x000000000000dd77       0x3e build/py/emitbc.o
                0x000000000000dd77                mp_emit_bc_pop_jump_if
 .text.mp_emit_bc_jump_if_or_pop
                0x000000000000ddb5       0x3e build/py/emitbc.o
                0x000000000000ddb5                mp_emit_bc_jump_if_or_pop
 .text.mp_emit_bc_unwind_jump
                0x000000000000ddf3       0xa1 build/py/emitbc.o
                0x000000000000ddf3                mp_emit_bc_unwind_jump
 .text.mp_emit_bc_setup_block
                0x000000000000de94       0x3f build/py/emitbc.o
                0x000000000000de94                mp_emit_bc_setup_block
 .text.mp_emit_bc_end_finally
                0x000000000000ded3       0x25 build/py/emitbc.o
                0x000000000000ded3                mp_emit_bc_end_finally
 .text.mp_emit_bc_get_iter
                0x000000000000def8       0x3b build/py/emitbc.o
                0x000000000000def8                mp_emit_bc_get_iter
 .text.mp_emit_bc_for_iter
                0x000000000000df33       0x2c build/py/emitbc.o
                0x000000000000df33                mp_emit_bc_for_iter
 .text.mp_emit_bc_for_iter_end
                0x000000000000df5f       0x15 build/py/emitbc.o
                0x000000000000df5f                mp_emit_bc_for_iter_end
 .text.mp_emit_bc_pop_block
                0x000000000000df74       0x25 build/py/emitbc.o
                0x000000000000df74                mp_emit_bc_pop_block
 .text.mp_emit_bc_with_cleanup
                0x000000000000df99       0x55 build/py/emitbc.o
                0x000000000000df99                mp_emit_bc_with_cleanup
 .text.mp_emit_bc_pop_except
                0x000000000000dfee       0x25 build/py/emitbc.o
                0x000000000000dfee                mp_emit_bc_pop_except
 .text.mp_emit_bc_unary_op
                0x000000000000e013       0x2b build/py/emitbc.o
                0x000000000000e013                mp_emit_bc_unary_op
 .text.mp_emit_bc_binary_op
                0x000000000000e03e       0x79 build/py/emitbc.o
                0x000000000000e03e                mp_emit_bc_binary_op
 .text.mp_emit_bc_build
                0x000000000000e0b7       0x46 build/py/emitbc.o
                0x000000000000e0b7                mp_emit_bc_build
 .text.mp_emit_bc_store_map
                0x000000000000e0fd       0x25 build/py/emitbc.o
                0x000000000000e0fd                mp_emit_bc_store_map
 .text.mp_emit_bc_store_comp
                0x000000000000e122       0x60 build/py/emitbc.o
                0x000000000000e122                mp_emit_bc_store_comp
 .text.mp_emit_bc_unpack_sequence
                0x000000000000e182       0x2e build/py/emitbc.o
                0x000000000000e182                mp_emit_bc_unpack_sequence
 .text.mp_emit_bc_unpack_ex
                0x000000000000e1b0       0x39 build/py/emitbc.o
                0x000000000000e1b0                mp_emit_bc_unpack_ex
 .text.mp_emit_bc_make_function
                0x000000000000e1e9       0x4c build/py/emitbc.o
                0x000000000000e1e9                mp_emit_bc_make_function
 .text.mp_emit_bc_make_closure
                0x000000000000e235       0xa5 build/py/emitbc.o
                0x000000000000e235                mp_emit_bc_make_closure
 .text.mp_emit_bc_call_function
                0x000000000000e2da       0x27 build/py/emitbc.o
                0x000000000000e2da                mp_emit_bc_call_function
 .text.mp_emit_bc_call_method
                0x000000000000e301       0x28 build/py/emitbc.o
                0x000000000000e301                mp_emit_bc_call_method
 .text.mp_emit_bc_return_value
                0x000000000000e329       0x29 build/py/emitbc.o
                0x000000000000e329                mp_emit_bc_return_value
 .text.mp_emit_bc_raise_varargs
                0x000000000000e352       0x63 build/py/emitbc.o
                0x000000000000e352                mp_emit_bc_raise_varargs
 .text.mp_emit_bc_yield
                0x000000000000e3b5       0x36 build/py/emitbc.o
                0x000000000000e3b5                mp_emit_bc_yield
 .text.mp_emit_bc_start_except_handler
                0x000000000000e3eb       0x15 build/py/emitbc.o
                0x000000000000e3eb                mp_emit_bc_start_except_handler
 .text.mp_emit_bc_end_except_handler
                0x000000000000e400       0x15 build/py/emitbc.o
                0x000000000000e400                mp_emit_bc_end_except_handler
 .text.mp_format_float
                0x000000000000e415      0x5f7 build/py/formatfloat.o
                0x000000000000e415                mp_format_float
 .text.mp_parse_num_base
                0x000000000000ea0c       0xa7 build/py/parsenumbase.o
                0x000000000000ea0c                mp_parse_num_base
 .text.mp_parse_num_integer
                0x000000000000eab3      0x1d3 build/py/parsenum.o
                0x000000000000eab3                mp_parse_num_integer
 .text.mp_parse_num_decimal
                0x000000000000ec86      0x3ae build/py/parsenum.o
                0x000000000000ec86                mp_parse_num_decimal
 .text.mp_emit_glue_new_raw_code
                0x000000000000f034       0x28 build/py/emitglue.o
                0x000000000000f034                mp_emit_glue_new_raw_code
 .text.mp_emit_glue_assign_bytecode
                0x000000000000f05c       0x4b build/py/emitglue.o
                0x000000000000f05c                mp_emit_glue_assign_bytecode
 .text.mp_print_bytes
                0x000000000000f0a7       0x16 build/py/persistentcode.o
 .text.mp_print_uint
                0x000000000000f0bd       0x58 build/py/persistentcode.o
 .text.save_qstr
                0x000000000000f115       0x5d build/py/persistentcode.o
 .text.save_raw_code
                0x000000000000f172      0x2f1 build/py/persistentcode.o
 .text.fd_print_strn
                0x000000000000f463       0x28 build/py/persistentcode.o
 .text.mp_raw_code_save
                0x000000000000f48b       0x71 build/py/persistentcode.o
                0x000000000000f48b                mp_raw_code_save
 .text.mp_raw_code_save_file
                0x000000000000f4fc       0x72 build/py/persistentcode.o
                0x000000000000f4fc                mp_raw_code_save_file
 .text.mp_init  0x000000000000f56e       0x68 build/py/runtime.o
                0x000000000000f56e                mp_init
 .text.mp_deinit
                0x000000000000f5d6        0x5 build/py/runtime.o
                0x000000000000f5d6                mp_deinit
 .text.mp_unary_op
                0x000000000000f5db      0x1da build/py/runtime.o
                0x000000000000f5db                mp_unary_op
 .text.mp_call_function_n_kw
                0x000000000000f7b5       0x78 build/py/runtime.o
                0x000000000000f7b5                mp_call_function_n_kw
 .text.mp_call_function_1
                0x000000000000f82d       0x18 build/py/runtime.o
                0x000000000000f82d                mp_call_function_1
 .text.checked_fun_call
                0x000000000000f845       0x83 build/py/runtime.o
 .text.mp_call_method_n_kw
                0x000000000000f8c8       0x2a build/py/runtime.o
                0x000000000000f8c8                mp_call_method_n_kw
 .text.mp_convert_member_lookup
                0x000000000000f8f2       0xf0 build/py/runtime.o
                0x000000000000f8f2                mp_convert_member_lookup
 .text.mp_load_method_maybe
                0x000000000000f9e2       0xf3 build/py/runtime.o
                0x000000000000f9e2                mp_load_method_maybe
 .text.mp_getiter
                0x000000000000fad5      0x100 build/py/runtime.o
                0x000000000000fad5                mp_getiter
 .text.mp_iternext_allow_raise
                0x000000000000fbd5       0x9e build/py/runtime.o
                0x000000000000fbd5                mp_iternext_allow_raise
 .text.mp_iternext
                0x000000000000fc73       0xf4 build/py/runtime.o
                0x000000000000fc73                mp_iternext
 .text.mp_raise_msg
                0x000000000000fd67       0x36 build/py/runtime.o
                0x000000000000fd67                mp_raise_msg
 .text.m_malloc_fail
                0x000000000000fd9d       0x47 build/py/runtime.o
                0x000000000000fd9d                m_malloc_fail
 .text.mp_raise_ValueError
                0x000000000000fde4       0x1e build/py/runtime.o
                0x000000000000fde4                mp_raise_ValueError
 .text.mp_binary_op
                0x000000000000fe02      0x4d7 build/py/runtime.o
                0x000000000000fe02                mp_binary_op
 .text.mp_raise_TypeError
                0x00000000000102d9       0x1e build/py/runtime.o
                0x00000000000102d9                mp_raise_TypeError
 .text.mp_raise_OSError
                0x00000000000102f7       0x2e build/py/runtime.o
                0x00000000000102f7                mp_raise_OSError
 .text.mp_raise_NotImplementedError
                0x0000000000010325       0x1e build/py/runtime.o
                0x0000000000010325                mp_raise_NotImplementedError
 .text.mp_raise_recursion_depth
                0x0000000000010343       0x2a build/py/runtime.o
                0x0000000000010343                mp_raise_recursion_depth
 .text.mp_stack_ctrl_init
                0x000000000001036d       0x3a build/py/stackctrl.o
                0x000000000001036d                mp_stack_ctrl_init
 .text.mp_stack_set_limit
                0x00000000000103a7       0x1b build/py/stackctrl.o
                0x00000000000103a7                mp_stack_set_limit
 .text.mp_stack_check
                0x00000000000103c2       0x4b build/py/stackctrl.o
                0x00000000000103c2                mp_stack_check
 .text.mp_arg_check_num_sig
                0x000000000001040d       0x85 build/py/argcheck.o
                0x000000000001040d                mp_arg_check_num_sig
 .text.mp_arg_parse_all
                0x0000000000010492      0x13a build/py/argcheck.o
                0x0000000000010492                mp_arg_parse_all
 .text.mp_arg_parse_all_kw_array
                0x00000000000105cc       0x74 build/py/argcheck.o
                0x00000000000105cc                mp_arg_parse_all_kw_array
 .text.mp_arg_error_unimpl_kw
                0x0000000000010640       0x1e build/py/argcheck.o
                0x0000000000010640                mp_arg_error_unimpl_kw
 .text.mp_map_init
                0x000000000001065e       0x4c build/py/map.o
                0x000000000001065e                mp_map_init
 .text.mp_map_init_fixed_table
                0x00000000000106aa       0x29 build/py/map.o
                0x00000000000106aa                mp_map_init_fixed_table
 .text.mp_map_deinit
                0x00000000000106d3       0x37 build/py/map.o
                0x00000000000106d3                mp_map_deinit
 .text.mp_map_clear
                0x000000000001070a       0x4a build/py/map.o
                0x000000000001070a                mp_map_clear
 .text.mp_map_lookup
                0x0000000000010754      0x215 build/py/map.o
                0x0000000000010754                mp_map_lookup
 .text.mp_map_rehash
                0x0000000000010969       0xae build/py/map.o
 .text.mp_obj_get_type
                0x0000000000010a17       0x33 build/py/obj.o
                0x0000000000010a17                mp_obj_get_type
 .text.mp_obj_get_type_str
                0x0000000000010a4a       0x29 build/py/obj.o
                0x0000000000010a4a                mp_obj_get_type_str
 .text.mp_obj_print_helper
                0x0000000000010a73       0x80 build/py/obj.o
                0x0000000000010a73                mp_obj_print_helper
 .text.mp_obj_print_exception
                0x0000000000010af3      0x133 build/py/obj.o
                0x0000000000010af3                mp_obj_print_exception
 .text.mp_obj_equal
                0x0000000000010c26       0xfd build/py/obj.o
                0x0000000000010c26                mp_obj_equal
 .text.mp_obj_get_int
                0x0000000000010d23       0x64 build/py/obj.o
                0x0000000000010d23                mp_obj_get_int
 .text.mp_obj_get_int_truncated
                0x0000000000010d87       0x42 build/py/obj.o
                0x0000000000010d87                mp_obj_get_int_truncated
 .text.mp_obj_get_int_maybe
                0x0000000000010dc9       0x69 build/py/obj.o
                0x0000000000010dc9                mp_obj_get_int_maybe
 .text.mp_obj_get_float_maybe
                0x0000000000010e32       0x78 build/py/obj.o
                0x0000000000010e32                mp_obj_get_float_maybe
 .text.mp_obj_get_float
                0x0000000000010eaa       0x76 build/py/obj.o
                0x0000000000010eaa                mp_obj_get_float
 .text.mp_obj_get_complex
                0x0000000000010f20       0xc4 build/py/obj.o
                0x0000000000010f20                mp_obj_get_complex
 .text.mp_obj_get_array
                0x0000000000010fe4       0x74 build/py/obj.o
                0x0000000000010fe4                mp_obj_get_array
 .text.mp_get_index
                0x0000000000011058       0xee build/py/obj.o
                0x0000000000011058                mp_get_index
 .text.mp_obj_len_maybe
                0x0000000000011146       0x4a build/py/obj.o
                0x0000000000011146                mp_obj_len_maybe
 .text.mp_obj_is_true
                0x0000000000011190       0x7c build/py/obj.o
                0x0000000000011190                mp_obj_is_true
 .text.mp_obj_subscr
                0x000000000001120c       0x9c build/py/obj.o
                0x000000000001120c                mp_obj_subscr
 .text.mp_identity_getiter
                0x00000000000112a8        0x8 build/py/obj.o
                0x00000000000112a8                mp_identity_getiter
 .text.mp_get_buffer
                0x00000000000112b0       0x2f build/py/obj.o
                0x00000000000112b0                mp_get_buffer
 .text.mp_get_buffer_raise
                0x00000000000112df       0x3b build/py/obj.o
                0x00000000000112df                mp_get_buffer_raise
 .text.mp_generic_unary_op
                0x000000000001131a       0x19 build/py/obj.o
                0x000000000001131a                mp_generic_unary_op
 .text.bool_binary_op
                0x0000000000011333       0x2f build/py/objbool.o
 .text.bool_unary_op
                0x0000000000011362       0x37 build/py/objbool.o
 .text.bool_print
                0x0000000000011399       0x3d build/py/objbool.o
 .text.bool_make_new
                0x00000000000113d6       0x4f build/py/objbool.o
 .text.mp_call_method_self_n_kw
                0x0000000000011425       0xc5 build/py/objboundmeth.o
                0x0000000000011425                mp_call_method_self_n_kw
 .text.complex_print
                0x00000000000114ea      0x100 build/py/objcomplex.o
 .text.complex_attr
                0x00000000000115ea       0x51 build/py/objcomplex.o
 .text.mp_obj_new_complex
                0x000000000001163b       0x3e build/py/objcomplex.o
                0x000000000001163b                mp_obj_new_complex
 .text.complex_unary_op
                0x0000000000011679       0xe7 build/py/objcomplex.o
 .text.mp_obj_complex_get
                0x0000000000011760       0x55 build/py/objcomplex.o
                0x0000000000011760                mp_obj_complex_get
 .text.complex_make_new
                0x00000000000117b5      0x15c build/py/objcomplex.o
 .text.mp_obj_complex_binary_op
                0x0000000000011911      0x29b build/py/objcomplex.o
                0x0000000000011911                mp_obj_complex_binary_op
 .text.complex_binary_op
                0x0000000000011bac       0x22 build/py/objcomplex.o
 .text.dict_view_getiter
                0x0000000000011bce       0x31 build/py/objdict.o
 .text.dict_getiter
                0x0000000000011bff       0x2f build/py/objdict.o
 .text.dict_values
                0x0000000000011c2e       0x33 build/py/objdict.o
 .text.mp_ensure_not_fixed
                0x0000000000011c61       0x25 build/py/objdict.o
 .text.dict_clear
                0x0000000000011c86       0x32 build/py/objdict.o
 .text.dict_unary_op
                0x0000000000011cb8       0x47 build/py/objdict.o
 .text.dict_get_helper
                0x0000000000011cff       0x94 build/py/objdict.o
 .text.dict_setdefault
                0x0000000000011d93       0x14 build/py/objdict.o
 .text.dict_pop
                0x0000000000011da7       0x14 build/py/objdict.o
 .text.dict_get
                0x0000000000011dbb       0x11 build/py/objdict.o
 .text.dict_iter_next
                0x0000000000011dcc       0x3d build/py/objdict.o
 .text.dict_view_it_iternext
                0x0000000000011e09       0x80 build/py/objdict.o
 .text.dict_view_print
                0x0000000000011e89       0xd3 build/py/objdict.o
 .text.dict_print
                0x0000000000011f5c       0xc8 build/py/objdict.o
 .text.dict_update
                0x0000000000012024      0x191 build/py/objdict.o
 .text.dict_popitem
                0x00000000000121b5       0x92 build/py/objdict.o
 .text.dict_binary_op
                0x0000000000012247       0xdd build/py/objdict.o
 .text.dict_view_binary_op
                0x0000000000012324       0x2b build/py/objdict.o
 .text.dict_items
                0x000000000001234f       0x33 build/py/objdict.o
 .text.dict_keys
                0x0000000000012382       0x33 build/py/objdict.o
 .text.mp_obj_dict_get
                0x00000000000123b5       0x4a build/py/objdict.o
                0x00000000000123b5                mp_obj_dict_get
 .text.mp_obj_dict_init
                0x00000000000123ff       0x32 build/py/objdict.o
                0x00000000000123ff                mp_obj_dict_init
 .text.mp_obj_new_dict
                0x0000000000012431       0x2f build/py/objdict.o
                0x0000000000012431                mp_obj_new_dict
 .text.dict_fromkeys
                0x0000000000012460       0x90 build/py/objdict.o
 .text.dict_copy
                0x00000000000124f0       0x67 build/py/objdict.o
 .text.dict_make_new
                0x0000000000012557       0x8f build/py/objdict.o
 .text.mp_obj_dict_store
                0x00000000000125e6       0x38 build/py/objdict.o
                0x00000000000125e6                mp_obj_dict_store
 .text.mp_obj_dict_delete
                0x000000000001261e       0x49 build/py/objdict.o
                0x000000000001261e                mp_obj_dict_delete
 .text.dict_subscr
                0x0000000000012667       0x75 build/py/objdict.o
 .text.mp_obj_exception_print
                0x00000000000126dc       0xb5 build/py/objexcept.o
                0x00000000000126dc                mp_obj_exception_print
 .text.mp_obj_exception_make_new
                0x0000000000012791       0x9d build/py/objexcept.o
                0x0000000000012791                mp_obj_exception_make_new
 .text.exc_add_strn
                0x000000000001282e       0x83 build/py/objexcept.o
 .text.mp_obj_exception_get_value
                0x00000000000128b1       0x27 build/py/objexcept.o
                0x00000000000128b1                mp_obj_exception_get_value
 .text.mp_obj_exception_attr
                0x00000000000128d8       0x65 build/py/objexcept.o
                0x00000000000128d8                mp_obj_exception_attr
 .text.mp_obj_new_exception_args
                0x000000000001293d       0x50 build/py/objexcept.o
                0x000000000001293d                mp_obj_new_exception_args
 .text.mp_obj_new_exception
                0x000000000001298d       0x14 build/py/objexcept.o
                0x000000000001298d                mp_obj_new_exception
 .text.mp_obj_new_exception_arg1
                0x00000000000129a1       0x16 build/py/objexcept.o
                0x00000000000129a1                mp_obj_new_exception_arg1
 .text.mp_obj_new_exception_msg
                0x00000000000129b7       0xdf build/py/objexcept.o
                0x00000000000129b7                mp_obj_new_exception_msg
 .text.mp_obj_new_exception_msg_varg
                0x0000000000012a96      0x162 build/py/objexcept.o
                0x0000000000012a96                mp_obj_new_exception_msg_varg
 .text.mp_obj_is_exception_type
                0x0000000000012bf8       0x46 build/py/objexcept.o
                0x0000000000012bf8                mp_obj_is_exception_type
 .text.mp_obj_is_exception_instance
                0x0000000000012c3e       0x29 build/py/objexcept.o
                0x0000000000012c3e                mp_obj_is_exception_instance
 .text.mp_obj_exception_match
                0x0000000000012c67       0x43 build/py/objexcept.o
                0x0000000000012c67                mp_obj_exception_match
 .text.mp_obj_exception_add_traceback
                0x0000000000012caa       0xda build/py/objexcept.o
                0x0000000000012caa                mp_obj_exception_add_traceback
 .text.mp_obj_exception_get_traceback
                0x0000000000012d84       0x8b build/py/objexcept.o
                0x0000000000012d84                mp_obj_exception_get_traceback
 .text.mp_obj_float_divmod
                0x0000000000012e0f       0xe8 build/py/objfloat.o
 .text.mp_obj_new_float
                0x0000000000012ef7       0x32 build/py/objfloat.o
                0x0000000000012ef7                mp_obj_new_float
 .text.float_make_new
                0x0000000000012f29       0xaa build/py/objfloat.o
 .text.mp_obj_float_get
                0x0000000000012fd3       0x48 build/py/objfloat.o
                0x0000000000012fd3                mp_obj_float_get
 .text.float_unary_op
                0x000000000001301b       0xa4 build/py/objfloat.o
 .text.float_print
                0x00000000000130bf       0xab build/py/objfloat.o
 .text.mp_obj_float_binary_op
                0x000000000001316a      0x2ba build/py/objfloat.o
                0x000000000001316a                mp_obj_float_binary_op
 .text.float_binary_op
                0x0000000000013424       0x65 build/py/objfloat.o
 .text.fun_builtin_0_call
                0x0000000000013489       0x5f build/py/objfun.o
 .text.fun_builtin_1_call
                0x00000000000134e8       0x6f build/py/objfun.o
 .text.fun_builtin_2_call
                0x0000000000013557       0x75 build/py/objfun.o
 .text.fun_builtin_3_call
                0x00000000000135cc       0x7b build/py/objfun.o
 .text.fun_builtin_var_call
                0x0000000000013647       0xb2 build/py/objfun.o
 .text.it_iternext
                0x00000000000136f9       0x99 build/py/objgetitemiter.o
 .text.mp_obj_new_getitem_iter
                0x0000000000013792       0x30 build/py/objgetitemiter.o
                0x0000000000013792                mp_obj_new_getitem_iter
 .text.int_to_bytes
                0x00000000000137c2       0xdb build/py/objint.o
 .text.int_from_bytes
                0x000000000001389d       0xba build/py/objint.o
 .text.mp_obj_new_int_from_float
                0x0000000000013957       0xcc build/py/objint.o
                0x0000000000013957                mp_obj_new_int_from_float
 .text.mp_obj_int_make_new
                0x0000000000013a23       0xf0 build/py/objint.o
 .text.mp_int_format_size
                0x0000000000013b13       0x8b build/py/objint.o
                0x0000000000013b13                mp_int_format_size
 .text.mp_obj_int_formatted
                0x0000000000013b9e      0x18e build/py/objint.o
                0x0000000000013b9e                mp_obj_int_formatted
 .text.mp_obj_int_print
                0x0000000000013d2c       0x84 build/py/objint.o
                0x0000000000013d2c                mp_obj_int_print
 .text.mp_obj_int_binary_op_extra_cases
                0x0000000000013db0       0x80 build/py/objint.o
                0x0000000000013db0                mp_obj_int_binary_op_extra_cases
 .text.mp_obj_int_new_mpz
                0x0000000000013e30       0x37 build/py/objint_mpz.o
                0x0000000000013e30                mp_obj_int_new_mpz
 .text.mp_obj_int_formatted_impl
                0x0000000000013e67       0xbe build/py/objint_mpz.o
                0x0000000000013e67                mp_obj_int_formatted_impl
 .text.mp_obj_int_from_bytes_impl
                0x0000000000013f25       0x3d build/py/objint_mpz.o
                0x0000000000013f25                mp_obj_int_from_bytes_impl
 .text.mp_obj_int_to_bytes_impl
                0x0000000000013f62       0x70 build/py/objint_mpz.o
                0x0000000000013f62                mp_obj_int_to_bytes_impl
 .text.mp_obj_int_sign
                0x0000000000013fd2       0x32 build/py/objint_mpz.o
                0x0000000000013fd2                mp_obj_int_sign
 .text.mp_obj_int_unary_op
                0x0000000000014004       0xb6 build/py/objint_mpz.o
                0x0000000000014004                mp_obj_int_unary_op
 .text.mp_obj_new_int_from_ll
                0x00000000000140ba       0x3a build/py/objint_mpz.o
                0x00000000000140ba                mp_obj_new_int_from_ll
 .text.mp_obj_new_int
                0x00000000000140f4       0x28 build/py/objint_mpz.o
                0x00000000000140f4                mp_obj_new_int
 .text.mp_obj_new_int_from_ull
                0x000000000001411c       0x3a build/py/objint_mpz.o
                0x000000000001411c                mp_obj_new_int_from_ull
 .text.mp_obj_new_int_from_uint
                0x0000000000014156       0x27 build/py/objint_mpz.o
                0x0000000000014156                mp_obj_new_int_from_uint
 .text.mp_obj_new_int_from_str_len
                0x000000000001417d       0x4d build/py/objint_mpz.o
                0x000000000001417d                mp_obj_new_int_from_str_len
 .text.mp_obj_int_get_truncated
                0x00000000000141ca       0x2f build/py/objint_mpz.o
                0x00000000000141ca                mp_obj_int_get_truncated
 .text.mp_obj_int_get_checked
                0x00000000000141f9       0x6e build/py/objint_mpz.o
                0x00000000000141f9                mp_obj_int_get_checked
 .text.mp_obj_int_binary_op
                0x0000000000014267      0x3ad build/py/objint_mpz.o
                0x0000000000014267                mp_obj_int_binary_op
 .text.mp_obj_int_as_float_impl
                0x0000000000014614       0x51 build/py/objint_mpz.o
                0x0000000000014614                mp_obj_int_as_float_impl
 .text.list_unary_op
                0x0000000000014665       0x41 build/py/objlist.o
 .text.list_getiter
                0x00000000000146a6       0x31 build/py/objlist.o
 .text.list_reverse
                0x00000000000146d7       0x66 build/py/objlist.o
 .text.list_it_iternext
                0x000000000001473d       0x24 build/py/objlist.o
 .text.mp_obj_list_append
                0x0000000000014761       0x71 build/py/objlist.o
                0x0000000000014761                mp_obj_list_append
 .text.list_insert
                0x00000000000147d2       0x77 build/py/objlist.o
 .text.list_clear
                0x0000000000014849       0x4d build/py/objlist.o
 .text.mp_quicksort
                0x0000000000014896      0x153 build/py/objlist.o
 .text.mp_obj_list_sort
                0x00000000000149e9       0x9c build/py/objlist.o
                0x00000000000149e9                mp_obj_list_sort
 .text.list_index
                0x0000000000014a85       0x29 build/py/objlist.o
 .text.list_pop
                0x0000000000014aae       0xbf build/py/objlist.o
 .text.mp_obj_list_remove
                0x0000000000014b6d       0x60 build/py/objlist.o
                0x0000000000014b6d                mp_obj_list_remove
 .text.list_extend_from_iter
                0x0000000000014bcd       0x49 build/py/objlist.o
 .text.list_count
                0x0000000000014c16       0x28 build/py/objlist.o
 .text.list_print
                0x0000000000014c3e       0x79 build/py/objlist.o
 .text.list_extend
                0x0000000000014cb7       0xb5 build/py/objlist.o
 .text.mp_obj_list_init
                0x0000000000014d6c       0x5b build/py/objlist.o
                0x0000000000014d6c                mp_obj_list_init
 .text.list_new
                0x0000000000014dc7       0x32 build/py/objlist.o
 .text.list_binary_op
                0x0000000000014df9      0x18f build/py/objlist.o
 .text.list_make_new
                0x0000000000014f88       0x4d build/py/objlist.o
 .text.mp_obj_new_list
                0x0000000000014fd5       0x2b build/py/objlist.o
                0x0000000000014fd5                mp_obj_new_list
 .text.list_copy
                0x0000000000015000       0x16 build/py/objlist.o
 .text.mp_obj_list_get
                0x0000000000015016       0x18 build/py/objlist.o
                0x0000000000015016                mp_obj_list_get
 .text.mp_obj_list_store
                0x000000000001502e       0x35 build/py/objlist.o
                0x000000000001502e                mp_obj_list_store
 .text.list_subscr
                0x0000000000015063      0x2e8 build/py/objlist.o
 .text.object___init__
                0x000000000001534b       0x15 build/py/objobject.o
 .text.object___new__
                0x0000000000015360       0x6b build/py/objobject.o
 .text.object_make_new
                0x00000000000153cb       0x35 build/py/objobject.o
 .text.polymorph_it_iternext
                0x0000000000015400        0xc build/py/objpolyiter.o
 .text.property_deleter
                0x000000000001540c       0x35 build/py/objproperty.o
 .text.property_setter
                0x0000000000015441       0x35 build/py/objproperty.o
 .text.property_getter
                0x0000000000015476       0x35 build/py/objproperty.o
 .text.property_make_new
                0x00000000000154ab       0x72 build/py/objproperty.o
 .text.mp_obj_property_get
                0x000000000001551d        0xb build/py/objproperty.o
                0x000000000001551d                mp_obj_property_get
 .text.none_print
                0x0000000000015528       0x29 build/py/objnone.o
 .text.singleton_print
                0x0000000000015551       0x2f build/py/objsingleton.o
 .text.slice_print
                0x0000000000015580       0x89 build/py/objslice.o
 .text.mp_obj_slice_get
                0x0000000000015609       0x5a build/py/objslice.o
                0x0000000000015609                mp_obj_slice_get
 .text.arg_looks_integer
                0x0000000000015663       0x47 build/py/objstr.o
 .text.arg_looks_numeric
                0x00000000000156aa       0x3e build/py/objstr.o
 .text.mp_obj_new_bytes_iterator
                0x00000000000156e8       0x31 build/py/objstr.o
 .text.bytes_it_iternext
                0x0000000000015719       0x7f build/py/objstr.o
 .text.str_count
                0x0000000000015798      0x184 build/py/objstr.o
 .text.str_uni_istype
                0x000000000001591c      0x100 build/py/objstr.o
 .text.str_isspace
                0x0000000000015a1c       0x1c build/py/objstr.o
 .text.str_isalpha
                0x0000000000015a38       0x1c build/py/objstr.o
 .text.str_isdigit
                0x0000000000015a54       0x1c build/py/objstr.o
 .text.str_isupper
                0x0000000000015a70       0x1c build/py/objstr.o
 .text.str_islower
                0x0000000000015a8c       0x1c build/py/objstr.o
 .text.str_to_int